Archive member included to satisfy reference by file (symbol)

C:/Program Files/STM32CubeIDE_2.1.1/STM32CubeIDE/plugins/com.st.stm32cube.ide.mcu.externaltools.gnu-tools-for-stm32.14.3.rel1.win32_1.0.100.202602081740/tools/bin/../lib/gcc/arm-none-eabi/14.3.1/../../../../arm-none-eabi/lib/thumb/v8-m.main+fp/hard\libc_nano.a(libc_a-exit.o)
                              C:/Program Files/STM32CubeIDE_2.1.1/STM32CubeIDE/plugins/com.st.stm32cube.ide.mcu.externaltools.gnu-tools-for-stm32.14.3.rel1.win32_1.0.100.202602081740/tools/bin/../lib/gcc/arm-none-eabi/14.3.1/../../../../arm-none-eabi/lib/thumb/v8-m.main+fp/hard/crt0.o (exit)
C:/Program Files/STM32CubeIDE_2.1.1/STM32CubeIDE/plugins/com.st.stm32cube.ide.mcu.externaltools.gnu-tools-for-stm32.14.3.rel1.win32_1.0.100.202602081740/tools/bin/../lib/gcc/arm-none-eabi/14.3.1/../../../../arm-none-eabi/lib/thumb/v8-m.main+fp/hard\libc_nano.a(libc_a-findfp.o)
                              C:/Program Files/STM32CubeIDE_2.1.1/STM32CubeIDE/plugins/com.st.stm32cube.ide.mcu.externaltools.gnu-tools-for-stm32.14.3.rel1.win32_1.0.100.202602081740/tools/bin/../lib/gcc/arm-none-eabi/14.3.1/../../../../arm-none-eabi/lib/thumb/v8-m.main+fp/hard\libc_nano.a(libc_a-exit.o) (__stdio_exit_handler)
C:/Program Files/STM32CubeIDE_2.1.1/STM32CubeIDE/plugins/com.st.stm32cube.ide.mcu.externaltools.gnu-tools-for-stm32.14.3.rel1.win32_1.0.100.202602081740/tools/bin/../lib/gcc/arm-none-eabi/14.3.1/../../../../arm-none-eabi/lib/thumb/v8-m.main+fp/hard\libc_nano.a(libc_a-fwalk.o)
                              C:/Program Files/STM32CubeIDE_2.1.1/STM32CubeIDE/plugins/com.st.stm32cube.ide.mcu.externaltools.gnu-tools-for-stm32.14.3.rel1.win32_1.0.100.202602081740/tools/bin/../lib/gcc/arm-none-eabi/14.3.1/../../../../arm-none-eabi/lib/thumb/v8-m.main+fp/hard\libc_nano.a(libc_a-findfp.o) (_fwalk_sglue)
C:/Program Files/STM32CubeIDE_2.1.1/STM32CubeIDE/plugins/com.st.stm32cube.ide.mcu.externaltools.gnu-tools-for-stm32.14.3.rel1.win32_1.0.100.202602081740/tools/bin/../lib/gcc/arm-none-eabi/14.3.1/../../../../arm-none-eabi/lib/thumb/v8-m.main+fp/hard\libc_nano.a(libc_a-printf.o)
                              ./Core/Src/app/app.o (printf)
C:/Program Files/STM32CubeIDE_2.1.1/STM32CubeIDE/plugins/com.st.stm32cube.ide.mcu.externaltools.gnu-tools-for-stm32.14.3.rel1.win32_1.0.100.202602081740/tools/bin/../lib/gcc/arm-none-eabi/14.3.1/../../../../arm-none-eabi/lib/thumb/v8-m.main+fp/hard\libc_nano.a(libc_a-putchar.o)
                              ./Core/Src/sensors/gnss.o (putchar)
C:/Program Files/STM32CubeIDE_2.1.1/STM32CubeIDE/plugins/com.st.stm32cube.ide.mcu.externaltools.gnu-tools-for-stm32.14.3.rel1.win32_1.0.100.202602081740/tools/bin/../lib/gcc/arm-none-eabi/14.3.1/../../../../arm-none-eabi/lib/thumb/v8-m.main+fp/hard\libc_nano.a(libc_a-puts.o)
                              ./Core/Src/app/app.o (puts)
C:/Program Files/STM32CubeIDE_2.1.1/STM32CubeIDE/plugins/com.st.stm32cube.ide.mcu.externaltools.gnu-tools-for-stm32.14.3.rel1.win32_1.0.100.202602081740/tools/bin/../lib/gcc/arm-none-eabi/14.3.1/../../../../arm-none-eabi/lib/thumb/v8-m.main+fp/hard\libc_nano.a(libc_a-snprintf.o)
                              ./Core/Src/storage/storage_logger.o (snprintf)
C:/Program Files/STM32CubeIDE_2.1.1/STM32CubeIDE/plugins/com.st.stm32cube.ide.mcu.externaltools.gnu-tools-for-stm32.14.3.rel1.win32_1.0.100.202602081740/tools/bin/../lib/gcc/arm-none-eabi/14.3.1/../../../../arm-none-eabi/lib/thumb/v8-m.main+fp/hard\libc_nano.a(libc_a-stdio.o)
                              C:/Program Files/STM32CubeIDE_2.1.1/STM32CubeIDE/plugins/com.st.stm32cube.ide.mcu.externaltools.gnu-tools-for-stm32.14.3.rel1.win32_1.0.100.202602081740/tools/bin/../lib/gcc/arm-none-eabi/14.3.1/../../../../arm-none-eabi/lib/thumb/v8-m.main+fp/hard\libc_nano.a(libc_a-findfp.o) (__sread)
C:/Program Files/STM32CubeIDE_2.1.1/STM32CubeIDE/plugins/com.st.stm32cube.ide.mcu.externaltools.gnu-tools-for-stm32.14.3.rel1.win32_1.0.100.202602081740/tools/bin/../lib/gcc/arm-none-eabi/14.3.1/../../../../arm-none-eabi/lib/thumb/v8-m.main+fp/hard\libc_nano.a(libc_a-wbuf.o)
                              C:/Program Files/STM32CubeIDE_2.1.1/STM32CubeIDE/plugins/com.st.stm32cube.ide.mcu.externaltools.gnu-tools-for-stm32.14.3.rel1.win32_1.0.100.202602081740/tools/bin/../lib/gcc/arm-none-eabi/14.3.1/../../../../arm-none-eabi/lib/thumb/v8-m.main+fp/hard\libc_nano.a(libc_a-puts.o) (__swbuf_r)
C:/Program Files/STM32CubeIDE_2.1.1/STM32CubeIDE/plugins/com.st.stm32cube.ide.mcu.externaltools.gnu-tools-for-stm32.14.3.rel1.win32_1.0.100.202602081740/tools/bin/../lib/gcc/arm-none-eabi/14.3.1/../../../../arm-none-eabi/lib/thumb/v8-m.main+fp/hard\libc_nano.a(libc_a-wsetup.o)
                              C:/Program Files/STM32CubeIDE_2.1.1/STM32CubeIDE/plugins/com.st.stm32cube.ide.mcu.externaltools.gnu-tools-for-stm32.14.3.rel1.win32_1.0.100.202602081740/tools/bin/../lib/gcc/arm-none-eabi/14.3.1/../../../../arm-none-eabi/lib/thumb/v8-m.main+fp/hard\libc_nano.a(libc_a-puts.o) (__swsetup_r)
[...]
Memory Configuration

Name             Origin             Length             Attributes
RAM              0x20000000         0x000a0000         xrw
FLASH            0x08000000         0x00200000         xr
*default*        0x00000000         0xffffffff

Linker script and memory map

LOAD C:/Program Files/STM32CubeIDE_2.1.1/STM32CubeIDE/plugins/com.st.stm32cube.ide.mcu.externaltools.gnu-tools-for-stm32.14.3.rel1.win32_1.0.100.202602081740/tools/bin/../lib/gcc/arm-none-eabi/14.3.1/thumb/v8-m.main+fp/hard/crti.o
LOAD C:/Program Files/STM32CubeIDE_2.1.1/STM32CubeIDE/plugins/com.st.stm32cube.ide.mcu.externaltools.gnu-tools-for-stm32.14.3.rel1.win32_1.0.100.202602081740/tools/bin/../lib/gcc/arm-none-eabi/14.3.1/thumb/v8-m.main+fp/hard/crtbegin.o
LOAD C:/Program Files/STM32CubeIDE_2.1.1/STM32CubeIDE/plugins/com.st.stm32cube.ide.mcu.externaltools.gnu-tools-for-stm32.14.3.rel1.win32_1.0.100.202602081740/tools/bin/../lib/gcc/arm-none-eabi/14.3.1/../../../../arm-none-eabi/lib/thumb/v8-m.main+fp/hard/crt0.o
LOAD ./Core/Src/app/app.o
LOAD ./Core/Src/board/board.o
LOAD ./Core/Src/comms/ble_bluenrg.o
LOAD ./Core/Src/main.o
LOAD ./Core/Src/stm32h5xx_hal_msp.o
LOAD ./Core/Src/stm32h5xx_it.o
LOAD ./Core/Src/syscalls.o
LOAD ./Core/Src/sysmem.o
LOAD ./Core/Src/system_stm32h5xx.o
LOAD ./Core/Src/sensors/acc_adxl373.o
LOAD ./Core/Src/sensors/brake_pressure.o
LOAD ./Core/Src/sensors/gnss.o
LOAD ./Core/Src/sensors/imu_lsm6dso.o
LOAD ./Core/Src/storage/ff.o
LOAD ./Core/Src/storage/storage_logger.o
LOAD ./Core/Startup/startup_stm32h563zitx.o
LOAD ./Drivers/BSP/STM32H5xx_Nucleo/stm32h5xx_nucleo.o
LOAD ./Drivers/STM32H5xx_HAL_Driver/Src/stm32h5xx_hal.o
LOAD ./Drivers/STM32H5xx_HAL_Driver/Src/stm32h5xx_hal_adc.o
LOAD ./Drivers/STM32H5xx_HAL_Driver/Src/stm32h5xx_hal_adc_ex.o
LOAD ./Drivers/STM32H5xx_HAL_Driver/Src/stm32h5xx_hal_cortex.o
LOAD ./Drivers/STM32H5xx_HAL_Driver/Src/stm32h5xx_hal_dma.o
LOAD ./Drivers/STM32H5xx_HAL_Driver/Src/stm32h5xx_hal_dma_ex.o
LOAD ./Drivers/STM32H5xx_HAL_Driver/Src/stm32h5xx_hal_exti.o
LOAD ./Drivers/STM32H5xx_HAL_Driver/Src/stm32h5xx_hal_flash.o
LOAD ./Drivers/STM32H5xx_HAL_Driver/Src/stm32h5xx_hal_flash_ex.o
LOAD ./Drivers/STM32H5xx_HAL_Driver/Src/stm32h5xx_hal_gpio.o
LOAD ./Drivers/STM32H5xx_HAL_Driver/Src/stm32h5xx_hal_pwr.o
LOAD ./Drivers/STM32H5xx_HAL_Driver/Src/stm32h5xx_hal_pwr_ex.o
LOAD ./Drivers/STM32H5xx_HAL_Driver/Src/stm32h5xx_hal_rcc.o
LOAD ./Drivers/STM32H5xx_HAL_Driver/Src/stm32h5xx_hal_rcc_ex.o
LOAD ./Drivers/STM32H5xx_HAL_Driver/Src/stm32h5xx_hal_spi.o
LOAD ./Drivers/STM32H5xx_HAL_Driver/Src/stm32h5xx_hal_spi_ex.o
LOAD ./Drivers/STM32H5xx_HAL_Driver/Src/stm32h5xx_hal_tim.o
LOAD ./Drivers/STM32H5xx_HAL_Driver/Src/stm32h5xx_hal_tim_ex.o
LOAD ./Drivers/STM32H5xx_HAL_Driver/Src/stm32h5xx_hal_uart.o
LOAD ./Drivers/STM32H5xx_HAL_Driver/Src/stm32h5xx_hal_uart_ex.o
LOAD ./Drivers/STM32H5xx_HAL_Driver/Src/stm32h5xx_hal_usart.o
LOAD ./Drivers/STM32H5xx_HAL_Driver/Src/stm32h5xx_hal_usart_ex.o
START GROUP
LOAD C:/Program Files/STM32CubeIDE_2.1.1/STM32CubeIDE/plugins/com.st.stm32cube.ide.mcu.externaltools.gnu-tools-for-stm32.14.3.rel1.win32_1.0.100.202602081740/tools/bin/../lib/gcc/arm-none-eabi/14.3.1/../../../../arm-none-eabi/lib/thumb/v8-m.main+fp/hard\libc_nano.a
LOAD C:/Program Files/STM32CubeIDE_2.1.1/STM32CubeIDE/plugins/com.st.stm32cube.ide.mcu.externaltools.gnu-tools-for-stm32.14.3.rel1.win32_1.0.100.202602081740/tools/bin/../lib/gcc/arm-none-eabi/14.3.1/../../../../arm-none-eabi/lib/thumb/v8-m.main+fp/hard\libm.a
END GROUP
START GROUP
LOAD C:/Program Files/STM32CubeIDE_2.1.1/STM32CubeIDE/plugins/com.st.stm32cube.ide.mcu.externaltools.gnu-tools-for-stm32.14.3.rel1.win32_1.0.100.202602081740/tools/bin/../lib/gcc/arm-none-eabi/14.3.1/thumb/v8-m.main+fp/hard\libgcc.a
LOAD C:/Program Files/STM32CubeIDE_2.1.1/STM32CubeIDE/plugins/com.st.stm32cube.ide.mcu.externaltools.gnu-tools-for-stm32.14.3.rel1.win32_1.0.100.202602081740/tools/bin/../lib/gcc/arm-none-eabi/14.3.1/../../../../arm-none-eabi/lib/thumb/v8-m.main+fp/hard\libc_nano.a
END GROUP
START GROUP
LOAD C:/Program Files/STM32CubeIDE_2.1.1/STM32CubeIDE/plugins/com.st.stm32cube.ide.mcu.externaltools.gnu-tools-for-stm32.14.3.rel1.win32_1.0.100.202602081740/tools/bin/../lib/gcc/arm-none-eabi/14.3.1/thumb/v8-m.main+fp/hard\libgcc.a
LOAD C:/Program Files/STM32CubeIDE_2.1.1/STM32CubeIDE/plugins/com.st.stm32cube.ide.mcu.externaltools.gnu-tools-for-stm32.14.3.rel1.win32_1.0.100.202602081740/tools/bin/../lib/gcc/arm-none-eabi/14.3.1/../../../../arm-none-eabi/lib/thumb/v8-m.main+fp/hard\libc_nano.a
LOAD C:/Program Files/STM32CubeIDE_2.1.1/STM32CubeIDE/plugins/com.st.stm32cube.ide.mcu.externaltools.gnu-tools-for-stm32.14.3.rel1.win32_1.0.100.202602081740/tools/bin/../lib/gcc/arm-none-eabi/14.3.1/../../../../arm-none-eabi/lib/thumb/v8-m.main+fp/hard\libnosys.a
END GROUP
START GROUP
LOAD C:/Program Files/STM32CubeIDE_2.1.1/STM32CubeIDE/plugins/com.st.stm32cube.ide.mcu.externaltools.gnu-tools-for-stm32.14.3.rel1.win32_1.0.100.202602081740/tools/bin/../lib/gcc/arm-none-eabi/14.3.1/thumb/v8-m.main+fp/hard\libgcc.a
LOAD C:/Program Files/STM32CubeIDE_2.1.1/STM32CubeIDE/plugins/com.st.stm32cube.ide.mcu.externaltools.gnu-tools-for-stm32.14.3.rel1.win32_1.0.100.202602081740/tools/bin/../lib/gcc/arm-none-eabi/14.3.1/../../../../arm-none-eabi/lib/thumb/v8-m.main+fp/hard\libc_nano.a
LOAD C:/Program Files/STM32CubeIDE_2.1.1/STM32CubeIDE/plugins/com.st.stm32cube.ide.mcu.externaltools.gnu-tools-for-stm32.14.3.rel1.win32_1.0.100.202602081740/tools/bin/../lib/gcc/arm-none-eabi/14.3.1/../../../../arm-none-eabi/lib/thumb/v8-m.main+fp/hard\libnosys.a
END GROUP
LOAD C:/Program Files/STM32CubeIDE_2.1.1/STM32CubeIDE/plugins/com.st.stm32cube.ide.mcu.externaltools.gnu-tools-for-stm32.14.3.rel1.win32_1.0.100.202602081740/tools/bin/../lib/gcc/arm-none-eabi/14.3.1/thumb/v8-m.main+fp/hard/crtend.o
LOAD C:/Program Files/STM32CubeIDE_2.1.1/STM32CubeIDE/plugins/com.st.stm32cube.ide.mcu.externaltools.gnu-tools-for-stm32.14.3.rel1.win32_1.0.100.202602081740/tools/bin/../lib/gcc/arm-none-eabi/14.3.1/thumb/v8-m.main+fp/hard/crtn.o
                0x200a0000                        _estack = (ORIGIN (RAM) + LENGTH (RAM))
                0x00000200                        _Min_Heap_Size = 0x200
                0x00000400                        _Min_Stack_Size = 0x400

.isr_vector     0x08000000      0x24c
                0x08000000                        . = ALIGN (0x4)
 *(.isr_vector)
 .isr_vector    0x08000000      0x24c ./Core/Startup/startup_stm32h563zitx.o
                0x08000000                g_pfnVectors
                0x0800024c                        . = ALIGN (0x4)

.text           0x08000250    0x1274c
                0x08000250                        . = ALIGN (0x4)
 *(.text)
 .text          0x08000250       0x40 C:/Program Files/STM32CubeIDE_2.1.1/STM32CubeIDE/plugins/com.st.stm32cube.ide.mcu.externaltools.gnu-tools-for-stm32.14.3.rel1.win32_1.0.100.202602081740/tools/bin/../lib/gcc/arm-none-eabi/14.3.1/thumb/v8-m.main+fp/hard/crtbegin.o
 .text          0x08000290      0x378 C:/Program Files/STM32CubeIDE_2.1.1/STM32CubeIDE/plugins/com.st.stm32cube.ide.mcu.externaltools.gnu-tools-for-stm32.14.3.rel1.win32_1.0.100.202602081740/tools/bin/../lib/gcc/arm-none-eabi/14.3.1/thumb/v8-m.main+fp/hard\libgcc.a(_arm_addsubdf3.o)
                0x08000290                __aeabi_drsub
                0x08000298                __aeabi_dsub
                0x08000298                __subdf3
                0x0800029c                __aeabi_dadd
                0x0800029c                __adddf3
                0x08000514                __floatunsidf
                0x08000514                __aeabi_ui2d
                0x08000534                __floatsidf
                0x08000534                __aeabi_i2d
                0x08000558                __aeabi_f2d
                0x08000558                __extendsfdf2
                0x0800059c                __floatundidf
                0x0800059c                __aeabi_ul2d
                0x080005ac                __floatdidf
                0x080005ac                __aeabi_l2d
 .text          0x08000608      0x424 C:/Program Files/STM32CubeIDE_2.1.1/STM32CubeIDE/plugins/com.st.stm32cube.ide.mcu.externaltools.gnu-tools-for-stm32.14.3.rel1.win32_1.0.100.202602081740/tools/bin/../lib/gcc/arm-none-eabi/14.3.1/thumb/v8-m.main+fp/hard\libgcc.a(_arm_muldivdf3.o)
                0x08000608                __aeabi_dmul
                0x08000608                __muldf3
                0x0800085c                __divdf3
                0x0800085c                __aeabi_ddiv
 .text          0x08000a2c       0x50 C:/Program Files/STM32CubeIDE_2.1.1/STM32CubeIDE/plugins/com.st.stm32cube.ide.mcu.externaltools.gnu-tools-for-stm32.14.3.rel1.win32_1.0.100.202602081740/tools/bin/../lib/gcc/arm-none-eabi/14.3.1/thumb/v8-m.main+fp/hard\libgcc.a(_arm_fixdfsi.o)
                0x08000a2c                __aeabi_d2iz
                0x08000a2c                __fixdfsi
 .text          0x08000a7c       0x40 C:/Program Files/STM32CubeIDE_2.1.1/STM32CubeIDE/plugins/com.st.stm32cube.ide.mcu.externaltools.gnu-tools-for-stm32.14.3.rel1.win32_1.0.100.202602081740/tools/bin/../lib/gcc/arm-none-eabi/14.3.1/thumb/v8-m.main+fp/hard\libgcc.a(_arm_fixunsdfsi.o)
                0x08000a7c                __aeabi_d2uiz
                0x08000a7c                __fixunsdfsi
 .text          0x08000abc       0x30 C:/Program Files/STM32CubeIDE_2.1.1/STM32CubeIDE/plugins/com.st.stm32cube.ide.mcu.externaltools.gnu-tools-for-stm32.14.3.rel1.win32_1.0.100.202602081740/tools/bin/../lib/gcc/arm-none-eabi/14.3.1/thumb/v8-m.main+fp/hard\libgcc.a(_aeabi_uldivmod.o)
                0x08000abc                __aeabi_uldivmod
 .text          0x08000aec      0x34c C:/Program Files/STM32CubeIDE_2.1.1/STM32CubeIDE/plugins/com.st.stm32cube.ide.mcu.externaltools.gnu-tools-for-stm32.14.3.rel1.win32_1.0.100.202602081740/tools/bin/../lib/gcc/arm-none-eabi/14.3.1/thumb/v8-m.main+fp/hard\libgcc.a(_udivmoddi4.o)
                0x08000aec                __udivmoddi4
 .text          0x08000e38        0x4 C:/Program Files/STM32CubeIDE_2.1.1/STM32CubeIDE/plugins/com.st.stm32cube.ide.mcu.externaltools.gnu-tools-for-stm32.14.3.rel1.win32_1.0.100.202602081740/tools/bin/../lib/gcc/arm-none-eabi/14.3.1/thumb/v8-m.main+fp/hard\libgcc.a(_dvmd_tls.o)
                0x08000e38                __aeabi_idiv0
                0x08000e38                __aeabi_ldiv0
 *(.text*)
 .text.app_watchdog_start
                0x08000e3c       0x74 ./Core/Src/app/app.o
 .text.app_check_user_button
                0x08000eb0       0x98 ./Core/Src/app/app.o
 .text.app_init
                0x08000f48       0x78 ./Core/Src/app/app.o
                0x08000f48                app_init
 .text.app_run  0x08000fc0      0x154 ./Core/Src/app/app.o
                0x08000fc0                app_run
 .text.board_get_interfaces
                0x08001114       0x14 ./Core/Src/board/board.o
                0x08001114                board_get_interfaces
 .text.board_init
                0x08001128       0x10 ./Core/Src/board/board.o
                0x08001128                board_init
 .text.ble_cs   0x08001138       0x24 ./Core/Src/comms/ble_bluenrg.o
 .text.ble_spi_config
                0x0800115c       0x98 ./Core/Src/comms/ble_bluenrg.o
 .text.ble_irq_pending
                0x080011f4       0x2c ./Core/Src/comms/ble_bluenrg.o
 .text.ble_wait_irq
                0x08001220       0x42 ./Core/Src/comms/ble_bluenrg.o
 *fill*         0x08001262        0x2 
 .text.ble_spi_read
                0x08001264      0x108 ./Core/Src/comms/ble_bluenrg.o
 .text.ble_spi_write
                0x0800136c      0x108 ./Core/Src/comms/ble_bluenrg.o
 .text.ble_print_event
                0x08001474       0x54 ./Core/Src/comms/ble_bluenrg.o
 .text.ble_bluenrg_init
                0x080014c8      0x1dc ./Core/Src/comms/ble_bluenrg.o
                0x080014c8                ble_bluenrg_init
 .text.ble_bluenrg_poll
                0x080016a4       0x20 ./Core/Src/comms/ble_bluenrg.o
                0x080016a4                ble_bluenrg_poll
 .text.main     0x080016c4       0xbc ./Core/Src/main.o
                0x080016c4                main
 .text.SystemClock_Config
                0x08001780       0xe0 ./Core/Src/main.o
                0x08001780                SystemClock_Config
 .text.MX_ADC1_Init
                0x08001860       0xe8 ./Core/Src/main.o
 .text.MX_LPUART1_UART_Init
                0x08001948       0x94 ./Core/Src/main.o
 .text.MX_SPI1_Init
                0x080019dc       0xac ./Core/Src/main.o
 .text.MX_SPI3_Init
                0x08001a88       0xac ./Core/Src/main.o
 .text.MX_SPI5_Init
                0x08001b34       0xac ./Core/Src/main.o
 .text.MX_GPIO_Init
                0x08001be0      0x324 ./Core/Src/main.o
 .text.Error_Handler
                0x08001f04        0xc ./Core/Src/main.o
                0x08001f04                Error_Handler
 .text.HAL_MspInit
                0x08001f10        0xe ./Core/Src/stm32h5xx_hal_msp.o
                0x08001f10                HAL_MspInit
 *fill*         0x08001f1e        0x2 
 .text.HAL_ADC_MspInit
                0x08001f20      0x110 ./Core/Src/stm32h5xx_hal_msp.o
                0x08001f20                HAL_ADC_MspInit
 .text.HAL_UART_MspInit
                0x08002030      0x11c ./Core/Src/stm32h5xx_hal_msp.o
                0x08002030                HAL_UART_MspInit
 .text.HAL_SPI_MspInit
                0x0800214c      0x38c ./Core/Src/stm32h5xx_hal_msp.o
                0x0800214c                HAL_SPI_MspInit
 .text.HAL_SPI_MspDeInit
                0x080024d8       0xb4 ./Core/Src/stm32h5xx_hal_msp.o
                0x080024d8                HAL_SPI_MspDeInit
 .text.NMI_Handler
                0x0800258c        0x8 ./Core/Src/stm32h5xx_it.o
                0x0800258c                NMI_Handler
 .text.HardFault_Handler
                0x08002594        0x8 ./Core/Src/stm32h5xx_it.o
                0x08002594                HardFault_Handler
 .text.MemManage_Handler
                0x0800259c        0x8 ./Core/Src/stm32h5xx_it.o
                0x0800259c                MemManage_Handler
 .text.BusFault_Handler
                0x080025a4        0x8 ./Core/Src/stm32h5xx_it.o
                0x080025a4                BusFault_Handler
 .text.UsageFault_Handler
                0x080025ac        0x8 ./Core/Src/stm32h5xx_it.o
                0x080025ac                UsageFault_Handler
 .text.SVC_Handler
                0x080025b4        0xe ./Core/Src/stm32h5xx_it.o
                0x080025b4                SVC_Handler
 .text.DebugMon_Handler
                0x080025c2        0xe ./Core/Src/stm32h5xx_it.o
                0x080025c2                DebugMon_Handler
 .text.PendSV_Handler
                0x080025d0        0xe ./Core/Src/stm32h5xx_it.o
                0x080025d0                PendSV_Handler
 .text.SysTick_Handler
                0x080025de        0xc ./Core/Src/stm32h5xx_it.o
                0x080025de                SysTick_Handler
 .text.EXTI13_IRQHandler
                0x080025ea        0xe ./Core/Src/stm32h5xx_it.o
                0x080025ea                EXTI13_IRQHandler
 .text._read    0x080025f8       0x3a ./Core/Src/syscalls.o
                0x080025f8                _read
 .text._write   0x08002632       0x38 ./Core/Src/syscalls.o
                0x08002632                _write
 .text._close   0x0800266a       0x18 ./Core/Src/syscalls.o
                0x0800266a                _close
 .text._fstat   0x08002682       0x20 ./Core/Src/syscalls.o
                0x08002682                _fstat
 .text._isatty  0x080026a2       0x16 ./Core/Src/syscalls.o
                0x080026a2                _isatty
 .text._lseek   0x080026b8       0x1a ./Core/Src/syscalls.o
                0x080026b8                _lseek
 *fill*         0x080026d2        0x2 
 .text._sbrk    0x080026d4       0x6c ./Core/Src/sysmem.o
                0x080026d4                _sbrk
 .text.SystemInit
                0x08002740       0xf8 ./Core/Src/system_stm32h5xx.o
                0x08002740                SystemInit
 .text.acc_adxl373_cs
                0x08002838       0x24 ./Core/Src/sensors/acc_adxl373.o
 .text.acc_adxl373_read_reg
                0x0800285c       0x68 ./Core/Src/sensors/acc_adxl373.o
 .text.acc_adxl373_write_reg
                0x080028c4       0x54 ./Core/Src/sensors/acc_adxl373.o
 .text.acc_adxl373_init
                0x08002918       0xe4 ./Core/Src/sensors/acc_adxl373.o
                0x08002918                acc_adxl373_init
 .text.acc_adxl373_read
                0x080029fc       0xd0 ./Core/Src/sensors/acc_adxl373.o
                0x080029fc                acc_adxl373_read
 .text.acc_adxl373_read_peaks
                0x08002acc       0xe4 ./Core/Src/sensors/acc_adxl373.o
                0x08002acc                acc_adxl373_read_peaks
 .text.brake_raw_to_bar
                0x08002bb0       0x94 ./Core/Src/sensors/brake_pressure.o
 .text.brake_check_plausibility
                0x08002c44      0x10c ./Core/Src/sensors/brake_pressure.o
 .text.brake_adc_scan
                0x08002d50       0x78 ./Core/Src/sensors/brake_pressure.o
 .text.brake_pressure_init
                0x08002dc8      0x1a8 ./Core/Src/sensors/brake_pressure.o
                0x08002dc8                brake_pressure_init
 .text.brake_pressure_read
                0x08002f70       0xa4 ./Core/Src/sensors/brake_pressure.o
                0x08002f70                brake_pressure_read
 .text.gnss_i2c_hw_init
                0x08003014      0x140 ./Core/Src/sensors/gnss.o
 .text.gnss_i2c_wait_flag
                0x08003154       0x3c ./Core/Src/sensors/gnss.o
 .text.gnss_i2c_probe
                0x08003190       0x54 ./Core/Src/sensors/gnss.o
 .text.gnss_i2c_read_chunk
                0x080031e4       0x88 ./Core/Src/sensors/gnss.o
 .text.gnss_print_first_sentence
                0x0800326c       0x8c ./Core/Src/sensors/gnss.o
 .text.gnss_init
                0x080032f8      0x124 ./Core/Src/sensors/gnss.o
                0x080032f8                gnss_init
 *fill*         0x0800341c        0x4 
 .text.gnss_coord_to_e7
                0x08003420      0x1c4 ./Core/Src/sensors/gnss.o
 *fill*         0x080035e4        0x4 
 .text.gnss_parse_rmc
                0x080035e8      0x3f8 ./Core/Src/sensors/gnss.o
 .text.gnss_feed_char
                0x080039e0       0x90 ./Core/Src/sensors/gnss.o
 .text.gnss_poll
                0x08003a70       0x74 ./Core/Src/sensors/gnss.o
                0x08003a70                gnss_poll
 .text.gnss_read
                0x08003ae4       0x44 ./Core/Src/sensors/gnss.o
                0x08003ae4                gnss_read
 .text.gnss_get_utc_datetime
                0x08003b28       0xb8 ./Core/Src/sensors/gnss.o
                0x08003b28                gnss_get_utc_datetime
 .text.imu_lsm6dso_cs
                0x08003be0       0x26 ./Core/Src/sensors/imu_lsm6dso.o
 .text.imu_lsm6dso_read_reg
                0x08003c06       0x64 ./Core/Src/sensors/imu_lsm6dso.o
 .text.imu_lsm6dso_write_reg
                0x08003c6a       0x50 ./Core/Src/sensors/imu_lsm6dso.o
 *fill*         0x08003cba        0x2 
 .text.imu_lsm6dso_init
                0x08003cbc      0x19c ./Core/Src/sensors/imu_lsm6dso.o
                0x08003cbc                imu_lsm6dso_init
 .text.imu_lsm6dso_read
                0x08003e58      0x104 ./Core/Src/sensors/imu_lsm6dso.o
                0x08003e58                imu_lsm6dso_read
 .text.imu_lsm6dso_get_gyro_bias
                0x08003f5c       0x64 ./Core/Src/sensors/imu_lsm6dso.o
                0x08003f5c                imu_lsm6dso_get_gyro_bias
 .text.ld_16    0x08003fc0       0x32 ./Core/Src/storage/ff.o
 .text.ld_32    0x08003ff2       0x46 ./Core/Src/storage/ff.o
 .text.st_16    0x08004038       0x36 ./Core/Src/storage/ff.o
 .text.st_32    0x0800406e       0x58 ./Core/Src/storage/ff.o
 .text.dbc_1st  0x080040c6       0x22 ./Core/Src/storage/ff.o
 .text.dbc_2nd  0x080040e8       0x22 ./Core/Src/storage/ff.o
 .text.sync_window
                0x0800410a       0x78 ./Core/Src/storage/ff.o
 .text.move_window
                0x08004182       0x5a ./Core/Src/storage/ff.o
 .text.sync_fs  0x080041dc       0xe0 ./Core/Src/storage/ff.o
 .text.clst2sect
                0x080042bc       0x3e ./Core/Src/storage/ff.o
 .text.get_fat  0x080042fa      0x14e ./Core/Src/storage/ff.o
 .text.put_fat  0x08004448      0x1d4 ./Core/Src/storage/ff.o
 .text.remove_chain
                0x0800461c       0xca ./Core/Src/storage/ff.o
 .text.create_chain
                0x080046e6      0x1aa ./Core/Src/storage/ff.o
 .text.dir_clear
                0x08004890       0x90 ./Core/Src/storage/ff.o
 .text.dir_sdi  0x08004920       0xf6 ./Core/Src/storage/ff.o
 .text.dir_next
                0x08004a16      0x12c ./Core/Src/storage/ff.o
 .text.dir_alloc
                0x08004b42       0x8e ./Core/Src/storage/ff.o
 .text.ld_clust
                0x08004bd0       0x3e ./Core/Src/storage/ff.o
 .text.st_clust
                0x08004c0e       0x40 ./Core/Src/storage/ff.o
 .text.dir_find
                0x08004c4e       0xaa ./Core/Src/storage/ff.o
 .text.dir_register
                0x08004cf8       0x64 ./Core/Src/storage/ff.o
 .text.get_fileinfo
                0x08004d5c       0xd0 ./Core/Src/storage/ff.o
 .text.create_name
                0x08004e2c      0x1b0 ./Core/Src/storage/ff.o
 .text.follow_path
                0x08004fdc       0xde ./Core/Src/storage/ff.o
 .text.get_ldnumber
                0x080050ba       0x84 ./Core/Src/storage/ff.o
 *fill*         0x0800513e        0x2 
 .text.check_fs
                0x08005140      0x148 ./Core/Src/storage/ff.o
 .text.find_volume
                0x08005288       0xbe ./Core/Src/storage/ff.o
 *fill*         0x08005346        0x2 
 .text.mount_volume
                0x08005348      0x408 ./Core/Src/storage/ff.o
 .text.validate
                0x08005750       0x6a ./Core/Src/storage/ff.o
 *fill*         0x080057ba        0x2 
 .text.f_mount  0x080057bc       0x94 ./Core/Src/storage/ff.o
                0x080057bc                f_mount
 .text.f_open   0x08005850      0x2de ./Core/Src/storage/ff.o
                0x08005850                f_open
 .text.f_read   0x08005b2e      0x21a ./Core/Src/storage/ff.o
                0x08005b2e                f_read
 .text.f_write  0x08005d48      0x2ba ./Core/Src/storage/ff.o
                0x08005d48                f_write
 .text.f_sync   0x08006002       0xc8 ./Core/Src/storage/ff.o
                0x08006002                f_sync
 .text.f_close  0x080060ca       0x40 ./Core/Src/storage/ff.o
                0x080060ca                f_close
 .text.f_stat   0x0800610a       0x86 ./Core/Src/storage/ff.o
                0x0800610a                f_stat
 .text.f_gets   0x08006190       0x78 ./Core/Src/storage/ff.o
                0x08006190                f_gets
 .text.putc_bfd
                0x08006208       0x70 ./Core/Src/storage/ff.o
 .text.putc_flush
                0x08006278       0x4a ./Core/Src/storage/ff.o
 .text.putc_init
                0x080062c2       0x22 ./Core/Src/storage/ff.o
 .text.f_puts   0x080062e4       0x48 ./Core/Src/storage/ff.o
                0x080062e4                f_puts
 .text.f_printf
                0x0800632c      0x530 ./Core/Src/storage/ff.o
                0x0800632c                f_printf
 .text.sd_cs    0x0800685c       0x24 ./Core/Src/storage/storage_logger.o
 .text.sd_xfer  0x08006880       0x2e ./Core/Src/storage/storage_logger.o
 .text.sd_spi_config
                0x080068ae       0xd4 ./Core/Src/storage/storage_logger.o
 .text.sd_command
                0x08006982       0xac ./Core/Src/storage/storage_logger.o
 .text.sd_release
                0x08006a2e       0x20 ./Core/Src/storage/storage_logger.o
 *fill*         0x08006a4e        0x2 
 .text.sd_sector_to_addr
                0x08006a50       0x28 ./Core/Src/storage/storage_logger.o
 .text.sd_read_block
                0x08006a78       0xbe ./Core/Src/storage/storage_logger.o
 .text.sd_write_block
                0x08006b36       0xd6 ./Core/Src/storage/storage_logger.o
 .text.sd_hw_init
                0x08006c0c      0x298 ./Core/Src/storage/storage_logger.o
 .text.disk_status
                0x08006ea4       0x30 ./Core/Src/storage/storage_logger.o
                0x08006ea4                disk_status
 .text.disk_initialize
                0x08006ed4       0x40 ./Core/Src/storage/storage_logger.o
                0x08006ed4                disk_initialize
 .text.disk_read
                0x08006f14       0x6c ./Core/Src/storage/storage_logger.o
                0x08006f14                disk_read
 .text.disk_write
                0x08006f80       0x6c ./Core/Src/storage/storage_logger.o
                0x08006f80                disk_write
 .text.disk_ioctl
                0x08006fec       0x56 ./Core/Src/storage/storage_logger.o
                0x08006fec                disk_ioctl
 .text.get_fattime
                0x08007042       0x66 ./Core/Src/storage/storage_logger.o
                0x08007042                get_fattime
 .text.storage_logger_init
                0x080070a8      0x134 ./Core/Src/storage/storage_logger.o
                0x080070a8                storage_logger_init
 .text.storage_logger_start
                0x080071dc      0x130 ./Core/Src/storage/storage_logger.o
                0x080071dc                storage_logger_start
 .text.storage_logger_stop
                0x0800730c       0xac ./Core/Src/storage/storage_logger.o
                0x0800730c                storage_logger_stop
 .text.storage_logger_recover
                0x080073b8       0x54 ./Core/Src/storage/storage_logger.o
                0x080073b8                storage_logger_recover
 .text.storage_logger_write_sample
                0x0800740c      0x128 ./Core/Src/storage/storage_logger.o
                0x0800740c                storage_logger_write_sample
 .text.storage_logger_is_ready
                0x08007534       0x18 ./Core/Src/storage/storage_logger.o
                0x08007534                storage_logger_is_ready
 .text.Reset_Handler
                0x0800754c       0x50 ./Core/Startup/startup_stm32h563zitx.o
                0x0800754c                Reset_Handler
 .text.Default_Handler
                0x0800759c        0x2 ./Core/Startup/startup_stm32h563zitx.o
                0x0800759c                EXTI2_IRQHandler
                0x0800759c                TIM8_TRG_COM_IRQHandler
                0x0800759c                TIM8_CC_IRQHandler
                0x0800759c                EXTI5_IRQHandler
                0x0800759c                I3C1_ER_IRQHandler
                0x0800759c                UART8_IRQHandler
                0x0800759c                SPI4_IRQHandler
                0x0800759c                GPDMA2_Channel1_IRQHandler
                0x0800759c                FLASH_S_IRQHandler
                0x0800759c                TIM1_CC_IRQHandler
                0x0800759c                GPDMA2_Channel3_IRQHandler
                0x0800759c                TAMP_IRQHandler
                0x0800759c                TIM6_IRQHandler
                0x0800759c                EXTI12_IRQHandler
                0x0800759c                CORDIC_IRQHandler
                0x0800759c                USB_DRD_FS_IRQHandler
                0x0800759c                EXTI3_IRQHandler
                0x0800759c                LPTIM4_IRQHandler
                0x0800759c                GPDMA1_Channel5_IRQHandler
                0x0800759c                EXTI8_IRQHandler
                0x0800759c                GPDMA2_Channel5_IRQHandler
                0x0800759c                LPTIM2_IRQHandler
                0x0800759c                I2C3_ER_IRQHandler
                0x0800759c                GPDMA2_Channel2_IRQHandler
                0x0800759c                USART10_IRQHandler
                0x0800759c                LPTIM3_IRQHandler
                0x0800759c                EXTI0_IRQHandler
                0x0800759c                I2C2_EV_IRQHandler
                0x0800759c                FPU_IRQHandler
                0x0800759c                GPDMA1_Channel3_IRQHandler
                0x0800759c                GPDMA1_Channel7_IRQHandler
                0x0800759c                FDCAN1_IT1_IRQHandler
                0x0800759c                RAMCFG_IRQHandler
                0x0800759c                DCACHE1_IRQHandler
                0x0800759c                SPI1_IRQHandler
                0x0800759c                OCTOSPI1_IRQHandler
                0x0800759c                GPDMA1_Channel2_IRQHandler
                0x0800759c                TIM8_UP_IRQHandler
                0x0800759c                RCC_S_IRQHandler
                0x0800759c                SAI2_IRQHandler
                0x0800759c                ADC1_IRQHandler
                0x0800759c                USART6_IRQHandler
                0x0800759c                EXTI15_IRQHandler
                0x0800759c                TIM17_IRQHandler
                0x0800759c                USART3_IRQHandler
                0x0800759c                RTC_IRQHandler
                0x0800759c                EXTI9_IRQHandler
                0x0800759c                LPTIM5_IRQHandler
                0x0800759c                UART5_IRQHandler
                0x0800759c                TIM4_IRQHandler
                0x0800759c                I2C1_EV_IRQHandler
                0x0800759c                GPDMA1_Channel1_IRQHandler
                0x0800759c                TIM16_IRQHandler
                0x0800759c                UART4_IRQHandler
                0x0800759c                SecureFault_Handler
                0x0800759c                TIM3_IRQHandler
                0x0800759c                RCC_IRQHandler
                0x0800759c                UART9_IRQHandler
                0x0800759c                TIM1_TRG_COM_IRQHandler
                0x0800759c                Default_Handler
                0x0800759c                FMAC_IRQHandler
                0x0800759c                CEC_IRQHandler
                0x0800759c                USART11_IRQHandler
                0x0800759c                TIM14_IRQHandler
                0x0800759c                TIM13_IRQHandler
                0x0800759c                GPDMA2_Channel4_IRQHandler
                0x0800759c                SPI5_IRQHandler
                0x0800759c                TIM12_IRQHandler
                0x0800759c                TIM7_IRQHandler
                0x0800759c                SDMMC1_IRQHandler
                0x0800759c                TIM5_IRQHandler
                0x0800759c                UCPD1_IRQHandler
                0x0800759c                GPDMA1_Channel0_IRQHandler
                0x0800759c                I3C1_EV_IRQHandler
                0x0800759c                TIM15_IRQHandler
                0x0800759c                PVD_AVD_IRQHandler
                0x0800759c                I2C3_EV_IRQHandler
                0x0800759c                ETH_WKUP_IRQHandler
                0x0800759c                ADC2_IRQHandler
                0x0800759c                SPI2_IRQHandler
                0x0800759c                EXTI14_IRQHandler
                0x0800759c                EXTI11_IRQHandler
                0x0800759c                CRS_IRQHandler
                0x0800759c                EXTI4_IRQHandler
                0x0800759c                GPDMA2_Channel0_IRQHandler
                0x0800759c                RTC_S_IRQHandler
                0x0800759c                RNG_IRQHandler
                0x0800759c                FDCAN2_IT1_IRQHandler
                0x0800759c                ETH_IRQHandler
                0x0800759c                GPDMA2_Channel6_IRQHandler
                0x0800759c                TIM1_UP_IRQHandler
                0x0800759c                UART12_IRQHandler
                0x0800759c                WWDG_IRQHandler
                0x0800759c                SPI6_IRQHandler
                0x0800759c                I2C4_EV_IRQHandler
                0x0800759c                FDCAN2_IT0_IRQHandler
                0x0800759c                IWDG_IRQHandler
                0x0800759c                LPUART1_IRQHandler
                0x0800759c                FDCAN1_IT0_IRQHandler
                0x0800759c                TIM2_IRQHandler
                0x0800759c                GPDMA1_Channel4_IRQHandler
                0x0800759c                EXTI7_IRQHandler
                0x0800759c                TIM1_BRK_IRQHandler
                0x0800759c                EXTI1_IRQHandler
                0x0800759c                SDMMC2_IRQHandler
                0x0800759c                LPTIM6_IRQHandler
                0x0800759c                DAC1_IRQHandler
                0x0800759c                DTS_IRQHandler
                0x0800759c                UART7_IRQHandler
                0x0800759c                GTZC_IRQHandler
                0x0800759c                USART2_IRQHandler
                0x0800759c                GPDMA1_Channel6_IRQHandler
                0x0800759c                GPDMA2_Channel7_IRQHandler
                0x0800759c                I2C2_ER_IRQHandler
                0x0800759c                TIM8_BRK_IRQHandler
                0x0800759c                FLASH_IRQHandler
                0x0800759c                USART1_IRQHandler
                0x0800759c                EXTI10_IRQHandler
                0x0800759c                SPI3_IRQHandler
                0x0800759c                I2C1_ER_IRQHandler
                0x0800759c                FMC_IRQHandler
                0x0800759c                EXTI6_IRQHandler
                0x0800759c                LPTIM1_IRQHandler
                0x0800759c                DCMI_PSSI_IRQHandler
                0x0800759c                I2C4_ER_IRQHandler
                0x0800759c                ICACHE_IRQHandler
                0x0800759c                SAI1_IRQHandler
                0x0800759c                HASH_IRQHandler
 *fill*         0x0800759e        0x2 
 .text.BSP_LED_Init
                0x080075a0       0xec ./Drivers/BSP/STM32H5xx_Nucleo/stm32h5xx_nucleo.o
                0x080075a0                BSP_LED_Init
 .text.BSP_PB_Init
                0x0800768c       0xf0 ./Drivers/BSP/STM32H5xx_Nucleo/stm32h5xx_nucleo.o
                0x0800768c                BSP_PB_Init
 .text.BSP_PB_IRQHandler
                0x0800777c       0x2c ./Drivers/BSP/STM32H5xx_Nucleo/stm32h5xx_nucleo.o
                0x0800777c                BSP_PB_IRQHandler
 .text.BSP_PB_Callback
                0x080077a8       0x16 ./Drivers/BSP/STM32H5xx_Nucleo/stm32h5xx_nucleo.o
                0x080077a8                BSP_PB_Callback
 *fill*         0x080077be        0x2 
 .text.BSP_COM_Init
                0x080077c0       0x60 ./Drivers/BSP/STM32H5xx_Nucleo/stm32h5xx_nucleo.o
                0x080077c0                BSP_COM_Init
 .text.MX_USART_Init
                0x08007820       0x68 ./Drivers/BSP/STM32H5xx_Nucleo/stm32h5xx_nucleo.o
                0x08007820                MX_USART_Init
 .text.__io_putchar
                0x08007888       0x38 ./Drivers/BSP/STM32H5xx_Nucleo/stm32h5xx_nucleo.o
                0x08007888                __io_putchar
 .text.BUTTON_USER_EXTI_Callback
                0x080078c0        0xe ./Drivers/BSP/STM32H5xx_Nucleo/stm32h5xx_nucleo.o
 *fill*         0x080078ce        0x2 
 .text.COM1_MspInit
                0x080078d0       0xb0 ./Drivers/BSP/STM32H5xx_Nucleo/stm32h5xx_nucleo.o
 .text.HAL_Init
                0x08007980       0x50 ./Drivers/STM32H5xx_HAL_Driver/Src/stm32h5xx_hal.o
                0x08007980                HAL_Init
 .text.HAL_InitTick
                0x080079d0       0xec ./Drivers/STM32H5xx_HAL_Driver/Src/stm32h5xx_hal.o
                0x080079d0                HAL_InitTick
 .text.HAL_IncTick
                0x08007abc       0x28 ./Drivers/STM32H5xx_HAL_Driver/Src/stm32h5xx_hal.o
                0x08007abc                HAL_IncTick
 .text.HAL_GetTick
                0x08007ae4       0x18 ./Drivers/STM32H5xx_HAL_Driver/Src/stm32h5xx_hal.o
                0x08007ae4                HAL_GetTick
 .text.HAL_Delay
                0x08007afc       0x48 ./Drivers/STM32H5xx_HAL_Driver/Src/stm32h5xx_hal.o
                0x08007afc                HAL_Delay
 .text.LL_ADC_SetCommonClock
                0x08007b44       0x26 ./Drivers/STM32H5xx_HAL_Driver/Src/stm32h5xx_hal_adc.o
 .text.LL_ADC_SetCommonPathInternalCh
                0x08007b6a       0x26 ./Drivers/STM32H5xx_HAL_Driver/Src/stm32h5xx_hal_adc.o
 .text.LL_ADC_GetCommonPathInternalCh
                0x08007b90       0x1c ./Drivers/STM32H5xx_HAL_Driver/Src/stm32h5xx_hal_adc.o
 .text.LL_ADC_EnableChannelVDDcore
                0x08007bac       0x24 ./Drivers/STM32H5xx_HAL_Driver/Src/stm32h5xx_hal_adc.o
 .text.LL_ADC_EnableChannel0_GPIO
                0x08007bd0       0x28 ./Drivers/STM32H5xx_HAL_Driver/Src/stm32h5xx_hal_adc.o
 .text.LL_ADC_SetOffset
                0x08007bf8       0x48 ./Drivers/STM32H5xx_HAL_Driver/Src/stm32h5xx_hal_adc.o
 .text.LL_ADC_GetOffsetChannel
                0x08007c40       0x2c ./Drivers/STM32H5xx_HAL_Driver/Src/stm32h5xx_hal_adc.o
 .text.LL_ADC_SetOffsetState
                0x08007c6c       0x36 ./Drivers/STM32H5xx_HAL_Driver/Src/stm32h5xx_hal_adc.o
 .text.LL_ADC_SetOffsetSign
                0x08007ca2       0x36 ./Drivers/STM32H5xx_HAL_Driver/Src/stm32h5xx_hal_adc.o
 .text.LL_ADC_SetOffsetSaturation
                0x08007cd8       0x36 ./Drivers/STM32H5xx_HAL_Driver/Src/stm32h5xx_hal_adc.o
 .text.LL_ADC_SetSamplingTimeCommonConfig
                0x08007d0e       0x26 ./Drivers/STM32H5xx_HAL_Driver/Src/stm32h5xx_hal_adc.o
 .text.LL_ADC_REG_IsTriggerSourceSWStart
                0x08007d34       0x26 ./Drivers/STM32H5xx_HAL_Driver/Src/stm32h5xx_hal_adc.o
 .text.LL_ADC_REG_SetSequencerRanks
                0x08007d5a       0x58 ./Drivers/STM32H5xx_HAL_Driver/Src/stm32h5xx_hal_adc.o
 .text.LL_ADC_SetChannelSamplingTime
                0x08007db2       0x56 ./Drivers/STM32H5xx_HAL_Driver/Src/stm32h5xx_hal_adc.o
 .text.LL_ADC_SetChannelSingleDiff
                0x08007e08       0x48 ./Drivers/STM32H5xx_HAL_Driver/Src/stm32h5xx_hal_adc.o
 .text.LL_ADC_GetMultimode
                0x08007e50       0x1c ./Drivers/STM32H5xx_HAL_Driver/Src/stm32h5xx_hal_adc.o
 .text.LL_ADC_GetMultiDMATransfer
                0x08007e6c       0x1c ./Drivers/STM32H5xx_HAL_Driver/Src/stm32h5xx_hal_adc.o
 .text.LL_ADC_DisableDeepPowerDown
                0x08007e88       0x24 ./Drivers/STM32H5xx_HAL_Driver/Src/stm32h5xx_hal_adc.o
 .text.LL_ADC_IsDeepPowerDownEnabled
                0x08007eac       0x28 ./Drivers/STM32H5xx_HAL_Driver/Src/stm32h5xx_hal_adc.o
 .text.LL_ADC_EnableInternalRegulator
                0x08007ed4       0x28 ./Drivers/STM32H5xx_HAL_Driver/Src/stm32h5xx_hal_adc.o
 .text.LL_ADC_IsInternalRegulatorEnabled
                0x08007efc       0x28 ./Drivers/STM32H5xx_HAL_Driver/Src/stm32h5xx_hal_adc.o
 .text.LL_ADC_Enable
                0x08007f24       0x28 ./Drivers/STM32H5xx_HAL_Driver/Src/stm32h5xx_hal_adc.o
 .text.LL_ADC_Disable
                0x08007f4c       0x28 ./Drivers/STM32H5xx_HAL_Driver/Src/stm32h5xx_hal_adc.o
 .text.LL_ADC_IsEnabled
                0x08007f74       0x26 ./Drivers/STM32H5xx_HAL_Driver/Src/stm32h5xx_hal_adc.o
 .text.LL_ADC_IsDisableOngoing
                0x08007f9a       0x26 ./Drivers/STM32H5xx_HAL_Driver/Src/stm32h5xx_hal_adc.o
 .text.LL_ADC_REG_StartConversion
                0x08007fc0       0x28 ./Drivers/STM32H5xx_HAL_Driver/Src/stm32h5xx_hal_adc.o
 .text.LL_ADC_REG_StopConversion
                0x08007fe8       0x28 ./Drivers/STM32H5xx_HAL_Driver/Src/stm32h5xx_hal_adc.o
 .text.LL_ADC_REG_IsConversionOngoing
                0x08008010       0x26 ./Drivers/STM32H5xx_HAL_Driver/Src/stm32h5xx_hal_adc.o
 .text.LL_ADC_INJ_StopConversion
                0x08008036       0x28 ./Drivers/STM32H5xx_HAL_Driver/Src/stm32h5xx_hal_adc.o
 .text.LL_ADC_INJ_IsConversionOngoing
                0x0800805e       0x26 ./Drivers/STM32H5xx_HAL_Driver/Src/stm32h5xx_hal_adc.o
 .text.HAL_ADC_Init
                0x08008084      0x2a8 ./Drivers/STM32H5xx_HAL_Driver/Src/stm32h5xx_hal_adc.o
                0x08008084                HAL_ADC_Init
 .text.HAL_ADC_Start
                0x0800832c      0x174 ./Drivers/STM32H5xx_HAL_Driver/Src/stm32h5xx_hal_adc.o
                0x0800832c                HAL_ADC_Start
 .text.HAL_ADC_Stop
                0x080084a0       0x66 ./Drivers/STM32H5xx_HAL_Driver/Src/stm32h5xx_hal_adc.o
                0x080084a0                HAL_ADC_Stop
 *fill*         0x08008506        0x2 
 .text.HAL_ADC_PollForConversion
                0x08008508      0x1b0 ./Drivers/STM32H5xx_HAL_Driver/Src/stm32h5xx_hal_adc.o
                0x08008508                HAL_ADC_PollForConversion
 .text.HAL_ADC_GetValue
                0x080086b8       0x1a ./Drivers/STM32H5xx_HAL_Driver/Src/stm32h5xx_hal_adc.o
                0x080086b8                HAL_ADC_GetValue
 *fill*         0x080086d2        0x2 
 .text.HAL_ADC_ConfigChannel
                0x080086d4      0x804 ./Drivers/STM32H5xx_HAL_Driver/Src/stm32h5xx_hal_adc.o
                0x080086d4                HAL_ADC_ConfigChannel
 .text.ADC_ConversionStop
                0x08008ed8      0x178 ./Drivers/STM32H5xx_HAL_Driver/Src/stm32h5xx_hal_adc.o
                0x08008ed8                ADC_ConversionStop
 .text.ADC_Enable
                0x08009050      0x104 ./Drivers/STM32H5xx_HAL_Driver/Src/stm32h5xx_hal_adc.o
                0x08009050                ADC_Enable
 .text.ADC_Disable
                0x08009154       0xbe ./Drivers/STM32H5xx_HAL_Driver/Src/stm32h5xx_hal_adc.o
                0x08009154                ADC_Disable
 .text.LL_ADC_StartCalibration
                0x08009212       0x32 ./Drivers/STM32H5xx_HAL_Driver/Src/stm32h5xx_hal_adc_ex.o
 .text.LL_ADC_IsCalibrationOnGoing
                0x08009244       0x28 ./Drivers/STM32H5xx_HAL_Driver/Src/stm32h5xx_hal_adc_ex.o
 .text.HAL_ADCEx_Calibration_Start
                0x0800926c       0xc4 ./Drivers/STM32H5xx_HAL_Driver/Src/stm32h5xx_hal_adc_ex.o
                0x0800926c                HAL_ADCEx_Calibration_Start
 .text.__NVIC_SetPriorityGrouping
                0x08009330       0x48 ./Drivers/STM32H5xx_HAL_Driver/Src/stm32h5xx_hal_cortex.o
 .text.__NVIC_GetPriorityGrouping
                0x08009378       0x1c ./Drivers/STM32H5xx_HAL_Driver/Src/stm32h5xx_hal_cortex.o
 .text.__NVIC_EnableIRQ
                0x08009394       0x3c ./Drivers/STM32H5xx_HAL_Driver/Src/stm32h5xx_hal_cortex.o
 .text.__NVIC_SetPriority
                0x080093d0       0x54 ./Drivers/STM32H5xx_HAL_Driver/Src/stm32h5xx_hal_cortex.o
 .text.NVIC_EncodePriority
                0x08009424       0x66 ./Drivers/STM32H5xx_HAL_Driver/Src/stm32h5xx_hal_cortex.o
 .text.HAL_NVIC_SetPriorityGrouping
                0x0800948a       0x16 ./Drivers/STM32H5xx_HAL_Driver/Src/stm32h5xx_hal_cortex.o
                0x0800948a                HAL_NVIC_SetPriorityGrouping
 .text.HAL_NVIC_SetPriority
                0x080094a0       0x34 ./Drivers/STM32H5xx_HAL_Driver/Src/stm32h5xx_hal_cortex.o
                0x080094a0                HAL_NVIC_SetPriority
 .text.HAL_NVIC_EnableIRQ
                0x080094d4       0x1c ./Drivers/STM32H5xx_HAL_Driver/Src/stm32h5xx_hal_cortex.o
                0x080094d4                HAL_NVIC_EnableIRQ
 .text.HAL_SYSTICK_Config
                0x080094f0       0x44 ./Drivers/STM32H5xx_HAL_Driver/Src/stm32h5xx_hal_cortex.o
                0x080094f0                HAL_SYSTICK_Config
 .text.HAL_SYSTICK_CLKSourceConfig
                0x08009534       0xb0 ./Drivers/STM32H5xx_HAL_Driver/Src/stm32h5xx_hal_cortex.o
                0x08009534                HAL_SYSTICK_CLKSourceConfig
 .text.HAL_SYSTICK_GetCLKSourceConfig
                0x080095e4       0x6c ./Drivers/STM32H5xx_HAL_Driver/Src/stm32h5xx_hal_cortex.o
                0x080095e4                HAL_SYSTICK_GetCLKSourceConfig
 .text.HAL_EXTI_RegisterCallback
                0x08009650       0x58 ./Drivers/STM32H5xx_HAL_Driver/Src/stm32h5xx_hal_exti.o
                0x08009650                HAL_EXTI_RegisterCallback
 .text.HAL_EXTI_GetHandle
                0x080096a8       0x28 ./Drivers/STM32H5xx_HAL_Driver/Src/stm32h5xx_hal_exti.o
                0x080096a8                HAL_EXTI_GetHandle
 .text.HAL_EXTI_IRQHandler
                0x080096d0       0x90 ./Drivers/STM32H5xx_HAL_Driver/Src/stm32h5xx_hal_exti.o
                0x080096d0                HAL_EXTI_IRQHandler
 .text.HAL_GPIO_Init
                0x08009760      0x2a4 ./Drivers/STM32H5xx_HAL_Driver/Src/stm32h5xx_hal_gpio.o
                0x08009760                HAL_GPIO_Init
 .text.HAL_GPIO_DeInit
                0x08009a04      0x178 ./Drivers/STM32H5xx_HAL_Driver/Src/stm32h5xx_hal_gpio.o
                0x08009a04                HAL_GPIO_DeInit
 .text.HAL_GPIO_ReadPin
                0x08009b7c       0x30 ./Drivers/STM32H5xx_HAL_Driver/Src/stm32h5xx_hal_gpio.o
                0x08009b7c                HAL_GPIO_ReadPin
 .text.HAL_GPIO_WritePin
                0x08009bac       0x30 ./Drivers/STM32H5xx_HAL_Driver/Src/stm32h5xx_hal_gpio.o
                0x08009bac                HAL_GPIO_WritePin
 .text.HAL_GPIO_TogglePin
                0x08009bdc       0x34 ./Drivers/STM32H5xx_HAL_Driver/Src/stm32h5xx_hal_gpio.o
                0x08009bdc                HAL_GPIO_TogglePin
 .text.HAL_RCC_OscConfig
                0x08009c10      0x870 ./Drivers/STM32H5xx_HAL_Driver/Src/stm32h5xx_hal_rcc.o
                0x08009c10                HAL_RCC_OscConfig
 .text.HAL_RCC_ClockConfig
                0x0800a480      0x370 ./Drivers/STM32H5xx_HAL_Driver/Src/stm32h5xx_hal_rcc.o
                0x0800a480                HAL_RCC_ClockConfig
 .text.HAL_RCC_GetSysClockFreq
                0x0800a7f0      0x258 ./Drivers/STM32H5xx_HAL_Driver/Src/stm32h5xx_hal_rcc.o
                0x0800a7f0                HAL_RCC_GetSysClockFreq
 .text.HAL_RCC_GetHCLKFreq
                0x0800aa48       0x38 ./Drivers/STM32H5xx_HAL_Driver/Src/stm32h5xx_hal_rcc.o
                0x0800aa48                HAL_RCC_GetHCLKFreq
 .text.HAL_RCC_GetPCLK1Freq
                0x0800aa80       0x2c ./Drivers/STM32H5xx_HAL_Driver/Src/stm32h5xx_hal_rcc.o
                0x0800aa80                HAL_RCC_GetPCLK1Freq
 .text.HAL_RCC_GetPCLK2Freq
                0x0800aaac       0x2c ./Drivers/STM32H5xx_HAL_Driver/Src/stm32h5xx_hal_rcc.o
                0x0800aaac                HAL_RCC_GetPCLK2Freq
 .text.HAL_RCC_GetPCLK3Freq
                0x0800aad8       0x2c ./Drivers/STM32H5xx_HAL_Driver/Src/stm32h5xx_hal_rcc.o
                0x0800aad8                HAL_RCC_GetPCLK3Freq
 .text.HAL_RCCEx_PeriphCLKConfig
                0x0800ab04     0x1f14 ./Drivers/STM32H5xx_HAL_Driver/Src/stm32h5xx_hal_rcc_ex.o
                0x0800ab04                HAL_RCCEx_PeriphCLKConfig
 .text.HAL_RCCEx_GetPLL1ClockFreq
                0x0800ca18      0x2d4 ./Drivers/STM32H5xx_HAL_Driver/Src/stm32h5xx_hal_rcc_ex.o
                0x0800ca18                HAL_RCCEx_GetPLL1ClockFreq
 .text.HAL_RCCEx_GetPLL2ClockFreq
                0x0800ccec      0x2d4 ./Drivers/STM32H5xx_HAL_Driver/Src/stm32h5xx_hal_rcc_ex.o
                0x0800ccec                HAL_RCCEx_GetPLL2ClockFreq
 .text.HAL_RCCEx_GetPLL3ClockFreq
                0x0800cfc0      0x2d4 ./Drivers/STM32H5xx_HAL_Driver/Src/stm32h5xx_hal_rcc_ex.o
                0x0800cfc0                HAL_RCCEx_GetPLL3ClockFreq
 .text.HAL_RCCEx_GetPeriphCLKFreq
                0x0800d294     0x26b4 ./Drivers/STM32H5xx_HAL_Driver/Src/stm32h5xx_hal_rcc_ex.o
                0x0800d294                HAL_RCCEx_GetPeriphCLKFreq
 .text.RCCEx_PLL2_Config
                0x0800f948      0x130 ./Drivers/STM32H5xx_HAL_Driver/Src/stm32h5xx_hal_rcc_ex.o
 .text.RCCEx_PLL3_Config
                0x0800fa78      0x130 ./Drivers/STM32H5xx_HAL_Driver/Src/stm32h5xx_hal_rcc_ex.o
 .text.HAL_SPI_Init
                0x0800fba8      0x2e0 ./Drivers/STM32H5xx_HAL_Driver/Src/stm32h5xx_hal_spi.o
                0x0800fba8                HAL_SPI_Init
 .text.HAL_SPI_DeInit
                0x0800fe88       0x52 ./Drivers/STM32H5xx_HAL_Driver/Src/stm32h5xx_hal_spi.o
                0x0800fe88                HAL_SPI_DeInit
 *fill*         0x0800feda        0x2 
 .text.HAL_SPI_Transmit
                0x0800fedc      0x42c ./Drivers/STM32H5xx_HAL_Driver/Src/stm32h5xx_hal_spi.o
                0x0800fedc                HAL_SPI_Transmit
 .text.HAL_SPI_TransmitReceive
                0x08010308      0x4d4 ./Drivers/STM32H5xx_HAL_Driver/Src/stm32h5xx_hal_spi.o
                0x08010308                HAL_SPI_TransmitReceive
 .text.SPI_CloseTransfer
                0x080107dc      0x140 ./Drivers/STM32H5xx_HAL_Driver/Src/stm32h5xx_hal_spi.o
 .text.SPI_WaitOnFlagUntilTimeout
                0x0801091c       0x5c ./Drivers/STM32H5xx_HAL_Driver/Src/stm32h5xx_hal_spi.o
 .text.SPI_GetPacketSize
                0x08010978       0x36 ./Drivers/STM32H5xx_HAL_Driver/Src/stm32h5xx_hal_spi.o
 .text.HAL_UART_Init
                0x080109ae       0xa0 ./Drivers/STM32H5xx_HAL_Driver/Src/stm32h5xx_hal_uart.o
                0x080109ae                HAL_UART_Init
 .text.HAL_UART_Transmit
                0x08010a4e      0x13c ./Drivers/STM32H5xx_HAL_Driver/Src/stm32h5xx_hal_uart.o
                0x08010a4e                HAL_UART_Transmit
 *fill*         0x08010b8a        0x2 
 .text.UART_SetConfig
                0x08010b8c      0x3dc ./Drivers/STM32H5xx_HAL_Driver/Src/stm32h5xx_hal_uart.o
                0x08010b8c                UART_SetConfig
 .text.UART_AdvFeatureConfig
                0x08010f68      0x144 ./Drivers/STM32H5xx_HAL_Driver/Src/stm32h5xx_hal_uart.o
                0x08010f68                UART_AdvFeatureConfig
 .text.UART_CheckIdleState
                0x080110ac      0x154 ./Drivers/STM32H5xx_HAL_Driver/Src/stm32h5xx_hal_uart.o
                0x080110ac                UART_CheckIdleState
 .text.UART_WaitOnFlagUntilTimeout
                0x08011200       0xda ./Drivers/STM32H5xx_HAL_Driver/Src/stm32h5xx_hal_uart.o
                0x08011200                UART_WaitOnFlagUntilTimeout
 .text.UART_EndRxTransfer
                0x080112da       0xcc ./Drivers/STM32H5xx_HAL_Driver/Src/stm32h5xx_hal_uart.o
 .text.HAL_UARTEx_DisableFifoMode
                0x080113a6       0x72 ./Drivers/STM32H5xx_HAL_Driver/Src/stm32h5xx_hal_uart_ex.o
                0x080113a6                HAL_UARTEx_DisableFifoMode
 .text.HAL_UARTEx_SetTxFifoThreshold
                0x08011418       0x7c ./Drivers/STM32H5xx_HAL_Driver/Src/stm32h5xx_hal_uart_ex.o
                0x08011418                HAL_UARTEx_SetTxFifoThreshold
 .text.HAL_UARTEx_SetRxFifoThreshold
                0x08011494       0x7c ./Drivers/STM32H5xx_HAL_Driver/Src/stm32h5xx_hal_uart_ex.o
                0x08011494                HAL_UARTEx_SetRxFifoThreshold
 .text.UARTEx_SetNbDataToProcess
                0x08011510       0x9c ./Drivers/STM32H5xx_HAL_Driver/Src/stm32h5xx_hal_uart_ex.o
 .text.std      0x080115ac       0x6c C:/Program Files/STM32CubeIDE_2.1.1/STM32CubeIDE/plugins/com.st.stm32cube.ide.mcu.externaltools.gnu-tools-for-stm32.14.3.rel1.win32_1.0.100.202602081740/tools/bin/../lib/gcc/arm-none-eabi/14.3.1/../../../../arm-none-eabi/lib/thumb/v8-m.main+fp/hard\libc_nano.a(libc_a-findfp.o)
 .text.stdio_exit_handler
                0x08011618       0x18 C:/Program Files/STM32CubeIDE_2.1.1/STM32CubeIDE/plugins/com.st.stm32cube.ide.mcu.externaltools.gnu-tools-for-stm32.14.3.rel1.win32_1.0.100.202602081740/tools/bin/../lib/gcc/arm-none-eabi/14.3.1/../../../../arm-none-eabi/lib/thumb/v8-m.main+fp/hard\libc_nano.a(libc_a-findfp.o)
 .text.cleanup_stdio
                0x08011630       0x40 C:/Program Files/STM32CubeIDE_2.1.1/STM32CubeIDE/plugins/com.st.stm32cube.ide.mcu.externaltools.gnu-tools-for-stm32.14.3.rel1.win32_1.0.100.202602081740/tools/bin/../lib/gcc/arm-none-eabi/14.3.1/../../../../arm-none-eabi/lib/thumb/v8-m.main+fp/hard\libc_nano.a(libc_a-findfp.o)
 .text.global_stdio_init.part.0
                0x08011670       0x40 C:/Program Files/STM32CubeIDE_2.1.1/STM32CubeIDE/plugins/com.st.stm32cube.ide.mcu.externaltools.gnu-tools-for-stm32.14.3.rel1.win32_1.0.100.202602081740/tools/bin/../lib/gcc/arm-none-eabi/14.3.1/../../../../arm-none-eabi/lib/thumb/v8-m.main+fp/hard\libc_nano.a(libc_a-findfp.o)
 .text.__sfp_lock_acquire
                0x080116b0        0xc C:/Program Files/STM32CubeIDE_2.1.1/STM32CubeIDE/plugins/com.st.stm32cube.ide.mcu.externaltools.gnu-tools-for-stm32.14.3.rel1.win32_1.0.100.202602081740/tools/bin/../lib/gcc/arm-none-eabi/14.3.1/../../../../arm-none-eabi/lib/thumb/v8-m.main+fp/hard\libc_nano.a(libc_a-findfp.o)
                0x080116b0                __sfp_lock_acquire
 .text.__sfp_lock_release
                0x080116bc        0xc C:/Program Files/STM32CubeIDE_2.1.1/STM32CubeIDE/plugins/com.st.stm32cube.ide.mcu.externaltools.gnu-tools-for-stm32.14.3.rel1.win32_1.0.100.202602081740/tools/bin/../lib/gcc/arm-none-eabi/14.3.1/../../../../arm-none-eabi/lib/thumb/v8-m.main+fp/hard\libc_nano.a(libc_a-findfp.o)
                0x080116bc                __sfp_lock_release
 .text.__sinit  0x080116c8       0x30 C:/Program Files/STM32CubeIDE_2.1.1/STM32CubeIDE/plugins/com.st.stm32cube.ide.mcu.externaltools.gnu-tools-for-stm32.14.3.rel1.win32_1.0.100.202602081740/tools/bin/../lib/gcc/arm-none-eabi/14.3.1/../../../../arm-none-eabi/lib/thumb/v8-m.main+fp/hard\libc_nano.a(libc_a-findfp.o)
                0x080116c8                __sinit
 .text._fwalk_sglue
                0x080116f8       0x3c C:/Program Files/STM32CubeIDE_2.1.1/STM32CubeIDE/plugins/com.st.stm32cube.ide.mcu.externaltools.gnu-tools-for-stm32.14.3.rel1.win32_1.0.100.202602081740/tools/bin/../lib/gcc/arm-none-eabi/14.3.1/../../../../arm-none-eabi/lib/thumb/v8-m.main+fp/hard\libc_nano.a(libc_a-fwalk.o)
                0x080116f8                _fwalk_sglue
 .text.printf   0x08011734       0x24 C:/Program Files/STM32CubeIDE_2.1.1/STM32CubeIDE/plugins/com.st.stm32cube.ide.mcu.externaltools.gnu-tools-for-stm32.14.3.rel1.win32_1.0.100.202602081740/tools/bin/../lib/gcc/arm-none-eabi/14.3.1/../../../../arm-none-eabi/lib/thumb/v8-m.main+fp/hard\libc_nano.a(libc_a-printf.o)
                0x08011734                iprintf
                0x08011734                printf
 .text.putchar  0x08011758       0x10 C:/Program Files/STM32CubeIDE_2.1.1/STM32CubeIDE/plugins/com.st.stm32cube.ide.mcu.externaltools.gnu-tools-for-stm32.14.3.rel1.win32_1.0.100.202602081740/tools/bin/../lib/gcc/arm-none-eabi/14.3.1/../../../../arm-none-eabi/lib/thumb/v8-m.main+fp/hard\libc_nano.a(libc_a-putchar.o)
                0x08011758                putchar
 .text._puts_r  0x08011768       0xaa C:/Program Files/STM32CubeIDE_2.1.1/STM32CubeIDE/plugins/com.st.stm32cube.ide.mcu.externaltools.gnu-tools-for-stm32.14.3.rel1.win32_1.0.100.202602081740/tools/bin/../lib/gcc/arm-none-eabi/14.3.1/../../../../arm-none-eabi/lib/thumb/v8-m.main+fp/hard\libc_nano.a(libc_a-puts.o)
                0x08011768                _puts_r
 *fill*         0x08011812        0x2 
 .text.puts     0x08011814       0x10 C:/Program Files/STM32CubeIDE_2.1.1/STM32CubeIDE/plugins/com.st.stm32cube.ide.mcu.externaltools.gnu-tools-for-stm32.14.3.rel1.win32_1.0.100.202602081740/tools/bin/../lib/gcc/arm-none-eabi/14.3.1/../../../../arm-none-eabi/lib/thumb/v8-m.main+fp/hard\libc_nano.a(libc_a-puts.o)
                0x08011814                puts
 .text.snprintf
                0x08011824       0x6c C:/Program Files/STM32CubeIDE_2.1.1/STM32CubeIDE/plugins/com.st.stm32cube.ide.mcu.externaltools.gnu-tools-for-stm32.14.3.rel1.win32_1.0.100.202602081740/tools/bin/../lib/gcc/arm-none-eabi/14.3.1/../../../../arm-none-eabi/lib/thumb/v8-m.main+fp/hard\libc_nano.a(libc_a-snprintf.o)
                0x08011824                sniprintf
                0x08011824                snprintf
 .text.__sread  0x08011890       0x22 C:/Program Files/STM32CubeIDE_2.1.1/STM32CubeIDE/plugins/com.st.stm32cube.ide.mcu.externaltools.gnu-tools-for-stm32.14.3.rel1.win32_1.0.100.202602081740/tools/bin/../lib/gcc/arm-none-eabi/14.3.1/../../../../arm-none-eabi/lib/thumb/v8-m.main+fp/hard\libc_nano.a(libc_a-stdio.o)
                0x08011890                __sread
 .text.__swrite
                0x080118b2       0x38 C:/Program Files/STM32CubeIDE_2.1.1/STM32CubeIDE/plugins/com.st.stm32cube.ide.mcu.externaltools.gnu-tools-for-stm32.14.3.rel1.win32_1.0.100.202602081740/tools/bin/../lib/gcc/arm-none-eabi/14.3.1/../../../../arm-none-eabi/lib/thumb/v8-m.main+fp/hard\libc_nano.a(libc_a-stdio.o)
                0x080118b2                __swrite
 .text.__sseek  0x080118ea       0x26 C:/Program Files/STM32CubeIDE_2.1.1/STM32CubeIDE/plugins/com.st.stm32cube.ide.mcu.externaltools.gnu-tools-for-stm32.14.3.rel1.win32_1.0.100.202602081740/tools/bin/../lib/gcc/arm-none-eabi/14.3.1/../../../../arm-none-eabi/lib/thumb/v8-m.main+fp/hard\libc_nano.a(libc_a-stdio.o)
                0x080118ea                __sseek
 .text.__sclose
                0x08011910        0x8 C:/Program Files/STM32CubeIDE_2.1.1/STM32CubeIDE/plugins/com.st.stm32cube.ide.mcu.externaltools.gnu-tools-for-stm32.14.3.rel1.win32_1.0.100.202602081740/tools/bin/../lib/gcc/arm-none-eabi/14.3.1/../../../../arm-none-eabi/lib/thumb/v8-m.main+fp/hard\libc_nano.a(libc_a-stdio.o)
                0x08011910                __sclose
 .text.__swbuf_r
                0x08011918       0x7c C:/Program Files/STM32CubeIDE_2.1.1/STM32CubeIDE/plugins/com.st.stm32cube.ide.mcu.externaltools.gnu-tools-for-stm32.14.3.rel1.win32_1.0.100.202602081740/tools/bin/../lib/gcc/arm-none-eabi/14.3.1/../../../../arm-none-eabi/lib/thumb/v8-m.main+fp/hard\libc_nano.a(libc_a-wbuf.o)
                0x08011918                __swbuf_r
 .text.__swsetup_r
                0x08011994       0xa8 C:/Program Files/STM32CubeIDE_2.1.1/STM32CubeIDE/plugins/com.st.stm32cube.ide.mcu.externaltools.gnu-tools-for-stm32.14.3.rel1.win32_1.0.100.202602081740/tools/bin/../lib/gcc/arm-none-eabi/14.3.1/../../../../arm-none-eabi/lib/thumb/v8-m.main+fp/hard\libc_nano.a(libc_a-wsetup.o)
                0x08011994                __swsetup_r
 .text.memcmp   0x08011a3c       0x20 C:/Program Files/STM32CubeIDE_2.1.1/STM32CubeIDE/plugins/com.st.stm32cube.ide.mcu.externaltools.gnu-tools-for-stm32.14.3.rel1.win32_1.0.100.202602081740/tools/bin/../lib/gcc/arm-none-eabi/14.3.1/../../../../arm-none-eabi/lib/thumb/v8-m.main+fp/hard\libc_nano.a(libc_a-memcmp.o)
                0x08011a3c                memcmp
 .text.memset   0x08011a5c       0x10 C:/Program Files/STM32CubeIDE_2.1.1/STM32CubeIDE/plugins/com.st.stm32cube.ide.mcu.externaltools.gnu-tools-for-stm32.14.3.rel1.win32_1.0.100.202602081740/tools/bin/../lib/gcc/arm-none-eabi/14.3.1/../../../../arm-none-eabi/lib/thumb/v8-m.main+fp/hard\libc_nano.a(libc_a-memset.o)
                0x08011a5c                memset
 .text.strchr   0x08011a6c       0x1a C:/Program Files/STM32CubeIDE_2.1.1/STM32CubeIDE/plugins/com.st.stm32cube.ide.mcu.externaltools.gnu-tools-for-stm32.14.3.rel1.win32_1.0.100.202602081740/tools/bin/../lib/gcc/arm-none-eabi/14.3.1/../../../../arm-none-eabi/lib/thumb/v8-m.main+fp/hard\libc_nano.a(libc_a-strchr.o)
                0x08011a6c                strchr
 .text.strcspn  0x08011a86       0x22 C:/Program Files/STM32CubeIDE_2.1.1/STM32CubeIDE/plugins/com.st.stm32cube.ide.mcu.externaltools.gnu-tools-for-stm32.14.3.rel1.win32_1.0.100.202602081740/tools/bin/../lib/gcc/arm-none-eabi/14.3.1/../../../../arm-none-eabi/lib/thumb/v8-m.main+fp/hard\libc_nano.a(libc_a-strcspn.o)
                0x08011a86                strcspn
 .text._close_r
                0x08011aa8       0x20 C:/Program Files/STM32CubeIDE_2.1.1/STM32CubeIDE/plugins/com.st.stm32cube.ide.mcu.externaltools.gnu-tools-for-stm32.14.3.rel1.win32_1.0.100.202602081740/tools/bin/../lib/gcc/arm-none-eabi/14.3.1/../../../../arm-none-eabi/lib/thumb/v8-m.main+fp/hard\libc_nano.a(libc_a-closer.o)
                0x08011aa8                _close_r
 .text._lseek_r
                0x08011ac8       0x24 C:/Program Files/STM32CubeIDE_2.1.1/STM32CubeIDE/plugins/com.st.stm32cube.ide.mcu.externaltools.gnu-tools-for-stm32.14.3.rel1.win32_1.0.100.202602081740/tools/bin/../lib/gcc/arm-none-eabi/14.3.1/../../../../arm-none-eabi/lib/thumb/v8-m.main+fp/hard\libc_nano.a(libc_a-lseekr.o)
                0x08011ac8                _lseek_r
 .text._read_r  0x08011aec       0x24 C:/Program Files/STM32CubeIDE_2.1.1/STM32CubeIDE/plugins/com.st.stm32cube.ide.mcu.externaltools.gnu-tools-for-stm32.14.3.rel1.win32_1.0.100.202602081740/tools/bin/../lib/gcc/arm-none-eabi/14.3.1/../../../../arm-none-eabi/lib/thumb/v8-m.main+fp/hard\libc_nano.a(libc_a-readr.o)
                0x08011aec                _read_r
 .text._write_r
                0x08011b10       0x24 C:/Program Files/STM32CubeIDE_2.1.1/STM32CubeIDE/plugins/com.st.stm32cube.ide.mcu.externaltools.gnu-tools-for-stm32.14.3.rel1.win32_1.0.100.202602081740/tools/bin/../lib/gcc/arm-none-eabi/14.3.1/../../../../arm-none-eabi/lib/thumb/v8-m.main+fp/hard\libc_nano.a(libc_a-writer.o)
                0x08011b10                _write_r
 .text.__errno  0x08011b34        0xc C:/Program Files/STM32CubeIDE_2.1.1/STM32CubeIDE/plugins/com.st.stm32cube.ide.mcu.externaltools.gnu-tools-for-stm32.14.3.rel1.win32_1.0.100.202602081740/tools/bin/../lib/gcc/arm-none-eabi/14.3.1/../../../../arm-none-eabi/lib/thumb/v8-m.main+fp/hard\libc_nano.a(libc_a-errno.o)
                0x08011b34                __errno
 .text.__libc_init_array
                0x08011b40       0x48 C:/Program Files/STM32CubeIDE_2.1.1/STM32CubeIDE/plugins/com.st.stm32cube.ide.mcu.externaltools.gnu-tools-for-stm32.14.3.rel1.win32_1.0.100.202602081740/tools/bin/../lib/gcc/arm-none-eabi/14.3.1/../../../../arm-none-eabi/lib/thumb/v8-m.main+fp/hard\libc_nano.a(libc_a-init.o)
                0x08011b40                __libc_init_array
 .text.__retarget_lock_init_recursive
                0x08011b88        0x2 C:/Program Files/STM32CubeIDE_2.1.1/STM32CubeIDE/plugins/com.st.stm32cube.ide.mcu.externaltools.gnu-tools-for-stm32.14.3.rel1.win32_1.0.100.202602081740/tools/bin/../lib/gcc/arm-none-eabi/14.3.1/../../../../arm-none-eabi/lib/thumb/v8-m.main+fp/hard\libc_nano.a(libc_a-lock.o)
                0x08011b88                __retarget_lock_init_recursive
 .text.__retarget_lock_acquire_recursive
                0x08011b8a        0x2 C:/Program Files/STM32CubeIDE_2.1.1/STM32CubeIDE/plugins/com.st.stm32cube.ide.mcu.externaltools.gnu-tools-for-stm32.14.3.rel1.win32_1.0.100.202602081740/tools/bin/../lib/gcc/arm-none-eabi/14.3.1/../../../../arm-none-eabi/lib/thumb/v8-m.main+fp/hard\libc_nano.a(libc_a-lock.o)
                0x08011b8a                __retarget_lock_acquire_recursive
 .text.__retarget_lock_release_recursive
                0x08011b8c        0x2 C:/Program Files/STM32CubeIDE_2.1.1/STM32CubeIDE/plugins/com.st.stm32cube.ide.mcu.externaltools.gnu-tools-for-stm32.14.3.rel1.win32_1.0.100.202602081740/tools/bin/../lib/gcc/arm-none-eabi/14.3.1/../../../../arm-none-eabi/lib/thumb/v8-m.main+fp/hard\libc_nano.a(libc_a-lock.o)
                0x08011b8c                __retarget_lock_release_recursive
 .text.memcpy   0x08011b8e       0x1a C:/Program Files/STM32CubeIDE_2.1.1/STM32CubeIDE/plugins/com.st.stm32cube.ide.mcu.externaltools.gnu-tools-for-stm32.14.3.rel1.win32_1.0.100.202602081740/tools/bin/../lib/gcc/arm-none-eabi/14.3.1/../../../../arm-none-eabi/lib/thumb/v8-m.main+fp/hard\libc_nano.a(libc_a-memcpy-stub.o)
                0x08011b8e                memcpy
 .text._free_r  0x08011ba8       0x94 C:/Program Files/STM32CubeIDE_2.1.1/STM32CubeIDE/plugins/com.st.stm32cube.ide.mcu.externaltools.gnu-tools-for-stm32.14.3.rel1.win32_1.0.100.202602081740/tools/bin/../lib/gcc/arm-none-eabi/14.3.1/../../../../arm-none-eabi/lib/thumb/v8-m.main+fp/hard\libc_nano.a(libc_a-freer.o)
                0x08011ba8                _free_r
 .text.sbrk_aligned
                0x08011c3c       0x44 C:/Program Files/STM32CubeIDE_2.1.1/STM32CubeIDE/plugins/com.st.stm32cube.ide.mcu.externaltools.gnu-tools-for-stm32.14.3.rel1.win32_1.0.100.202602081740/tools/bin/../lib/gcc/arm-none-eabi/14.3.1/../../../../arm-none-eabi/lib/thumb/v8-m.main+fp/hard\libc_nano.a(libc_a-mallocr.o)
 .text._malloc_r
                0x08011c80      0x100 C:/Program Files/STM32CubeIDE_2.1.1/STM32CubeIDE/plugins/com.st.stm32cube.ide.mcu.externaltools.gnu-tools-for-stm32.14.3.rel1.win32_1.0.100.202602081740/tools/bin/../lib/gcc/arm-none-eabi/14.3.1/../../../../arm-none-eabi/lib/thumb/v8-m.main+fp/hard\libc_nano.a(libc_a-mallocr.o)
                0x08011c80                _malloc_r
 .text.__malloc_lock
                0x08011d80        0xc C:/Program Files/STM32CubeIDE_2.1.1/STM32CubeIDE/plugins/com.st.stm32cube.ide.mcu.externaltools.gnu-tools-for-stm32.14.3.rel1.win32_1.0.100.202602081740/tools/bin/../lib/gcc/arm-none-eabi/14.3.1/../../../../arm-none-eabi/lib/thumb/v8-m.main+fp/hard\libc_nano.a(libc_a-mlock.o)
                0x08011d80                __malloc_lock
 .text.__malloc_unlock
                0x08011d8c        0xc C:/Program Files/STM32CubeIDE_2.1.1/STM32CubeIDE/plugins/com.st.stm32cube.ide.mcu.externaltools.gnu-tools-for-stm32.14.3.rel1.win32_1.0.100.202602081740/tools/bin/../lib/gcc/arm-none-eabi/14.3.1/../../../../arm-none-eabi/lib/thumb/v8-m.main+fp/hard\libc_nano.a(libc_a-mlock.o)
                0x08011d8c                __malloc_unlock
 .text.__ssputs_r
                0x08011d98       0xc0 C:/Program Files/STM32CubeIDE_2.1.1/STM32CubeIDE/plugins/com.st.stm32cube.ide.mcu.externaltools.gnu-tools-for-stm32.14.3.rel1.win32_1.0.100.202602081740/tools/bin/../lib/gcc/arm-none-eabi/14.3.1/../../../../arm-none-eabi/lib/thumb/v8-m.main+fp/hard\libc_nano.a(libc_a-nano-svfprintf.o)
                0x08011d98                __ssputs_r
 .text._svfprintf_r
                0x08011e58      0x1f0 C:/Program Files/STM32CubeIDE_2.1.1/STM32CubeIDE/plugins/com.st.stm32cube.ide.mcu.externaltools.gnu-tools-for-stm32.14.3.rel1.win32_1.0.100.202602081740/tools/bin/../lib/gcc/arm-none-eabi/14.3.1/../../../../arm-none-eabi/lib/thumb/v8-m.main+fp/hard\libc_nano.a(libc_a-nano-svfprintf.o)
                0x08011e58                _svfiprintf_r
                0x08011e58                _svfprintf_r
 .text.__sfputc_r
                0x08012048       0x2e C:/Program Files/STM32CubeIDE_2.1.1/STM32CubeIDE/plugins/com.st.stm32cube.ide.mcu.externaltools.gnu-tools-for-stm32.14.3.rel1.win32_1.0.100.202602081740/tools/bin/../lib/gcc/arm-none-eabi/14.3.1/../../../../arm-none-eabi/lib/thumb/v8-m.main+fp/hard\libc_nano.a(libc_a-nano-vfprintf.o)
 .text.__sfputs_r
                0x08012076       0x24 C:/Program Files/STM32CubeIDE_2.1.1/STM32CubeIDE/plugins/com.st.stm32cube.ide.mcu.externaltools.gnu-tools-for-stm32.14.3.rel1.win32_1.0.100.202602081740/tools/bin/../lib/gcc/arm-none-eabi/14.3.1/../../../../arm-none-eabi/lib/thumb/v8-m.main+fp/hard\libc_nano.a(libc_a-nano-vfprintf.o)
                0x08012076                __sfputs_r
 *fill*         0x0801209a        0x2 
 .text._vfprintf_r
                0x0801209c      0x228 C:/Program Files/STM32CubeIDE_2.1.1/STM32CubeIDE/plugins/com.st.stm32cube.ide.mcu.externaltools.gnu-tools-for-stm32.14.3.rel1.win32_1.0.100.202602081740/tools/bin/../lib/gcc/arm-none-eabi/14.3.1/../../../../arm-none-eabi/lib/thumb/v8-m.main+fp/hard\libc_nano.a(libc_a-nano-vfprintf.o)
                0x0801209c                _vfprintf_r
                0x0801209c                _vfiprintf_r
 .text._printf_common
                0x080122c4       0xe4 C:/Program Files/STM32CubeIDE_2.1.1/STM32CubeIDE/plugins/com.st.stm32cube.ide.mcu.externaltools.gnu-tools-for-stm32.14.3.rel1.win32_1.0.100.202602081740/tools/bin/../lib/gcc/arm-none-eabi/14.3.1/../../../../arm-none-eabi/lib/thumb/v8-m.main+fp/hard\libc_nano.a(libc_a-nano-vfprintf_i.o)
                0x080122c4                _printf_common
 .text._printf_i
                0x080123a8      0x24c C:/Program Files/STM32CubeIDE_2.1.1/STM32CubeIDE/plugins/com.st.stm32cube.ide.mcu.externaltools.gnu-tools-for-stm32.14.3.rel1.win32_1.0.100.202602081740/tools/bin/../lib/gcc/arm-none-eabi/14.3.1/../../../../arm-none-eabi/lib/thumb/v8-m.main+fp/hard\libc_nano.a(libc_a-nano-vfprintf_i.o)
                0x080123a8                _printf_i
 .text.__sflush_r
                0x080125f4      0x100 C:/Program Files/STM32CubeIDE_2.1.1/STM32CubeIDE/plugins/com.st.stm32cube.ide.mcu.externaltools.gnu-tools-for-stm32.14.3.rel1.win32_1.0.100.202602081740/tools/bin/../lib/gcc/arm-none-eabi/14.3.1/../../../../arm-none-eabi/lib/thumb/v8-m.main+fp/hard\libc_nano.a(libc_a-fflush.o)
                0x080125f4                __sflush_r
 .text._fflush_r
                0x080126f4       0x50 C:/Program Files/STM32CubeIDE_2.1.1/STM32CubeIDE/plugins/com.st.stm32cube.ide.mcu.externaltools.gnu-tools-for-stm32.14.3.rel1.win32_1.0.100.202602081740/tools/bin/../lib/gcc/arm-none-eabi/14.3.1/../../../../arm-none-eabi/lib/thumb/v8-m.main+fp/hard\libc_nano.a(libc_a-fflush.o)
                0x080126f4                _fflush_r
 .text.__swhatbuf_r
                0x08012744       0x48 C:/Program Files/STM32CubeIDE_2.1.1/STM32CubeIDE/plugins/com.st.stm32cube.ide.mcu.externaltools.gnu-tools-for-stm32.14.3.rel1.win32_1.0.100.202602081740/tools/bin/../lib/gcc/arm-none-eabi/14.3.1/../../../../arm-none-eabi/lib/thumb/v8-m.main+fp/hard\libc_nano.a(libc_a-makebuf.o)
                0x08012744                __swhatbuf_r
 .text.__smakebuf_r
                0x0801278c       0x72 C:/Program Files/STM32CubeIDE_2.1.1/STM32CubeIDE/plugins/com.st.stm32cube.ide.mcu.externaltools.gnu-tools-for-stm32.14.3.rel1.win32_1.0.100.202602081740/tools/bin/../lib/gcc/arm-none-eabi/14.3.1/../../../../arm-none-eabi/lib/thumb/v8-m.main+fp/hard\libc_nano.a(libc_a-makebuf.o)
                0x0801278c                __smakebuf_r
 .text._putc_r  0x080127fe       0x68 C:/Program Files/STM32CubeIDE_2.1.1/STM32CubeIDE/plugins/com.st.stm32cube.ide.mcu.externaltools.gnu-tools-for-stm32.14.3.rel1.win32_1.0.100.202602081740/tools/bin/../lib/gcc/arm-none-eabi/14.3.1/../../../../arm-none-eabi/lib/thumb/v8-m.main+fp/hard\libc_nano.a(libc_a-putc.o)
                0x080127fe                _putc_r
 .text.memmove  0x08012866       0x32 C:/Program Files/STM32CubeIDE_2.1.1/STM32CubeIDE/plugins/com.st.stm32cube.ide.mcu.externaltools.gnu-tools-for-stm32.14.3.rel1.win32_1.0.100.202602081740/tools/bin/../lib/gcc/arm-none-eabi/14.3.1/../../../../arm-none-eabi/lib/thumb/v8-m.main+fp/hard\libc_nano.a(libc_a-memmove.o)
                0x08012866                memmove
 .text._fstat_r
                0x08012898       0x24 C:/Program Files/STM32CubeIDE_2.1.1/STM32CubeIDE/plugins/com.st.stm32cube.ide.mcu.externaltools.gnu-tools-for-stm32.14.3.rel1.win32_1.0.100.202602081740/tools/bin/../lib/gcc/arm-none-eabi/14.3.1/../../../../arm-none-eabi/lib/thumb/v8-m.main+fp/hard\libc_nano.a(libc_a-fstatr.o)
                0x08012898                _fstat_r
 .text._isatty_r
                0x080128bc       0x20 C:/Program Files/STM32CubeIDE_2.1.1/STM32CubeIDE/plugins/com.st.stm32cube.ide.mcu.externaltools.gnu-tools-for-stm32.14.3.rel1.win32_1.0.100.202602081740/tools/bin/../lib/gcc/arm-none-eabi/14.3.1/../../../../arm-none-eabi/lib/thumb/v8-m.main+fp/hard\libc_nano.a(libc_a-isattyr.o)
                0x080128bc                _isatty_r
 .text._sbrk_r  0x080128dc       0x20 C:/Program Files/STM32CubeIDE_2.1.1/STM32CubeIDE/plugins/com.st.stm32cube.ide.mcu.externaltools.gnu-tools-for-stm32.14.3.rel1.win32_1.0.100.202602081740/tools/bin/../lib/gcc/arm-none-eabi/14.3.1/../../../../arm-none-eabi/lib/thumb/v8-m.main+fp/hard\libc_nano.a(libc_a-sbrkr.o)
                0x080128dc                _sbrk_r
 .text.memchr   0x080128fc       0x1c C:/Program Files/STM32CubeIDE_2.1.1/STM32CubeIDE/plugins/com.st.stm32cube.ide.mcu.externaltools.gnu-tools-for-stm32.14.3.rel1.win32_1.0.100.202602081740/tools/bin/../lib/gcc/arm-none-eabi/14.3.1/../../../../arm-none-eabi/lib/thumb/v8-m.main+fp/hard\libc_nano.a(libc_a-memchr-stub.o)
                0x080128fc                memchr
 .text._realloc_r
                0x08012918       0x5c C:/Program Files/STM32CubeIDE_2.1.1/STM32CubeIDE/plugins/com.st.stm32cube.ide.mcu.externaltools.gnu-tools-for-stm32.14.3.rel1.win32_1.0.100.202602081740/tools/bin/../lib/gcc/arm-none-eabi/14.3.1/../../../../arm-none-eabi/lib/thumb/v8-m.main+fp/hard\libc_nano.a(libc_a-reallocr.o)
                0x08012918                _realloc_r
 .text._malloc_usable_size_r
                0x08012974       0x10 C:/Program Files/STM32CubeIDE_2.1.1/STM32CubeIDE/plugins/com.st.stm32cube.ide.mcu.externaltools.gnu-tools-for-stm32.14.3.rel1.win32_1.0.100.202602081740/tools/bin/../lib/gcc/arm-none-eabi/14.3.1/../../../../arm-none-eabi/lib/thumb/v8-m.main+fp/hard\libc_nano.a(libc_a-msizer.o)
                0x08012974                _malloc_usable_size_r
 *(.glue_7)
 .glue_7        0x08012984        0x0 linker stubs
 *(.glue_7t)
 .glue_7t       0x08012984        0x0 linker stubs
 *(.eh_frame)
 .eh_frame      0x08012984        0x0 C:/Program Files/STM32CubeIDE_2.1.1/STM32CubeIDE/plugins/com.st.stm32cube.ide.mcu.externaltools.gnu-tools-for-stm32.14.3.rel1.win32_1.0.100.202602081740/tools/bin/../lib/gcc/arm-none-eabi/14.3.1/thumb/v8-m.main+fp/hard/crtbegin.o
 *(.init)
 .init          0x08012984        0x4 C:/Program Files/STM32CubeIDE_2.1.1/STM32CubeIDE/plugins/com.st.stm32cube.ide.mcu.externaltools.gnu-tools-for-stm32.14.3.rel1.win32_1.0.100.202602081740/tools/bin/../lib/gcc/arm-none-eabi/14.3.1/thumb/v8-m.main+fp/hard/crti.o
                0x08012984                _init
 .init          0x08012988        0x8 C:/Program Files/STM32CubeIDE_2.1.1/STM32CubeIDE/plugins/com.st.stm32cube.ide.mcu.externaltools.gnu-tools-for-stm32.14.3.rel1.win32_1.0.100.202602081740/tools/bin/../lib/gcc/arm-none-eabi/14.3.1/thumb/v8-m.main+fp/hard/crtn.o
 *(.fini)
 .fini          0x08012990        0x4 C:/Program Files/STM32CubeIDE_2.1.1/STM32CubeIDE/plugins/com.st.stm32cube.ide.mcu.externaltools.gnu-tools-for-stm32.14.3.rel1.win32_1.0.100.202602081740/tools/bin/../lib/gcc/arm-none-eabi/14.3.1/thumb/v8-m.main+fp/hard/crti.o
                0x08012990                _fini
 .fini          0x08012994        0x8 C:/Program Files/STM32CubeIDE_2.1.1/STM32CubeIDE/plugins/com.st.stm32cube.ide.mcu.externaltools.gnu-tools-for-stm32.14.3.rel1.win32_1.0.100.202602081740/tools/bin/../lib/gcc/arm-none-eabi/14.3.1/thumb/v8-m.main+fp/hard/crtn.o
                0x0801299c                        . = ALIGN (0x4)
                0x0801299c                        _etext = .

.vfp11_veneer   0x0801299c        0x0
 .vfp11_veneer  0x0801299c        0x0 linker stubs

.v4_bx          0x0801299c        0x0
 .v4_bx         0x0801299c        0x0 linker stubs

.iplt           0x0801299c        0x0
 .iplt          0x0801299c        0x0 C:/Program Files/STM32CubeIDE_2.1.1/STM32CubeIDE/plugins/com.st.stm32cube.ide.mcu.externaltools.gnu-tools-for-stm32.14.3.rel1.win32_1.0.100.202602081740/tools/bin/../lib/gcc/arm-none-eabi/14.3.1/thumb/v8-m.main+fp/hard/crtbegin.o

.rodata         0x0801299c      0xed0
                0x0801299c                        . = ALIGN (0x4)
 *(.rodata)
 .rodata        0x0801299c      0x18a ./Core/Src/app/app.o
 *fill*         0x08012b26        0x2 
 .rodata        0x08012b28      0x1dc ./Core/Src/comms/ble_bluenrg.o
 .rodata        0x08012d04       0xe8 ./Core/Src/sensors/acc_adxl373.o
 .rodata        0x08012dec      0x17f ./Core/Src/sensors/brake_pressure.o
 *fill*         0x08012f6b        0x1 
 .rodata        0x08012f6c      0x112 ./Core/Src/sensors/gnss.o
 *fill*         0x0801307e        0x2 
 .rodata        0x08013080      0x169 ./Core/Src/sensors/imu_lsm6dso.o
 *fill*         0x080131e9        0x3 
 .rodata        0x080131ec       0x19 ./Core/Src/storage/ff.o
 *fill*         0x08013205        0x3 
 .rodata        0x08013208      0x51d ./Core/Src/storage/storage_logger.o
 *(.rodata*)
 *fill*         0x08013725        0x3 
 .rodata.board_interfaces
                0x08013728       0x44 ./Core/Src/board/board.o
 .rodata.AHBPrescTable
                0x0801376c       0x10 ./Core/Src/system_stm32h5xx.o
                0x0801376c                AHBPrescTable
 .rodata.APBPrescTable
                0x0801377c        0x8 ./Core/Src/system_stm32h5xx.o
                0x0801377c                APBPrescTable
 .rodata.ExCvt  0x08013784       0x80 ./Core/Src/storage/ff.o
 .rodata.LED_PIN
                0x08013804        0x6 ./Drivers/BSP/STM32H5xx_Nucleo/stm32h5xx_nucleo.o
 *fill*         0x0801380a        0x2 
 .rodata.BUTTON_EXTI_LINE.2
                0x0801380c        0x4 ./Drivers/BSP/STM32H5xx_Nucleo/stm32h5xx_nucleo.o
 .rodata.UARTPrescTable
                0x08013810       0x18 ./Drivers/STM32H5xx_HAL_Driver/Src/stm32h5xx_hal_uart.o
                0x08013810                UARTPrescTable
 .rodata.numerator.1
                0x08013828        0x8 ./Drivers/STM32H5xx_HAL_Driver/Src/stm32h5xx_hal_uart_ex.o
 .rodata.denominator.0
                0x08013830        0x8 ./Drivers/STM32H5xx_HAL_Driver/Src/stm32h5xx_hal_uart_ex.o
 .rodata._svfprintf_r.str1.1
                0x08013838       0x33 C:/Program Files/STM32CubeIDE_2.1.1/STM32CubeIDE/plugins/com.st.stm32cube.ide.mcu.externaltools.gnu-tools-for-stm32.14.3.rel1.win32_1.0.100.202602081740/tools/bin/../lib/gcc/arm-none-eabi/14.3.1/../../../../arm-none-eabi/lib/thumb/v8-m.main+fp/hard\libc_nano.a(libc_a-nano-svfprintf.o)
                                 0x11 (size before relaxing)
 .rodata._vfprintf_r.str1.1
                0x0801386b       0x11 C:/Program Files/STM32CubeIDE_2.1.1/STM32CubeIDE/plugins/com.st.stm32cube.ide.mcu.externaltools.gnu-tools-for-stm32.14.3.rel1.win32_1.0.100.202602081740/tools/bin/../lib/gcc/arm-none-eabi/14.3.1/../../../../arm-none-eabi/lib/thumb/v8-m.main+fp/hard\libc_nano.a(libc_a-nano-vfprintf.o)
 .rodata._printf_i.str1.1
                0x0801386b       0x22 C:/Program Files/STM32CubeIDE_2.1.1/STM32CubeIDE/plugins/com.st.stm32cube.ide.mcu.externaltools.gnu-tools-for-stm32.14.3.rel1.win32_1.0.100.202602081740/tools/bin/../lib/gcc/arm-none-eabi/14.3.1/../../../../arm-none-eabi/lib/thumb/v8-m.main+fp/hard\libc_nano.a(libc_a-nano-vfprintf_i.o)
                0x08013890                        . = ALIGN (0x4)
 *fill*         0x0801386b        0x1 

.ARM.extab      0x0801386c        0x0
                0x0801386c                        . = ALIGN (0x4)
 *(.ARM.extab* .gnu.linkonce.armextab.*)
                0x0801386c                        . = ALIGN (0x4)

.ARM            0x0801386c        0x8
                0x0801386c                        . = ALIGN (0x4)
                0x0801386c                        __exidx_start = .
 *(.ARM.exidx*)
 .ARM.exidx     0x0801386c        0x8 C:/Program Files/STM32CubeIDE_2.1.1/STM32CubeIDE/plugins/com.st.stm32cube.ide.mcu.externaltools.gnu-tools-for-stm32.14.3.rel1.win32_1.0.100.202602081740/tools/bin/../lib/gcc/arm-none-eabi/14.3.1/thumb/v8-m.main+fp/hard\libgcc.a(_udivmoddi4.o)
                0x08013874                        __exidx_end = .
                0x08013874                        . = ALIGN (0x4)

.preinit_array  0x08013874        0x0
                0x08013874                        . = ALIGN (0x4)
                0x08013874                        PROVIDE (__preinit_array_start = .)
 *(.preinit_array*)
                0x08013874                        PROVIDE (__preinit_array_end = .)
                0x08013874                        . = ALIGN (0x4)

.init_array     0x08013874        0x4
                0x08013874                        . = ALIGN (0x4)
                0x08013874                        PROVIDE (__init_array_start = .)
 *(SORT_BY_NAME(.init_array.*))
 *(.init_array*)
 .init_array    0x08013874        0x4 C:/Program Files/STM32CubeIDE_2.1.1/STM32CubeIDE/plugins/com.st.stm32cube.ide.mcu.externaltools.gnu-tools-for-stm32.14.3.rel1.win32_1.0.100.202602081740/tools/bin/../lib/gcc/arm-none-eabi/14.3.1/thumb/v8-m.main+fp/hard/crtbegin.o
                0x08013878                        PROVIDE (__init_array_end = .)
                0x08013878                        . = ALIGN (0x4)

.fini_array     0x08013878        0x4
                0x08013878                        . = ALIGN (0x4)
                [!provide]                        PROVIDE (__fini_array_start = .)
 *(SORT_BY_NAME(.fini_array.*))
 *(.fini_array*)
 .fini_array    0x08013878        0x4 C:/Program Files/STM32CubeIDE_2.1.1/STM32CubeIDE/plugins/com.st.stm32cube.ide.mcu.externaltools.gnu-tools-for-stm32.14.3.rel1.win32_1.0.100.202602081740/tools/bin/../lib/gcc/arm-none-eabi/14.3.1/thumb/v8-m.main+fp/hard/crtbegin.o
                [!provide]                        PROVIDE (__fini_array_end = .)
                0x0801387c                        . = ALIGN (0x4)
                0x0801387c                        _sidata = LOADADDR (.data)

.rel.dyn        0x0801387c        0x0
 .rel.iplt      0x0801387c        0x0 C:/Program Files/STM32CubeIDE_2.1.1/STM32CubeIDE/plugins/com.st.stm32cube.ide.mcu.externaltools.gnu-tools-for-stm32.14.3.rel1.win32_1.0.100.202602081740/tools/bin/../lib/gcc/arm-none-eabi/14.3.1/thumb/v8-m.main+fp/hard/crtbegin.o

.data           0x20000000       0x84 load address 0x0801387c
                0x20000000                        . = ALIGN (0x4)
                0x20000000                        _sdata = .
 *(.data)
 *(.data*)
 .data.SystemCoreClock
                0x20000000        0x4 ./Core/Src/system_stm32h5xx.o
                0x20000000                SystemCoreClock
 .data.COM_USART
                0x20000004        0x4 ./Drivers/BSP/STM32H5xx_Nucleo/stm32h5xx_nucleo.o
                0x20000004                COM_USART
 .data.LED_PORT
                0x20000008        0xc ./Drivers/BSP/STM32H5xx_Nucleo/stm32h5xx_nucleo.o
 .data.BUTTON_PORT
                0x20000014        0x4 ./Drivers/BSP/STM32H5xx_Nucleo/stm32h5xx_nucleo.o
 .data.ButtonCallback.1
                0x20000018        0x4 ./Drivers/BSP/STM32H5xx_Nucleo/stm32h5xx_nucleo.o
 .data.BSP_BUTTON_PRIO.0
                0x2000001c        0x4 ./Drivers/BSP/STM32H5xx_Nucleo/stm32h5xx_nucleo.o
 .data.uwTickPrio
                0x20000020        0x4 ./Drivers/STM32H5xx_HAL_Driver/Src/stm32h5xx_hal.o
                0x20000020                uwTickPrio
 .data.uwTickFreq
                0x20000024        0x1 ./Drivers/STM32H5xx_HAL_Driver/Src/stm32h5xx_hal.o
                0x20000024                uwTickFreq
 *fill*         0x20000025        0x3 
 .data.__sglue  0x20000028        0xc C:/Program Files/STM32CubeIDE_2.1.1/STM32CubeIDE/plugins/com.st.stm32cube.ide.mcu.externaltools.gnu-tools-for-stm32.14.3.rel1.win32_1.0.100.202602081740/tools/bin/../lib/gcc/arm-none-eabi/14.3.1/../../../../arm-none-eabi/lib/thumb/v8-m.main+fp/hard\libc_nano.a(libc_a-findfp.o)
                0x20000028                __sglue
 .data._impure_ptr
                0x20000034        0x4 C:/Program Files/STM32CubeIDE_2.1.1/STM32CubeIDE/plugins/com.st.stm32cube.ide.mcu.externaltools.gnu-tools-for-stm32.14.3.rel1.win32_1.0.100.202602081740/tools/bin/../lib/gcc/arm-none-eabi/14.3.1/../../../../arm-none-eabi/lib/thumb/v8-m.main+fp/hard\libc_nano.a(libc_a-impure.o)
                0x20000034                _impure_ptr
 .data._impure_data
                0x20000038       0x4c C:/Program Files/STM32CubeIDE_2.1.1/STM32CubeIDE/plugins/com.st.stm32cube.ide.mcu.externaltools.gnu-tools-for-stm32.14.3.rel1.win32_1.0.100.202602081740/tools/bin/../lib/gcc/arm-none-eabi/14.3.1/../../../../arm-none-eabi/lib/thumb/v8-m.main+fp/hard\libc_nano.a(libc_a-impure.o)
                0x20000038                _impure_data
 *(.RamFunc)
 *(.RamFunc*)
                0x20000084                        . = ALIGN (0x4)
                0x20000084                        _edata = .

.igot.plt       0x20000084        0x0 load address 0x08013900
 .igot.plt      0x20000084        0x0 C:/Program Files/STM32CubeIDE_2.1.1/STM32CubeIDE/plugins/com.st.stm32cube.ide.mcu.externaltools.gnu-tools-for-stm32.14.3.rel1.win32_1.0.100.202602081740/tools/bin/../lib/gcc/arm-none-eabi/14.3.1/thumb/v8-m.main+fp/hard/crtbegin.o
                0x20000084                        . = ALIGN (0x4)

.bss            0x20000084      0xa20 load address 0x08013900
                0x20000084                        _sbss = .
                0x20000084                        __bss_start__ = _sbss
 *(.bss)
 .bss           0x20000084       0x1c C:/Program Files/STM32CubeIDE_2.1.1/STM32CubeIDE/plugins/com.st.stm32cube.ide.mcu.externaltools.gnu-tools-for-stm32.14.3.rel1.win32_1.0.100.202602081740/tools/bin/../lib/gcc/arm-none-eabi/14.3.1/thumb/v8-m.main+fp/hard/crtbegin.o
 *(.bss*)
 .bss.app_sd_error
                0x200000a0        0x1 ./Core/Src/app/app.o
 .bss.last_raw.5
                0x200000a1        0x1 ./Core/Src/app/app.o
 *fill*         0x200000a2        0x2 
 .bss.last_change_ms.4
                0x200000a4        0x4 ./Core/Src/app/app.o
 .bss.stable_state.3
                0x200000a8        0x1 ./Core/Src/app/app.o
 *fill*         0x200000a9        0x3 
 .bss.next_recover_ms.2
                0x200000ac        0x4 ./Core/Src/app/app.o
 .bss.next_led_ms.1
                0x200000b0        0x4 ./Core/Src/app/app.o
 .bss.next_sample_ms.0
                0x200000b4        0x4 ./Core/Src/app/app.o
 .bss.ble_bluenrg_ready
                0x200000b8        0x1 ./Core/Src/comms/ble_bluenrg.o
 *fill*         0x200000b9        0x3 
 .bss.ble_last_hdr
                0x200000bc        0x5 ./Core/Src/comms/ble_bluenrg.o
 *fill*         0x200000c1        0x3 
 .bss.BspCOMInit
                0x200000c4       0x10 ./Core/Src/main.o
                0x200000c4                BspCOMInit
 .bss.hadc1     0x200000d4       0x68 ./Core/Src/main.o
                0x200000d4                hadc1
 .bss.hlpuart1  0x2000013c       0x94 ./Core/Src/main.o
                0x2000013c                hlpuart1
 .bss.hspi1     0x200001d0       0x90 ./Core/Src/main.o
                0x200001d0                hspi1
 .bss.hspi3     0x20000260       0x90 ./Core/Src/main.o
                0x20000260                hspi3
 .bss.hspi5     0x200002f0       0x90 ./Core/Src/main.o
                0x200002f0                hspi5
 .bss.__sbrk_heap_end
                0x20000380        0x4 ./Core/Src/sysmem.o
 .bss.acc_adxl373_ready
                0x20000384        0x1 ./Core/Src/sensors/acc_adxl373.o
 .bss.brake_pressure_ready
                0x20000385        0x1 ./Core/Src/sensors/brake_pressure.o
 *fill*         0x20000386        0x2 
 .bss.next_warn_ms.0
                0x20000388        0x4 ./Core/Src/sensors/brake_pressure.o
 .bss.gnss_ready
                0x2000038c        0x1 ./Core/Src/sensors/gnss.o
 *fill*         0x2000038d        0x3 
 .bss.gnss_last
                0x20000390       0x14 ./Core/Src/sensors/gnss.o
 .bss.gnss_line
                0x200003a4       0x64 ./Core/Src/sensors/gnss.o
 .bss.gnss_line_len
                0x20000408        0x4 ./Core/Src/sensors/gnss.o
 .bss.gnss_last_poll_ms
                0x2000040c        0x4 ./Core/Src/sensors/gnss.o
 .bss.gnss_date_day
                0x20000410        0x1 ./Core/Src/sensors/gnss.o
 .bss.gnss_date_month
                0x20000411        0x1 ./Core/Src/sensors/gnss.o
 .bss.gnss_date_year
                0x20000412        0x2 ./Core/Src/sensors/gnss.o
 .bss.buf.0     0x20000414      0x200 ./Core/Src/sensors/gnss.o
 .bss.imu_lsm6dso_ready
                0x20000614        0x1 ./Core/Src/sensors/imu_lsm6dso.o
 .bss.imu_bias_valid
                0x20000615        0x1 ./Core/Src/sensors/imu_lsm6dso.o
 *fill*         0x20000616        0x2 
 .bss.imu_gyro_bias
                0x20000618        0x6 ./Core/Src/sensors/imu_lsm6dso.o
 *fill*         0x2000061e        0x2 
 .bss.FatFs     0x20000620        0x4 ./Core/Src/storage/ff.o
 .bss.Fsid      0x20000624        0x2 ./Core/Src/storage/ff.o
 .bss.sd_card_type
                0x20000626        0x1 ./Core/Src/storage/storage_logger.o
 *fill*         0x20000627        0x1 
 .bss.storage_fs
                0x20000628      0x230 ./Core/Src/storage/storage_logger.o
 .bss.storage_log_file
                0x20000858       0x28 ./Core/Src/storage/storage_logger.o
 .bss.storage_logger_ready
                0x20000880        0x1 ./Core/Src/storage/storage_logger.o
 *fill*         0x20000881        0x3 
 .bss.storage_sample_count
                0x20000884        0x4 ./Core/Src/storage/storage_logger.o
 .bss.fil.0     0x20000888       0x28 ./Core/Src/storage/storage_logger.o
 .bss.hpb_exti  0x200008b0        0xc ./Drivers/BSP/STM32H5xx_Nucleo/stm32h5xx_nucleo.o
                0x200008b0                hpb_exti
 .bss.hcom_uart
                0x200008bc       0x94 ./Drivers/BSP/STM32H5xx_Nucleo/stm32h5xx_nucleo.o
                0x200008bc                hcom_uart
 .bss.COM_ActiveLogPort
                0x20000950        0x1 ./Drivers/BSP/STM32H5xx_Nucleo/stm32h5xx_nucleo.o
 *fill*         0x20000951        0x3 
 .bss.uwTick    0x20000954        0x4 ./Drivers/STM32H5xx_HAL_Driver/Src/stm32h5xx_hal.o
                0x20000954                uwTick
 .bss.__sf      0x20000958      0x138 C:/Program Files/STM32CubeIDE_2.1.1/STM32CubeIDE/plugins/com.st.stm32cube.ide.mcu.externaltools.gnu-tools-for-stm32.14.3.rel1.win32_1.0.100.202602081740/tools/bin/../lib/gcc/arm-none-eabi/14.3.1/../../../../arm-none-eabi/lib/thumb/v8-m.main+fp/hard\libc_nano.a(libc_a-findfp.o)
                0x20000958                __sf
 .bss.__stdio_exit_handler
                0x20000a90        0x4 C:/Program Files/STM32CubeIDE_2.1.1/STM32CubeIDE/plugins/com.st.stm32cube.ide.mcu.externaltools.gnu-tools-for-stm32.14.3.rel1.win32_1.0.100.202602081740/tools/bin/../lib/gcc/arm-none-eabi/14.3.1/../../../../arm-none-eabi/lib/thumb/v8-m.main+fp/hard\libc_nano.a(libc_a-findfp.o)
                0x20000a90                __stdio_exit_handler
 .bss.errno     0x20000a94        0x4 C:/Program Files/STM32CubeIDE_2.1.1/STM32CubeIDE/plugins/com.st.stm32cube.ide.mcu.externaltools.gnu-tools-for-stm32.14.3.rel1.win32_1.0.100.202602081740/tools/bin/../lib/gcc/arm-none-eabi/14.3.1/../../../../arm-none-eabi/lib/thumb/v8-m.main+fp/hard\libc_nano.a(libc_a-reent.o)
                0x20000a94                errno
 .bss.__lock___malloc_recursive_mutex
                0x20000a98        0x1 C:/Program Files/STM32CubeIDE_2.1.1/STM32CubeIDE/plugins/com.st.stm32cube.ide.mcu.externaltools.gnu-tools-for-stm32.14.3.rel1.win32_1.0.100.202602081740/tools/bin/../lib/gcc/arm-none-eabi/14.3.1/../../../../arm-none-eabi/lib/thumb/v8-m.main+fp/hard\libc_nano.a(libc_a-lock.o)
                0x20000a98                __lock___malloc_recursive_mutex
 .bss.__lock___sfp_recursive_mutex
                0x20000a99        0x1 C:/Program Files/STM32CubeIDE_2.1.1/STM32CubeIDE/plugins/com.st.stm32cube.ide.mcu.externaltools.gnu-tools-for-stm32.14.3.rel1.win32_1.0.100.202602081740/tools/bin/../lib/gcc/arm-none-eabi/14.3.1/../../../../arm-none-eabi/lib/thumb/v8-m.main+fp/hard\libc_nano.a(libc_a-lock.o)
                0x20000a99                __lock___sfp_recursive_mutex
 *fill*         0x20000a9a        0x2 
 .bss.__malloc_sbrk_start
                0x20000a9c        0x4 C:/Program Files/STM32CubeIDE_2.1.1/STM32CubeIDE/plugins/com.st.stm32cube.ide.mcu.externaltools.gnu-tools-for-stm32.14.3.rel1.win32_1.0.100.202602081740/tools/bin/../lib/gcc/arm-none-eabi/14.3.1/../../../../arm-none-eabi/lib/thumb/v8-m.main+fp/hard\libc_nano.a(libc_a-mallocr.o)
                0x20000a9c                __malloc_sbrk_start
 .bss.__malloc_free_list
                0x20000aa0        0x4 C:/Program Files/STM32CubeIDE_2.1.1/STM32CubeIDE/plugins/com.st.stm32cube.ide.mcu.externaltools.gnu-tools-for-stm32.14.3.rel1.win32_1.0.100.202602081740/tools/bin/../lib/gcc/arm-none-eabi/14.3.1/../../../../arm-none-eabi/lib/thumb/v8-m.main+fp/hard\libc_nano.a(libc_a-mallocr.o)
                0x20000aa0                __malloc_free_list
 *(COMMON)
                0x20000aa4                        . = ALIGN (0x4)
                0x20000aa4                        _ebss = .
                0x20000aa4                        __bss_end__ = _ebss

._user_heap_stack
                0x20000aa4      0x604 load address 0x08013900
                0x20000aa8                        . = ALIGN (0x8)
 *fill*         0x20000aa4        0x4 
                [!provide]                        PROVIDE (end = .)
                0x20000aa8                        PROVIDE (_end = .)
                0x20000ca8                        . = (. + _Min_Heap_Size)
 *fill*         0x20000aa8      0x200 
                0x200010a8                        . = (. + _Min_Stack_Size)
 *fill*         0x20000ca8      0x400 
                0x200010a8                        . = ALIGN (0x8)

/DISCARD/
 libc.a(*)
 libm.a(*)
 libgcc.a(*)

.ARM.attributes
                0x00000000       0x36
 *(.ARM.attributes)
 .ARM.attributes
                0x00000000       0x26 C:/Program Files/STM32CubeIDE_2.1.1/STM32CubeIDE/plugins/com.st.stm32cube.ide.mcu.externaltools.gnu-tools-for-stm32.14.3.rel1.win32_1.0.100.202602081740/tools/bin/../lib/gcc/arm-none-eabi/14.3.1/thumb/v8-m.main+fp/hard/crti.o
 .ARM.attributes
                0x00000026       0x38 C:/Program Files/STM32CubeIDE_2.1.1/STM32CubeIDE/plugins/com.st.stm32cube.ide.mcu.externaltools.gnu-tools-for-stm32.14.3.rel1.win32_1.0.100.202602081740/tools/bin/../lib/gcc/arm-none-eabi/14.3.1/thumb/v8-m.main+fp/hard/crtbegin.o
 .ARM.attributes
                0x0000005e       0x3a ./Core/Src/app/app.o
 .ARM.attributes
                0x00000098       0x3a ./Core/Src/board/board.o
 .ARM.attributes
                0x000000d2       0x3a ./Core/Src/comms/ble_bluenrg.o
 .ARM.attributes
                0x0000010c       0x3a ./Core/Src/main.o
 .ARM.attributes
                0x00000146       0x3a ./Core/Src/stm32h5xx_hal_msp.o
 .ARM.attributes
                0x00000180       0x3a ./Core/Src/stm32h5xx_it.o
 .ARM.attributes
                0x000001ba       0x3a ./Core/Src/syscalls.o
 .ARM.attributes
                0x000001f4       0x3a ./Core/Src/sysmem.o
 .ARM.attributes
                0x0000022e       0x3a ./Core/Src/system_stm32h5xx.o
 .ARM.attributes
                0x00000268       0x3a ./Core/Src/sensors/acc_adxl373.o
 .ARM.attributes
                0x000002a2       0x3a ./Core/Src/sensors/brake_pressure.o
 .ARM.attributes
                0x000002dc       0x3a ./Core/Src/sensors/gnss.o
 .ARM.attributes
                0x00000316       0x3a ./Core/Src/sensors/imu_lsm6dso.o
 .ARM.attributes
                0x00000350       0x3a ./Core/Src/storage/ff.o
 .ARM.attributes
                0x0000038a       0x3a ./Core/Src/storage/storage_logger.o
 .ARM.attributes