Archive member included to satisfy reference by file (symbol)

C:/Program Files/STM32CubeIDE_2.1.1/STM32CubeIDE/plugins/com.st.stm32cube.ide.mcu.externaltools.gnu-tools-for-stm32.14.3.rel1.win32_1.0.100.202602081740/tools/bin/../lib/gcc/arm-none-eabi/14.3.1/../../../../arm-none-eabi/lib/thumb/v8-m.main+fp/hard\libc_nano.a(libc_a-exit.o)
                              C:/Program Files/STM32CubeIDE_2.1.1/STM32CubeIDE/plugins/com.st.stm32cube.ide.mcu.externaltools.gnu-tools-for-stm32.14.3.rel1.win32_1.0.100.202602081740/tools/bin/../lib/gcc/arm-none-eabi/14.3.1/../../../../arm-none-eabi/lib/thumb/v8-m.main+fp/hard/crt0.o (exit)
C:/Program Files/STM32CubeIDE_2.1.1/STM32CubeIDE/plugins/com.st.stm32cube.ide.mcu.externaltools.gnu-tools-for-stm32.14.3.rel1.win32_1.0.100.202602081740/tools/bin/../lib/gcc/arm-none-eabi/14.3.1/../../../../arm-none-eabi/lib/thumb/v8-m.main+fp/hard\libc_nano.a(libc_a-findfp.o)
                              C:/Program Files/STM32CubeIDE_2.1.1/STM32CubeIDE/plugins/com.st.stm32cube.ide.mcu.externaltools.gnu-tools-for-stm32.14.3.rel1.win32_1.0.100.202602081740/tools/bin/../lib/gcc/arm-none-eabi/14.3.1/../../../../arm-none-eabi/lib/thumb/v8-m.main+fp/hard\libc_nano.a(libc_a-exit.o) (__stdio_exit_handler)
C:/Program Files/STM32CubeIDE_2.1.1/STM32CubeIDE/plugins/com.st.stm32cube.ide.mcu.externaltools.gnu-tools-for-stm32.14.3.rel1.win32_1.0.100.202602081740/tools/bin/../lib/gcc/arm-none-eabi/14.3.1/../../../../arm-none-eabi/lib/thumb/v8-m.main+fp/hard\libc_nano.a(libc_a-fwalk.o)
                              C:/Program Files/STM32CubeIDE_2.1.1/STM32CubeIDE/plugins/com.st.stm32cube.ide.mcu.externaltools.gnu-tools-for-stm32.14.3.rel1.win32_1.0.100.202602081740/tools/bin/../lib/gcc/arm-none-eabi/14.3.1/../../../../arm-none-eabi/lib/thumb/v8-m.main+fp/hard\libc_nano.a(libc_a-findfp.o) (_fwalk_sglue)
C:/Program Files/STM32CubeIDE_2.1.1/STM32CubeIDE/plugins/com.st.stm32cube.ide.mcu.externaltools.gnu-tools-for-stm32.14.3.rel1.win32_1.0.100.202602081740/tools/bin/../lib/gcc/arm-none-eabi/14.3.1/../../../../arm-none-eabi/lib/thumb/v8-m.main+fp/hard\libc_nano.a(libc_a-printf.o)
                              ./Core/Src/app/app.o (printf)
C:/Program Files/STM32CubeIDE_2.1.1/STM32CubeIDE/plugins/com.st.stm32cube.ide.mcu.externaltools.gnu-tools-for-stm32.14.3.rel1.win32_1.0.100.202602081740/tools/bin/../lib/gcc/arm-none-eabi/14.3.1/../../../../arm-none-eabi/lib/thumb/v8-m.main+fp/hard\libc_nano.a(libc_a-putchar.o)
                              ./Core/Src/sensors/gnss.o (putchar)
C:/Program Files/STM32CubeIDE_2.1.1/STM32CubeIDE/plugins/com.st.stm32cube.ide.mcu.externaltools.gnu-tools-for-stm32.14.3.rel1.win32_1.0.100.202602081740/tools/bin/../lib/gcc/arm-none-eabi/14.3.1/../../../../arm-none-eabi/lib/thumb/v8-m.main+fp/hard\libc_nano.a(libc_a-puts.o)
                              ./Core/Src/app/app.o (puts)
C:/Program Files/STM32CubeIDE_2.1.1/STM32CubeIDE/plugins/com.st.stm32cube.ide.mcu.externaltools.gnu-tools-for-stm32.14.3.rel1.win32_1.0.100.202602081740/tools/bin/../lib/gcc/arm-none-eabi/14.3.1/../../../../arm-none-eabi/lib/thumb/v8-m.main+fp/hard\libc_nano.a(libc_a-snprintf.o)
                              ./Core/Src/storage/storage_logger.o (snprintf)
C:/Program Files/STM32CubeIDE_2.1.1/STM32CubeIDE/plugins/com.st.stm32cube.ide.mcu.externaltools.gnu-tools-for-stm32.14.3.rel1.win32_1.0.100.202602081740/tools/bin/../lib/gcc/arm-none-eabi/14.3.1/../../../../arm-none-eabi/lib/thumb/v8-m.main+fp/hard\libc_nano.a(libc_a-stdio.o)
                              C:/Program Files/STM32CubeIDE_2.1.1/STM32CubeIDE/plugins/com.st.stm32cube.ide.mcu.externaltools.gnu-tools-for-stm32.14.3.rel1.win32_1.0.100.202602081740/tools/bin/../lib/gcc/arm-none-eabi/14.3.1/../../../../arm-none-eabi/lib/thumb/v8-m.main+fp/hard\libc_nano.a(libc_a-findfp.o) (__sread)
C:/Program Files/STM32CubeIDE_2.1.1/STM32CubeIDE/plugins/com.st.stm32cube.ide.mcu.externaltools.gnu-tools-for-stm32.14.3.rel1.win32_1.0.100.202602081740/tools/bin/../lib/gcc/arm-none-eabi/14.3.1/../../../../arm-none-eabi/lib/thumb/v8-m.main+fp/hard\libc_nano.a(libc_a-wbuf.o)
                              C:/Program Files/STM32CubeIDE_2.1.1/STM32CubeIDE/plugins/com.st.stm32cube.ide.mcu.externaltools.gnu-tools-for-stm32.14.3.rel1.win32_1.0.100.202602081740/tools/bin/../lib/gcc/arm-none-eabi/14.3.1/../../../../arm-none-eabi/lib/thumb/v8-m.main+fp/hard\libc_nano.a(libc_a-puts.o) (__swbuf_r)
C:/Program Files/STM32CubeIDE_2.1.1/STM32CubeIDE/plugins/com.st.stm32cube.ide.mcu.externaltools.gnu-tools-for-stm32.14.3.rel1.win32_1.0.100.202602081740/tools/bin/../lib/gcc/arm-none-eabi/14.3.1/../../../../arm-none-eabi/lib/thumb/v8-m.main+fp/hard\libc_nano.a(libc_a-wsetup.o)
                              C:/Program Files/STM32CubeIDE_2.1.1/STM32CubeIDE/plugins/com.st.stm32cube.ide.mcu.externaltools.gnu-tools-for-stm32.14.3.rel1.win32_1.0.100.202602081740/tools/bin/../lib/gcc/arm-none-eabi/14.3.1/../../../../arm-none-eabi/lib/thumb/v8-m.main+fp/hard\libc_nano.a(libc_a-puts.o) (__swsetup_r)
[...]
Memory Configuration

Name             Origin             Length             Attributes
RAM              0x20000000         0x000a0000         xrw
FLASH            0x08000000         0x00200000         xr
*default*        0x00000000         0xffffffff

Linker script and memory map

LOAD C:/Program Files/STM32CubeIDE_2.1.1/STM32CubeIDE/plugins/com.st.stm32cube.ide.mcu.externaltools.gnu-tools-for-stm32.14.3.rel1.win32_1.0.100.202602081740/tools/bin/../lib/gcc/arm-none-eabi/14.3.1/thumb/v8-m.main+fp/hard/crti.o
LOAD C:/Program Files/STM32CubeIDE_2.1.1/STM32CubeIDE/plugins/com.st.stm32cube.ide.mcu.externaltools.gnu-tools-for-stm32.14.3.rel1.win32_1.0.100.202602081740/tools/bin/../lib/gcc/arm-none-eabi/14.3.1/thumb/v8-m.main+fp/hard/crtbegin.o
LOAD C:/Program Files/STM32CubeIDE_2.1.1/STM32CubeIDE/plugins/com.st.stm32cube.ide.mcu.externaltools.gnu-tools-for-stm32.14.3.rel1.win32_1.0.100.202602081740/tools/bin/../lib/gcc/arm-none-eabi/14.3.1/../../../../arm-none-eabi/lib/thumb/v8-m.main+fp/hard/crt0.o
LOAD ./Core/Src/app/app.o
LOAD ./Core/Src/board/board.o
LOAD ./Core/Src/comms/ble_bluenrg.o
LOAD ./Core/Src/main.o
LOAD ./Core/Src/stm32h5xx_hal_msp.o
LOAD ./Core/Src/stm32h5xx_it.o
LOAD ./Core/Src/syscalls.o
LOAD ./Core/Src/sysmem.o
LOAD ./Core/Src/system_stm32h5xx.o
LOAD ./Core/Src/sensors/acc_adxl373.o
LOAD ./Core/Src/sensors/brake_pressure.o
LOAD ./Core/Src/sensors/gnss.o
LOAD ./Core/Src/sensors/imu_lsm6dso.o
LOAD ./Core/Src/storage/ff.o
LOAD ./Core/Src/storage/storage_logger.o
LOAD ./Core/Startup/startup_stm32h563zitx.o
LOAD ./Drivers/BSP/STM32H5xx_Nucleo/stm32h5xx_nucleo.o
LOAD ./Drivers/STM32H5xx_HAL_Driver/Src/stm32h5xx_hal.o
LOAD ./Drivers/STM32H5xx_HAL_Driver/Src/stm32h5xx_hal_adc.o
LOAD ./Drivers/STM32H5xx_HAL_Driver/Src/stm32h5xx_hal_adc_ex.o
LOAD ./Drivers/STM32H5xx_HAL_Driver/Src/stm32h5xx_hal_cortex.o
LOAD ./Drivers/STM32H5xx_HAL_Driver/Src/stm32h5xx_hal_dma.o
LOAD ./Drivers/STM32H5xx_HAL_Driver/Src/stm32h5xx_hal_dma_ex.o
LOAD ./Drivers/STM32H5xx_HAL_Driver/Src/stm32h5xx_hal_exti.o
LOAD ./Drivers/STM32H5xx_HAL_Driver/Src/stm32h5xx_hal_flash.o
LOAD ./Drivers/STM32H5xx_HAL_Driver/Src/stm32h5xx_hal_flash_ex.o
LOAD ./Drivers/STM32H5xx_HAL_Driver/Src/stm32h5xx_hal_gpio.o
LOAD ./Drivers/STM32H5xx_HAL_Driver/Src/stm32h5xx_hal_pwr.o
LOAD ./Drivers/STM32H5xx_HAL_Driver/Src/stm32h5xx_hal_pwr_ex.o
LOAD ./Drivers/STM32H5xx_HAL_Driver/Src/stm32h5xx_hal_rcc.o
LOAD ./Drivers/STM32H5xx_HAL_Driver/Src/stm32h5xx_hal_rcc_ex.o
LOAD ./Drivers/STM32H5xx_HAL_Driver/Src/stm32h5xx_hal_spi.o
LOAD ./Drivers/STM32H5xx_HAL_Driver/Src/stm32h5xx_hal_spi_ex.o
LOAD ./Drivers/STM32H5xx_HAL_Driver/Src/stm32h5xx_hal_tim.o
LOAD ./Drivers/STM32H5xx_HAL_Driver/Src/stm32h5xx_hal_tim_ex.o
LOAD ./Drivers/STM32H5xx_HAL_Driver/Src/stm32h5xx_hal_uart.o
LOAD ./Drivers/STM32H5xx_HAL_Driver/Src/stm32h5xx_hal_uart_ex.o
LOAD ./Drivers/STM32H5xx_HAL_Driver/Src/stm32h5xx_hal_usart.o
LOAD ./Drivers/STM32H5xx_HAL_Driver/Src/stm32h5xx_hal_usart_ex.o
START GROUP
LOAD C:/Program Files/STM32CubeIDE_2.1.1/STM32CubeIDE/plugins/com.st.stm32cube.ide.mcu.externaltools.gnu-tools-for-stm32.14.3.rel1.win32_1.0.100.202602081740/tools/bin/../lib/gcc/arm-none-eabi/14.3.1/../../../../arm-none-eabi/lib/thumb/v8-m.main+fp/hard\libc_nano.a
LOAD C:/Program Files/STM32CubeIDE_2.1.1/STM32CubeIDE/plugins/com.st.stm32cube.ide.mcu.externaltools.gnu-tools-for-stm32.14.3.rel1.win32_1.0.100.202602081740/tools/bin/../lib/gcc/arm-none-eabi/14.3.1/../../../../arm-none-eabi/lib/thumb/v8-m.main+fp/hard\libm.a
END GROUP
START GROUP
LOAD C:/Program Files/STM32CubeIDE_2.1.1/STM32CubeIDE/plugins/com.st.stm32cube.ide.mcu.externaltools.gnu-tools-for-stm32.14.3.rel1.win32_1.0.100.202602081740/tools/bin/../lib/gcc/arm-none-eabi/14.3.1/thumb/v8-m.main+fp/hard\libgcc.a
LOAD C:/Program Files/STM32CubeIDE_2.1.1/STM32CubeIDE/plugins/com.st.stm32cube.ide.mcu.externaltools.gnu-tools-for-stm32.14.3.rel1.win32_1.0.100.202602081740/tools/bin/../lib/gcc/arm-none-eabi/14.3.1/../../../../arm-none-eabi/lib/thumb/v8-m.main+fp/hard\libc_nano.a
END GROUP
START GROUP
LOAD C:/Program Files/STM32CubeIDE_2.1.1/STM32CubeIDE/plugins/com.st.stm32cube.ide.mcu.externaltools.gnu-tools-for-stm32.14.3.rel1.win32_1.0.100.202602081740/tools/bin/../lib/gcc/arm-none-eabi/14.3.1/thumb/v8-m.main+fp/hard\libgcc.a
LOAD C:/Program Files/STM32CubeIDE_2.1.1/STM32CubeIDE/plugins/com.st.stm32cube.ide.mcu.externaltools.gnu-tools-for-stm32.14.3.rel1.win32_1.0.100.202602081740/tools/bin/../lib/gcc/arm-none-eabi/14.3.1/../../../../arm-none-eabi/lib/thumb/v8-m.main+fp/hard\libc_nano.a
LOAD C:/Program Files/STM32CubeIDE_2.1.1/STM32CubeIDE/plugins/com.st.stm32cube.ide.mcu.externaltools.gnu-tools-for-stm32.14.3.rel1.win32_1.0.100.202602081740/tools/bin/../lib/gcc/arm-none-eabi/14.3.1/../../../../arm-none-eabi/lib/thumb/v8-m.main+fp/hard\libnosys.a
END GROUP
START GROUP
LOAD C:/Program Files/STM32CubeIDE_2.1.1/STM32CubeIDE/plugins/com.st.stm32cube.ide.mcu.externaltools.gnu-tools-for-stm32.14.3.rel1.win32_1.0.100.202602081740/tools/bin/../lib/gcc/arm-none-eabi/14.3.1/thumb/v8-m.main+fp/hard\libgcc.a
LOAD C:/Program Files/STM32CubeIDE_2.1.1/STM32CubeIDE/plugins/com.st.stm32cube.ide.mcu.externaltools.gnu-tools-for-stm32.14.3.rel1.win32_1.0.100.202602081740/tools/bin/../lib/gcc/arm-none-eabi/14.3.1/../../../../arm-none-eabi/lib/thumb/v8-m.main+fp/hard\libc_nano.a
LOAD C:/Program Files/STM32CubeIDE_2.1.1/STM32CubeIDE/plugins/com.st.stm32cube.ide.mcu.externaltools.gnu-tools-for-stm32.14.3.rel1.win32_1.0.100.202602081740/tools/bin/../lib/gcc/arm-none-eabi/14.3.1/../../../../arm-none-eabi/lib/thumb/v8-m.main+fp/hard\libnosys.a
END GROUP
LOAD C:/Program Files/STM32CubeIDE_2.1.1/STM32CubeIDE/plugins/com.st.stm32cube.ide.mcu.externaltools.gnu-tools-for-stm32.14.3.rel1.win32_1.0.100.202602081740/tools/bin/../lib/gcc/arm-none-eabi/14.3.1/thumb/v8-m.main+fp/hard/crtend.o
LOAD C:/Program Files/STM32CubeIDE_2.1.1/STM32CubeIDE/plugins/com.st.stm32cube.ide.mcu.externaltools.gnu-tools-for-stm32.14.3.rel1.win32_1.0.100.202602081740/tools/bin/../lib/gcc/arm-none-eabi/14.3.1/thumb/v8-m.main+fp/hard/crtn.o
                0x200a0000                        _estack = (ORIGIN (RAM) + LENGTH (RAM))
                0x00000200                        _Min_Heap_Size = 0x200
                0x00000400                        _Min_Stack_Size = 0x400

.isr_vector     0x08000000      0x24c
                0x08000000                        . = ALIGN (0x4)
 *(.isr_vector)
 .isr_vector    0x08000000      0x24c ./Core/Startup/startup_stm32h563zitx.o
                0x08000000                g_pfnVectors
                0x0800024c                        . = ALIGN (0x4)

.text           0x08000250    0x12954
                0x08000250                        . = ALIGN (0x4)
 *(.text)
 .text          0x08000250       0x40 C:/Program Files/STM32CubeIDE_2.1.1/STM32CubeIDE/plugins/com.st.stm32cube.ide.mcu.externaltools.gnu-tools-for-stm32.14.3.rel1.win32_1.0.100.202602081740/tools/bin/../lib/gcc/arm-none-eabi/14.3.1/thumb/v8-m.main+fp/hard/crtbegin.o
 .text          0x08000290      0x378 C:/Program Files/STM32CubeIDE_2.1.1/STM32CubeIDE/plugins/com.st.stm32cube.ide.mcu.externaltools.gnu-tools-for-stm32.14.3.rel1.win32_1.0.100.202602081740/tools/bin/../lib/gcc/arm-none-eabi/14.3.1/thumb/v8-m.main+fp/hard\libgcc.a(_arm_addsubdf3.o)
                0x08000290                __aeabi_drsub
                0x08000298                __aeabi_dsub
                0x08000298                __subdf3
                0x0800029c                __aeabi_dadd
                0x0800029c                __adddf3
                0x08000514                __floatunsidf
                0x08000514                __aeabi_ui2d
                0x08000534                __floatsidf
                0x08000534                __aeabi_i2d
                0x08000558                __aeabi_f2d
                0x08000558                __extendsfdf2
                0x0800059c                __floatundidf
                0x0800059c                __aeabi_ul2d
                0x080005ac                __floatdidf
                0x080005ac                __aeabi_l2d
 .text          0x08000608      0x424 C:/Program Files/STM32CubeIDE_2.1.1/STM32CubeIDE/plugins/com.st.stm32cube.ide.mcu.externaltools.gnu-tools-for-stm32.14.3.rel1.win32_1.0.100.202602081740/tools/bin/../lib/gcc/arm-none-eabi/14.3.1/thumb/v8-m.main+fp/hard\libgcc.a(_arm_muldivdf3.o)
                0x08000608                __aeabi_dmul
                0x08000608                __muldf3
                0x0800085c                __divdf3
                0x0800085c                __aeabi_ddiv
 .text          0x08000a2c       0x50 C:/Program Files/STM32CubeIDE_2.1.1/STM32CubeIDE/plugins/com.st.stm32cube.ide.mcu.externaltools.gnu-tools-for-stm32.14.3.rel1.win32_1.0.100.202602081740/tools/bin/../lib/gcc/arm-none-eabi/14.3.1/thumb/v8-m.main+fp/hard\libgcc.a(_arm_fixdfsi.o)
                0x08000a2c                __aeabi_d2iz
                0x08000a2c                __fixdfsi
 .text          0x08000a7c       0x40 C:/Program Files/STM32CubeIDE_2.1.1/STM32CubeIDE/plugins/com.st.stm32cube.ide.mcu.externaltools.gnu-tools-for-stm32.14.3.rel1.win32_1.0.100.202602081740/tools/bin/../lib/gcc/arm-none-eabi/14.3.1/thumb/v8-m.main+fp/hard\libgcc.a(_arm_fixunsdfsi.o)
                0x08000a7c                __aeabi_d2uiz
                0x08000a7c                __fixunsdfsi
 .text          0x08000abc       0x30 C:/Program Files/STM32CubeIDE_2.1.1/STM32CubeIDE/plugins/com.st.stm32cube.ide.mcu.externaltools.gnu-tools-for-stm32.14.3.rel1.win32_1.0.100.202602081740/tools/bin/../lib/gcc/arm-none-eabi/14.3.1/thumb/v8-m.main+fp/hard\libgcc.a(_aeabi_uldivmod.o)
                0x08000abc                __aeabi_uldivmod
 .text          0x08000aec      0x34c C:/Program Files/STM32CubeIDE_2.1.1/STM32CubeIDE/plugins/com.st.stm32cube.ide.mcu.externaltools.gnu-tools-for-stm32.14.3.rel1.win32_1.0.100.202602081740/tools/bin/../lib/gcc/arm-none-eabi/14.3.1/thumb/v8-m.main+fp/hard\libgcc.a(_udivmoddi4.o)
                0x08000aec                __udivmoddi4
 .text          0x08000e38        0x4 C:/Program Files/STM32CubeIDE_2.1.1/STM32CubeIDE/plugins/com.st.stm32cube.ide.mcu.externaltools.gnu-tools-for-stm32.14.3.rel1.win32_1.0.100.202602081740/tools/bin/../lib/gcc/arm-none-eabi/14.3.1/thumb/v8-m.main+fp/hard\libgcc.a(_dvmd_tls.o)
                0x08000e38                __aeabi_idiv0
                0x08000e38                __aeabi_ldiv0
 *(.text*)
 .text.app_watchdog_start
                0x08000e3c       0x74 ./Core/Src/app/app.o
 .text.app_check_user_button
                0x08000eb0       0xb8 ./Core/Src/app/app.o
 .text.app_init
                0x08000f68       0x78 ./Core/Src/app/app.o
                0x08000f68                app_init
 .text.app_run  0x08000fe0      0x154 ./Core/Src/app/app.o
                0x08000fe0                app_run
 .text.board_get_interfaces
                0x08001134       0x14 ./Core/Src/board/board.o
                0x08001134                board_get_interfaces
 .text.board_init
                0x08001148       0x10 ./Core/Src/board/board.o
                0x08001148                board_init
 .text.ble_cs   0x08001158       0x24 ./Core/Src/comms/ble_bluenrg.o
 .text.ble_spi_config
                0x0800117c       0x98 ./Core/Src/comms/ble_bluenrg.o
 .text.ble_irq_pending
                0x08001214       0x2c ./Core/Src/comms/ble_bluenrg.o
 .text.ble_wait_irq
                0x08001240       0x42 ./Core/Src/comms/ble_bluenrg.o
 *fill*         0x08001282        0x2 
 .text.ble_spi_read
                0x08001284      0x108 ./Core/Src/comms/ble_bluenrg.o
 .text.ble_spi_write
                0x0800138c      0x108 ./Core/Src/comms/ble_bluenrg.o
 .text.ble_print_event
                0x08001494       0x54 ./Core/Src/comms/ble_bluenrg.o
 .text.ble_bluenrg_init
                0x080014e8      0x1dc ./Core/Src/comms/ble_bluenrg.o
                0x080014e8                ble_bluenrg_init
 .text.ble_bluenrg_poll
                0x080016c4       0x20 ./Core/Src/comms/ble_bluenrg.o
                0x080016c4                ble_bluenrg_poll
 .text.main     0x080016e4       0xbc ./Core/Src/main.o
                0x080016e4                main
 .text.SystemClock_Config
                0x080017a0       0xe0 ./Core/Src/main.o
                0x080017a0                SystemClock_Config
 .text.MX_ADC1_Init
                0x08001880       0xe8 ./Core/Src/main.o
 .text.MX_LPUART1_UART_Init
                0x08001968       0x94 ./Core/Src/main.o
 .text.MX_SPI1_Init
                0x080019fc       0xac ./Core/Src/main.o
 .text.MX_SPI3_Init
                0x08001aa8       0xac ./Core/Src/main.o
 .text.MX_SPI5_Init
                0x08001b54       0xac ./Core/Src/main.o
 .text.MX_GPIO_Init
                0x08001c00      0x324 ./Core/Src/main.o
 .text.Error_Handler
                0x08001f24        0xc ./Core/Src/main.o
                0x08001f24                Error_Handler
 .text.HAL_MspInit
                0x08001f30        0xe ./Core/Src/stm32h5xx_hal_msp.o
                0x08001f30                HAL_MspInit
 *fill*         0x08001f3e        0x2 
 .text.HAL_ADC_MspInit
                0x08001f40      0x110 ./Core/Src/stm32h5xx_hal_msp.o
                0x08001f40                HAL_ADC_MspInit
 .text.HAL_UART_MspInit
                0x08002050      0x11c ./Core/Src/stm32h5xx_hal_msp.o
                0x08002050                HAL_UART_MspInit
 .text.HAL_SPI_MspInit
                0x0800216c      0x38c ./Core/Src/stm32h5xx_hal_msp.o
                0x0800216c                HAL_SPI_MspInit
 .text.HAL_SPI_MspDeInit
                0x080024f8       0xb4 ./Core/Src/stm32h5xx_hal_msp.o
                0x080024f8                HAL_SPI_MspDeInit
 .text.NMI_Handler
                0x080025ac        0x8 ./Core/Src/stm32h5xx_it.o
                0x080025ac                NMI_Handler
 .text.HardFault_Handler
                0x080025b4        0x8 ./Core/Src/stm32h5xx_it.o
                0x080025b4                HardFault_Handler
 .text.MemManage_Handler
                0x080025bc        0x8 ./Core/Src/stm32h5xx_it.o
                0x080025bc                MemManage_Handler
 .text.BusFault_Handler
                0x080025c4        0x8 ./Core/Src/stm32h5xx_it.o
                0x080025c4                BusFault_Handler
 .text.UsageFault_Handler
                0x080025cc        0x8 ./Core/Src/stm32h5xx_it.o
                0x080025cc                UsageFault_Handler
 .text.SVC_Handler
                0x080025d4        0xe ./Core/Src/stm32h5xx_it.o
                0x080025d4                SVC_Handler
 .text.DebugMon_Handler
                0x080025e2        0xe ./Core/Src/stm32h5xx_it.o
                0x080025e2                DebugMon_Handler
 .text.PendSV_Handler
                0x080025f0        0xe ./Core/Src/stm32h5xx_it.o
                0x080025f0                PendSV_Handler
 .text.SysTick_Handler
                0x080025fe        0xc ./Core/Src/stm32h5xx_it.o
                0x080025fe                SysTick_Handler
 .text.EXTI13_IRQHandler
                0x0800260a        0xe ./Core/Src/stm32h5xx_it.o
                0x0800260a                EXTI13_IRQHandler
 .text._read    0x08002618       0x3a ./Core/Src/syscalls.o
                0x08002618                _read
 .text._write   0x08002652       0x38 ./Core/Src/syscalls.o
                0x08002652                _write
 .text._close   0x0800268a       0x18 ./Core/Src/syscalls.o
                0x0800268a                _close
 .text._fstat   0x080026a2       0x20 ./Core/Src/syscalls.o
                0x080026a2                _fstat
 .text._isatty  0x080026c2       0x16 ./Core/Src/syscalls.o
                0x080026c2                _isatty
 .text._lseek   0x080026d8       0x1a ./Core/Src/syscalls.o
                0x080026d8                _lseek
 *fill*         0x080026f2        0x2 
 .text._sbrk    0x080026f4       0x6c ./Core/Src/sysmem.o
                0x080026f4                _sbrk
 .text.SystemInit
                0x08002760       0xf8 ./Core/Src/system_stm32h5xx.o
                0x08002760                SystemInit
 .text.acc_adxl373_track_peak
                0x08002858       0x98 ./Core/Src/sensors/acc_adxl373.o
 .text.acc_adxl373_cs
                0x080028f0       0x24 ./Core/Src/sensors/acc_adxl373.o
 .text.acc_adxl373_read_reg
                0x08002914       0x68 ./Core/Src/sensors/acc_adxl373.o
 .text.acc_adxl373_write_reg
                0x0800297c       0x54 ./Core/Src/sensors/acc_adxl373.o
 .text.acc_adxl373_init
                0x080029d0       0xe4 ./Core/Src/sensors/acc_adxl373.o
                0x080029d0                acc_adxl373_init
 .text.acc_adxl373_read
                0x08002ab4       0xe8 ./Core/Src/sensors/acc_adxl373.o
                0x08002ab4                acc_adxl373_read
 .text.acc_adxl373_reset_peak_tracking
                0x08002b9c       0x2c ./Core/Src/sensors/acc_adxl373.o
                0x08002b9c                acc_adxl373_reset_peak_tracking
 .text.acc_adxl373_get_peak_tracking
                0x08002bc8       0x44 ./Core/Src/sensors/acc_adxl373.o
                0x08002bc8                acc_adxl373_get_peak_tracking
 .text.brake_raw_to_bar
                0x08002c0c       0x94 ./Core/Src/sensors/brake_pressure.o
 .text.brake_check_plausibility
                0x08002ca0      0x10c ./Core/Src/sensors/brake_pressure.o
 .text.brake_adc_scan
                0x08002dac       0x78 ./Core/Src/sensors/brake_pressure.o
 .text.brake_pressure_init
                0x08002e24      0x1a8 ./Core/Src/sensors/brake_pressure.o
                0x08002e24                brake_pressure_init
 .text.brake_pressure_read
                0x08002fcc       0xa4 ./Core/Src/sensors/brake_pressure.o
                0x08002fcc                brake_pressure_read
 .text.gnss_i2c_bus_clear
                0x08003070       0xf0 ./Core/Src/sensors/gnss.o
 .text.gnss_i2c_hw_init
                0x08003160      0x144 ./Core/Src/sensors/gnss.o
 .text.gnss_i2c_wait_flag
                0x080032a4       0x3c ./Core/Src/sensors/gnss.o
 .text.gnss_i2c_reset_peripheral
                0x080032e0       0x38 ./Core/Src/sensors/gnss.o
 .text.gnss_i2c_probe
                0x08003318       0x58 ./Core/Src/sensors/gnss.o
 .text.gnss_i2c_read_chunk
                0x08003370       0x8c ./Core/Src/sensors/gnss.o
 .text.gnss_print_first_sentence
                0x080033fc       0x8c ./Core/Src/sensors/gnss.o
 .text.gnss_init
                0x08003488      0x15c ./Core/Src/sensors/gnss.o
                0x08003488                gnss_init
 *fill*         0x080035e4        0x4 
 .text.gnss_coord_to_e7
                0x080035e8      0x1c4 ./Core/Src/sensors/gnss.o
 *fill*         0x080037ac        0x4 
 .text.gnss_parse_rmc
                0x080037b0      0x3f8 ./Core/Src/sensors/gnss.o
 .text.gnss_feed_char
                0x08003ba8       0x90 ./Core/Src/sensors/gnss.o
 .text.gnss_poll
                0x08003c38       0x74 ./Core/Src/sensors/gnss.o
                0x08003c38                gnss_poll
 .text.gnss_read
                0x08003cac       0x44 ./Core/Src/sensors/gnss.o
                0x08003cac                gnss_read
 .text.gnss_get_utc_datetime
                0x08003cf0       0xb8 ./Core/Src/sensors/gnss.o
                0x08003cf0                gnss_get_utc_datetime
 .text.imu_lsm6dso_cs
                0x08003da8       0x26 ./Core/Src/sensors/imu_lsm6dso.o
 .text.imu_lsm6dso_read_reg
                0x08003dce       0x64 ./Core/Src/sensors/imu_lsm6dso.o
 .text.imu_lsm6dso_write_reg
                0x08003e32       0x50 ./Core/Src/sensors/imu_lsm6dso.o
 *fill*         0x08003e82        0x2 
 .text.imu_lsm6dso_init
                0x08003e84      0x1cc ./Core/Src/sensors/imu_lsm6dso.o
                0x08003e84                imu_lsm6dso_init
 .text.imu_lsm6dso_read
                0x08004050      0x104 ./Core/Src/sensors/imu_lsm6dso.o
                0x08004050                imu_lsm6dso_read
 .text.imu_lsm6dso_get_gyro_bias
                0x08004154       0x64 ./Core/Src/sensors/imu_lsm6dso.o
                0x08004154                imu_lsm6dso_get_gyro_bias
 .text.ld_16    0x080041b8       0x32 ./Core/Src/storage/ff.o
 .text.ld_32    0x080041ea       0x46 ./Core/Src/storage/ff.o
 .text.st_16    0x08004230       0x36 ./Core/Src/storage/ff.o
 .text.st_32    0x08004266       0x58 ./Core/Src/storage/ff.o
 .text.dbc_1st  0x080042be       0x22 ./Core/Src/storage/ff.o
 .text.dbc_2nd  0x080042e0       0x22 ./Core/Src/storage/ff.o
 .text.sync_window
                0x08004302       0x78 ./Core/Src/storage/ff.o
 .text.move_window
                0x0800437a       0x5a ./Core/Src/storage/ff.o
 .text.sync_fs  0x080043d4       0xe0 ./Core/Src/storage/ff.o
 .text.clst2sect
                0x080044b4       0x3e ./Core/Src/storage/ff.o
 .text.get_fat  0x080044f2      0x14e ./Core/Src/storage/ff.o
 .text.put_fat  0x08004640      0x1d4 ./Core/Src/storage/ff.o
 .text.remove_chain
                0x08004814       0xca ./Core/Src/storage/ff.o
 .text.create_chain
                0x080048de      0x1aa ./Core/Src/storage/ff.o
 .text.dir_clear
                0x08004a88       0x90 ./Core/Src/storage/ff.o
 .text.dir_sdi  0x08004b18       0xf6 ./Core/Src/storage/ff.o
 .text.dir_next
                0x08004c0e      0x12c ./Core/Src/storage/ff.o
 .text.dir_alloc
                0x08004d3a       0x8e ./Core/Src/storage/ff.o
 .text.ld_clust
                0x08004dc8       0x3e ./Core/Src/storage/ff.o
 .text.st_clust
                0x08004e06       0x40 ./Core/Src/storage/ff.o
 .text.dir_find
                0x08004e46       0xaa ./Core/Src/storage/ff.o
 .text.dir_register
                0x08004ef0       0x64 ./Core/Src/storage/ff.o
 .text.get_fileinfo
                0x08004f54       0xd0 ./Core/Src/storage/ff.o
 .text.create_name
                0x08005024      0x1b0 ./Core/Src/storage/ff.o
 .text.follow_path
                0x080051d4       0xde ./Core/Src/storage/ff.o
 .text.get_ldnumber
                0x080052b2       0x84 ./Core/Src/storage/ff.o
 *fill*         0x08005336        0x2 
 .text.check_fs
                0x08005338      0x148 ./Core/Src/storage/ff.o
 .text.find_volume
                0x08005480       0xbe ./Core/Src/storage/ff.o
 *fill*         0x0800553e        0x2 
 .text.mount_volume
                0x08005540      0x408 ./Core/Src/storage/ff.o
 .text.validate
                0x08005948       0x6a ./Core/Src/storage/ff.o
 *fill*         0x080059b2        0x2 
 .text.f_mount  0x080059b4       0x94 ./Core/Src/storage/ff.o
                0x080059b4                f_mount
 .text.f_open   0x08005a48      0x2de ./Core/Src/storage/ff.o
                0x08005a48                f_open
 .text.f_read   0x08005d26      0x21a ./Core/Src/storage/ff.o
                0x08005d26                f_read
 .text.f_write  0x08005f40      0x2ba ./Core/Src/storage/ff.o
                0x08005f40                f_write
 .text.f_sync   0x080061fa       0xc8 ./Core/Src/storage/ff.o
                0x080061fa                f_sync
 .text.f_close  0x080062c2       0x40 ./Core/Src/storage/ff.o
                0x080062c2                f_close
 .text.f_stat   0x08006302       0x86 ./Core/Src/storage/ff.o
                0x08006302                f_stat
 .text.f_gets   0x08006388       0x78 ./Core/Src/storage/ff.o
                0x08006388                f_gets
 .text.putc_bfd
                0x08006400       0x70 ./Core/Src/storage/ff.o
 .text.putc_flush
                0x08006470       0x4a ./Core/Src/storage/ff.o
 .text.putc_init
                0x080064ba       0x22 ./Core/Src/storage/ff.o
 .text.f_puts   0x080064dc       0x48 ./Core/Src/storage/ff.o
                0x080064dc                f_puts
 .text.f_printf
                0x08006524      0x530 ./Core/Src/storage/ff.o
                0x08006524                f_printf
 .text.sd_cs    0x08006a54       0x24 ./Core/Src/storage/storage_logger.o
 .text.sd_xfer  0x08006a78       0x2e ./Core/Src/storage/storage_logger.o
 .text.sd_spi_config
                0x08006aa6       0xd4 ./Core/Src/storage/storage_logger.o
 .text.sd_command
                0x08006b7a       0xac ./Core/Src/storage/storage_logger.o
 .text.sd_release
                0x08006c26       0x20 ./Core/Src/storage/storage_logger.o
 *fill*         0x08006c46        0x2 
 .text.sd_sector_to_addr
                0x08006c48       0x28 ./Core/Src/storage/storage_logger.o
 .text.sd_read_block
                0x08006c70       0xbe ./Core/Src/storage/storage_logger.o
 .text.sd_write_block
                0x08006d2e       0xd6 ./Core/Src/storage/storage_logger.o
 .text.sd_hw_init
                0x08006e04      0x298 ./Core/Src/storage/storage_logger.o
 .text.disk_status
                0x0800709c       0x30 ./Core/Src/storage/storage_logger.o
                0x0800709c                disk_status
 .text.disk_initialize
                0x080070cc       0x40 ./Core/Src/storage/storage_logger.o
                0x080070cc                disk_initialize
 .text.disk_read
                0x0800710c       0x6c ./Core/Src/storage/storage_logger.o
                0x0800710c                disk_read
 .text.disk_write
                0x08007178       0x6c ./Core/Src/storage/storage_logger.o
                0x08007178                disk_write
 .text.disk_ioctl
                0x080071e4       0x56 ./Core/Src/storage/storage_logger.o
                0x080071e4                disk_ioctl
 .text.get_fattime
                0x0800723a       0x66 ./Core/Src/storage/storage_logger.o
                0x0800723a                get_fattime
 .text.storage_logger_init
                0x080072a0      0x144 ./Core/Src/storage/storage_logger.o
                0x080072a0                storage_logger_init
 .text.storage_logger_start
                0x080073e4      0x120 ./Core/Src/storage/storage_logger.o
                0x080073e4                storage_logger_start
 .text.storage_logger_stop
                0x08007504       0xa4 ./Core/Src/storage/storage_logger.o
                0x08007504                storage_logger_stop
 .text.storage_logger_recover
                0x080075a8       0x54 ./Core/Src/storage/storage_logger.o
                0x080075a8                storage_logger_recover
 .text.storage_logger_write_sample
                0x080075fc      0x128 ./Core/Src/storage/storage_logger.o
                0x080075fc                storage_logger_write_sample
 .text.storage_logger_is_ready
                0x08007724       0x18 ./Core/Src/storage/storage_logger.o
                0x08007724                storage_logger_is_ready
 .text.storage_logger_is_available
                0x0800773c       0x18 ./Core/Src/storage/storage_logger.o
                0x0800773c                storage_logger_is_available
 .text.Reset_Handler
                0x08007754       0x50 ./Core/Startup/startup_stm32h563zitx.o
                0x08007754                Reset_Handler
 .text.Default_Handler
                0x080077a4        0x2 ./Core/Startup/startup_stm32h563zitx.o
                0x080077a4                EXTI2_IRQHandler
                0x080077a4                TIM8_TRG_COM_IRQHandler
                0x080077a4                TIM8_CC_IRQHandler
                0x080077a4                EXTI5_IRQHandler
                0x080077a4                I3C1_ER_IRQHandler
                0x080077a4                UART8_IRQHandler
                0x080077a4                SPI4_IRQHandler
                0x080077a4                GPDMA2_Channel1_IRQHandler
                0x080077a4                FLASH_S_IRQHandler
                0x080077a4                TIM1_CC_IRQHandler
                0x080077a4                GPDMA2_Channel3_IRQHandler
                0x080077a4                TAMP_IRQHandler
                0x080077a4                TIM6_IRQHandler
                0x080077a4                EXTI12_IRQHandler
                0x080077a4                CORDIC_IRQHandler
                0x080077a4                USB_DRD_FS_IRQHandler
                0x080077a4                EXTI3_IRQHandler
                0x080077a4                LPTIM4_IRQHandler
                0x080077a4                GPDMA1_Channel5_IRQHandler
                0x080077a4                EXTI8_IRQHandler
                0x080077a4                GPDMA2_Channel5_IRQHandler
                0x080077a4                LPTIM2_IRQHandler
                0x080077a4                I2C3_ER_IRQHandler
                0x080077a4                GPDMA2_Channel2_IRQHandler
                0x080077a4                USART10_IRQHandler
                0x080077a4                LPTIM3_IRQHandler
                0x080077a4                EXTI0_IRQHandler
                0x080077a4                I2C2_EV_IRQHandler
                0x080077a4                FPU_IRQHandler
                0x080077a4                GPDMA1_Channel3_IRQHandler
                0x080077a4                GPDMA1_Channel7_IRQHandler
                0x080077a4                FDCAN1_IT1_IRQHandler
                0x080077a4                RAMCFG_IRQHandler
                0x080077a4                DCACHE1_IRQHandler
                0x080077a4                SPI1_IRQHandler
                0x080077a4                OCTOSPI1_IRQHandler
                0x080077a4                GPDMA1_Channel2_IRQHandler
                0x080077a4                TIM8_UP_IRQHandler
                0x080077a4                RCC_S_IRQHandler
                0x080077a4                SAI2_IRQHandler
                0x080077a4                ADC1_IRQHandler
                0x080077a4                USART6_IRQHandler
                0x080077a4                EXTI15_IRQHandler
                0x080077a4                TIM17_IRQHandler
                0x080077a4                USART3_IRQHandler
                0x080077a4                RTC_IRQHandler
                0x080077a4                EXTI9_IRQHandler
                0x080077a4                LPTIM5_IRQHandler
                0x080077a4                UART5_IRQHandler
                0x080077a4                TIM4_IRQHandler
                0x080077a4                I2C1_EV_IRQHandler
                0x080077a4                GPDMA1_Channel1_IRQHandler
                0x080077a4                TIM16_IRQHandler
                0x080077a4                UART4_IRQHandler
                0x080077a4                SecureFault_Handler
                0x080077a4                TIM3_IRQHandler
                0x080077a4                RCC_IRQHandler
                0x080077a4                UART9_IRQHandler
                0x080077a4                TIM1_TRG_COM_IRQHandler
                0x080077a4                Default_Handler
                0x080077a4                FMAC_IRQHandler
                0x080077a4                CEC_IRQHandler
                0x080077a4                USART11_IRQHandler
                0x080077a4                TIM14_IRQHandler
                0x080077a4                TIM13_IRQHandler
                0x080077a4                GPDMA2_Channel4_IRQHandler
                0x080077a4                SPI5_IRQHandler
                0x080077a4                TIM12_IRQHandler
                0x080077a4                TIM7_IRQHandler
                0x080077a4                SDMMC1_IRQHandler
                0x080077a4                TIM5_IRQHandler
                0x080077a4                UCPD1_IRQHandler
                0x080077a4                GPDMA1_Channel0_IRQHandler
                0x080077a4                I3C1_EV_IRQHandler
                0x080077a4                TIM15_IRQHandler
                0x080077a4                PVD_AVD_IRQHandler
                0x080077a4                I2C3_EV_IRQHandler
                0x080077a4                ETH_WKUP_IRQHandler
                0x080077a4                ADC2_IRQHandler
                0x080077a4                SPI2_IRQHandler
                0x080077a4                EXTI14_IRQHandler
                0x080077a4                EXTI11_IRQHandler
                0x080077a4                CRS_IRQHandler
                0x080077a4                EXTI4_IRQHandler
                0x080077a4                GPDMA2_Channel0_IRQHandler
                0x080077a4                RTC_S_IRQHandler
                0x080077a4                RNG_IRQHandler
                0x080077a4                FDCAN2_IT1_IRQHandler
                0x080077a4                ETH_IRQHandler
                0x080077a4                GPDMA2_Channel6_IRQHandler
                0x080077a4                TIM1_UP_IRQHandler
                0x080077a4                UART12_IRQHandler
                0x080077a4                WWDG_IRQHandler
                0x080077a4                SPI6_IRQHandler
                0x080077a4                I2C4_EV_IRQHandler
                0x080077a4                FDCAN2_IT0_IRQHandler
                0x080077a4                IWDG_IRQHandler
                0x080077a4                LPUART1_IRQHandler
                0x080077a4                FDCAN1_IT0_IRQHandler
                0x080077a4                TIM2_IRQHandler
                0x080077a4                GPDMA1_Channel4_IRQHandler
                0x080077a4                EXTI7_IRQHandler
                0x080077a4                TIM1_BRK_IRQHandler
                0x080077a4                EXTI1_IRQHandler
                0x080077a4                SDMMC2_IRQHandler
                0x080077a4                LPTIM6_IRQHandler
                0x080077a4                DAC1_IRQHandler
                0x080077a4                DTS_IRQHandler
                0x080077a4                UART7_IRQHandler
                0x080077a4                GTZC_IRQHandler
                0x080077a4                USART2_IRQHandler
                0x080077a4                GPDMA1_Channel6_IRQHandler
                0x080077a4                GPDMA2_Channel7_IRQHandler
                0x080077a4                I2C2_ER_IRQHandler
                0x080077a4                TIM8_BRK_IRQHandler
                0x080077a4                FLASH_IRQHandler
                0x080077a4                USART1_IRQHandler
                0x080077a4                EXTI10_IRQHandler
                0x080077a4                SPI3_IRQHandler
                0x080077a4                I2C1_ER_IRQHandler
                0x080077a4                FMC_IRQHandler
                0x080077a4                EXTI6_IRQHandler
                0x080077a4                LPTIM1_IRQHandler
                0x080077a4                DCMI_PSSI_IRQHandler
                0x080077a4                I2C4_ER_IRQHandler
                0x080077a4                ICACHE_IRQHandler
                0x080077a4                SAI1_IRQHandler
                0x080077a4                HASH_IRQHandler
 *fill*         0x080077a6        0x2 
 .text.BSP_LED_Init
                0x080077a8       0xec ./Drivers/BSP/STM32H5xx_Nucleo/stm32h5xx_nucleo.o
                0x080077a8                BSP_LED_Init
 .text.BSP_PB_Init
                0x08007894       0xf0 ./Drivers/BSP/STM32H5xx_Nucleo/stm32h5xx_nucleo.o
                0x08007894                BSP_PB_Init
 .text.BSP_PB_IRQHandler
                0x08007984       0x2c ./Drivers/BSP/STM32H5xx_Nucleo/stm32h5xx_nucleo.o
                0x08007984                BSP_PB_IRQHandler
 .text.BSP_PB_Callback
                0x080079b0       0x16 ./Drivers/BSP/STM32H5xx_Nucleo/stm32h5xx_nucleo.o
                0x080079b0                BSP_PB_Callback
 *fill*         0x080079c6        0x2 
 .text.BSP_COM_Init
                0x080079c8       0x60 ./Drivers/BSP/STM32H5xx_Nucleo/stm32h5xx_nucleo.o
                0x080079c8                BSP_COM_Init
 .text.MX_USART_Init
                0x08007a28       0x68 ./Drivers/BSP/STM32H5xx_Nucleo/stm32h5xx_nucleo.o
                0x08007a28                MX_USART_Init
 .text.__io_putchar
                0x08007a90       0x38 ./Drivers/BSP/STM32H5xx_Nucleo/stm32h5xx_nucleo.o
                0x08007a90                __io_putchar
 .text.BUTTON_USER_EXTI_Callback
                0x08007ac8        0xe ./Drivers/BSP/STM32H5xx_Nucleo/stm32h5xx_nucleo.o
 *fill*         0x08007ad6        0x2 
 .text.COM1_MspInit
                0x08007ad8       0xb0 ./Drivers/BSP/STM32H5xx_Nucleo/stm32h5xx_nucleo.o
 .text.HAL_Init
                0x08007b88       0x50 ./Drivers/STM32H5xx_HAL_Driver/Src/stm32h5xx_hal.o
                0x08007b88                HAL_Init
 .text.HAL_InitTick
                0x08007bd8       0xec ./Drivers/STM32H5xx_HAL_Driver/Src/stm32h5xx_hal.o
                0x08007bd8                HAL_InitTick
 .text.HAL_IncTick
                0x08007cc4       0x28 ./Drivers/STM32H5xx_HAL_Driver/Src/stm32h5xx_hal.o
                0x08007cc4                HAL_IncTick
 .text.HAL_GetTick
                0x08007cec       0x18 ./Drivers/STM32H5xx_HAL_Driver/Src/stm32h5xx_hal.o
                0x08007cec                HAL_GetTick
 .text.HAL_Delay
                0x08007d04       0x48 ./Drivers/STM32H5xx_HAL_Driver/Src/stm32h5xx_hal.o
                0x08007d04                HAL_Delay
 .text.LL_ADC_SetCommonClock
                0x08007d4c       0x26 ./Drivers/STM32H5xx_HAL_Driver/Src/stm32h5xx_hal_adc.o
 .text.LL_ADC_SetCommonPathInternalCh
                0x08007d72       0x26 ./Drivers/STM32H5xx_HAL_Driver/Src/stm32h5xx_hal_adc.o
 .text.LL_ADC_GetCommonPathInternalCh
                0x08007d98       0x1c ./Drivers/STM32H5xx_HAL_Driver/Src/stm32h5xx_hal_adc.o
 .text.LL_ADC_EnableChannelVDDcore
                0x08007db4       0x24 ./Drivers/STM32H5xx_HAL_Driver/Src/stm32h5xx_hal_adc.o
 .text.LL_ADC_EnableChannel0_GPIO
                0x08007dd8       0x28 ./Drivers/STM32H5xx_HAL_Driver/Src/stm32h5xx_hal_adc.o
 .text.LL_ADC_SetOffset
                0x08007e00       0x48 ./Drivers/STM32H5xx_HAL_Driver/Src/stm32h5xx_hal_adc.o
 .text.LL_ADC_GetOffsetChannel
                0x08007e48       0x2c ./Drivers/STM32H5xx_HAL_Driver/Src/stm32h5xx_hal_adc.o
 .text.LL_ADC_SetOffsetState
                0x08007e74       0x36 ./Drivers/STM32H5xx_HAL_Driver/Src/stm32h5xx_hal_adc.o
 .text.LL_ADC_SetOffsetSign
                0x08007eaa       0x36 ./Drivers/STM32H5xx_HAL_Driver/Src/stm32h5xx_hal_adc.o
 .text.LL_ADC_SetOffsetSaturation
                0x08007ee0       0x36 ./Drivers/STM32H5xx_HAL_Driver/Src/stm32h5xx_hal_adc.o
 .text.LL_ADC_SetSamplingTimeCommonConfig
                0x08007f16       0x26 ./Drivers/STM32H5xx_HAL_Driver/Src/stm32h5xx_hal_adc.o
 .text.LL_ADC_REG_IsTriggerSourceSWStart
                0x08007f3c       0x26 ./Drivers/STM32H5xx_HAL_Driver/Src/stm32h5xx_hal_adc.o
 .text.LL_ADC_REG_SetSequencerRanks
                0x08007f62       0x58 ./Drivers/STM32H5xx_HAL_Driver/Src/stm32h5xx_hal_adc.o
 .text.LL_ADC_SetChannelSamplingTime
                0x08007fba       0x56 ./Drivers/STM32H5xx_HAL_Driver/Src/stm32h5xx_hal_adc.o
 .text.LL_ADC_SetChannelSingleDiff
                0x08008010       0x48 ./Drivers/STM32H5xx_HAL_Driver/Src/stm32h5xx_hal_adc.o
 .text.LL_ADC_GetMultimode
                0x08008058       0x1c ./Drivers/STM32H5xx_HAL_Driver/Src/stm32h5xx_hal_adc.o
 .text.LL_ADC_GetMultiDMATransfer
                0x08008074       0x1c ./Drivers/STM32H5xx_HAL_Driver/Src/stm32h5xx_hal_adc.o
 .text.LL_ADC_DisableDeepPowerDown
                0x08008090       0x24 ./Drivers/STM32H5xx_HAL_Driver/Src/stm32h5xx_hal_adc.o
 .text.LL_ADC_IsDeepPowerDownEnabled
                0x080080b4       0x28 ./Drivers/STM32H5xx_HAL_Driver/Src/stm32h5xx_hal_adc.o
 .text.LL_ADC_EnableInternalRegulator
                0x080080dc       0x28 ./Drivers/STM32H5xx_HAL_Driver/Src/stm32h5xx_hal_adc.o
 .text.LL_ADC_IsInternalRegulatorEnabled
                0x08008104       0x28 ./Drivers/STM32H5xx_HAL_Driver/Src/stm32h5xx_hal_adc.o
 .text.LL_ADC_Enable
                0x0800812c       0x28 ./Drivers/STM32H5xx_HAL_Driver/Src/stm32h5xx_hal_adc.o
 .text.LL_ADC_Disable
                0x08008154       0x28 ./Drivers/STM32H5xx_HAL_Driver/Src/stm32h5xx_hal_adc.o
 .text.LL_ADC_IsEnabled
                0x0800817c       0x26 ./Drivers/STM32H5xx_HAL_Driver/Src/stm32h5xx_hal_adc.o
 .text.LL_ADC_IsDisableOngoing
                0x080081a2       0x26 ./Drivers/STM32H5xx_HAL_Driver/Src/stm32h5xx_hal_adc.o
 .text.LL_ADC_REG_StartConversion
                0x080081c8       0x28 ./Drivers/STM32H5xx_HAL_Driver/Src/stm32h5xx_hal_adc.o
 .text.LL_ADC_REG_StopConversion
                0x080081f0       0x28 ./Drivers/STM32H5xx_HAL_Driver/Src/stm32h5xx_hal_adc.o
 .text.LL_ADC_REG_IsConversionOngoing
                0x08008218       0x26 ./Drivers/STM32H5xx_HAL_Driver/Src/stm32h5xx_hal_adc.o
 .text.LL_ADC_INJ_StopConversion
                0x0800823e       0x28 ./Drivers/STM32H5xx_HAL_Driver/Src/stm32h5xx_hal_adc.o
 .text.LL_ADC_INJ_IsConversionOngoing
                0x08008266       0x26 ./Drivers/STM32H5xx_HAL_Driver/Src/stm32h5xx_hal_adc.o
 .text.HAL_ADC_Init
                0x0800828c      0x2a8 ./Drivers/STM32H5xx_HAL_Driver/Src/stm32h5xx_hal_adc.o
                0x0800828c                HAL_ADC_Init
 .text.HAL_ADC_Start
                0x08008534      0x174 ./Drivers/STM32H5xx_HAL_Driver/Src/stm32h5xx_hal_adc.o
                0x08008534                HAL_ADC_Start
 .text.HAL_ADC_Stop
                0x080086a8       0x66 ./Drivers/STM32H5xx_HAL_Driver/Src/stm32h5xx_hal_adc.o
                0x080086a8                HAL_ADC_Stop
 *fill*         0x0800870e        0x2 
 .text.HAL_ADC_PollForConversion
                0x08008710      0x1b0 ./Drivers/STM32H5xx_HAL_Driver/Src/stm32h5xx_hal_adc.o
                0x08008710                HAL_ADC_PollForConversion
 .text.HAL_ADC_GetValue
                0x080088c0       0x1a ./Drivers/STM32H5xx_HAL_Driver/Src/stm32h5xx_hal_adc.o
                0x080088c0                HAL_ADC_GetValue
 *fill*         0x080088da        0x2 
 .text.HAL_ADC_ConfigChannel
                0x080088dc      0x804 ./Drivers/STM32H5xx_HAL_Driver/Src/stm32h5xx_hal_adc.o
                0x080088dc                HAL_ADC_ConfigChannel
 .text.ADC_ConversionStop
                0x080090e0      0x178 ./Drivers/STM32H5xx_HAL_Driver/Src/stm32h5xx_hal_adc.o
                0x080090e0                ADC_ConversionStop
 .text.ADC_Enable
                0x08009258      0x104 ./Drivers/STM32H5xx_HAL_Driver/Src/stm32h5xx_hal_adc.o
                0x08009258                ADC_Enable
 .text.ADC_Disable
                0x0800935c       0xbe ./Drivers/STM32H5xx_HAL_Driver/Src/stm32h5xx_hal_adc.o
                0x0800935c                ADC_Disable
 .text.LL_ADC_StartCalibration
                0x0800941a       0x32 ./Drivers/STM32H5xx_HAL_Driver/Src/stm32h5xx_hal_adc_ex.o
 .text.LL_ADC_IsCalibrationOnGoing
                0x0800944c       0x28 ./Drivers/STM32H5xx_HAL_Driver/Src/stm32h5xx_hal_adc_ex.o
 .text.HAL_ADCEx_Calibration_Start
                0x08009474       0xc4 ./Drivers/STM32H5xx_HAL_Driver/Src/stm32h5xx_hal_adc_ex.o
                0x08009474                HAL_ADCEx_Calibration_Start
 .text.__NVIC_SetPriorityGrouping
                0x08009538       0x48 ./Drivers/STM32H5xx_HAL_Driver/Src/stm32h5xx_hal_cortex.o
 .text.__NVIC_GetPriorityGrouping
                0x08009580       0x1c ./Drivers/STM32H5xx_HAL_Driver/Src/stm32h5xx_hal_cortex.o
 .text.__NVIC_EnableIRQ
                0x0800959c       0x3c ./Drivers/STM32H5xx_HAL_Driver/Src/stm32h5xx_hal_cortex.o
 .text.__NVIC_SetPriority
                0x080095d8       0x54 ./Drivers/STM32H5xx_HAL_Driver/Src/stm32h5xx_hal_cortex.o
 .text.NVIC_EncodePriority
                0x0800962c       0x66 ./Drivers/STM32H5xx_HAL_Driver/Src/stm32h5xx_hal_cortex.o
 .text.HAL_NVIC_SetPriorityGrouping
                0x08009692       0x16 ./Drivers/STM32H5xx_HAL_Driver/Src/stm32h5xx_hal_cortex.o
                0x08009692                HAL_NVIC_SetPriorityGrouping
 .text.HAL_NVIC_SetPriority
                0x080096a8       0x34 ./Drivers/STM32H5xx_HAL_Driver/Src/stm32h5xx_hal_cortex.o
                0x080096a8                HAL_NVIC_SetPriority
 .text.HAL_NVIC_EnableIRQ
                0x080096dc       0x1c ./Drivers/STM32H5xx_HAL_Driver/Src/stm32h5xx_hal_cortex.o
                0x080096dc                HAL_NVIC_EnableIRQ
 .text.HAL_SYSTICK_Config
                0x080096f8       0x44 ./Drivers/STM32H5xx_HAL_Driver/Src/stm32h5xx_hal_cortex.o
                0x080096f8                HAL_SYSTICK_Config
 .text.HAL_SYSTICK_CLKSourceConfig
                0x0800973c       0xb0 ./Drivers/STM32H5xx_HAL_Driver/Src/stm32h5xx_hal_cortex.o
                0x0800973c                HAL_SYSTICK_CLKSourceConfig
 .text.HAL_SYSTICK_GetCLKSourceConfig
                0x080097ec       0x6c ./Drivers/STM32H5xx_HAL_Driver/Src/stm32h5xx_hal_cortex.o
                0x080097ec                HAL_SYSTICK_GetCLKSourceConfig
 .text.HAL_EXTI_RegisterCallback
                0x08009858       0x58 ./Drivers/STM32H5xx_HAL_Driver/Src/stm32h5xx_hal_exti.o
                0x08009858                HAL_EXTI_RegisterCallback
 .text.HAL_EXTI_GetHandle
                0x080098b0       0x28 ./Drivers/STM32H5xx_HAL_Driver/Src/stm32h5xx_hal_exti.o
                0x080098b0                HAL_EXTI_GetHandle
 .text.HAL_EXTI_IRQHandler
                0x080098d8       0x90 ./Drivers/STM32H5xx_HAL_Driver/Src/stm32h5xx_hal_exti.o
                0x080098d8                HAL_EXTI_IRQHandler
 .text.HAL_GPIO_Init
                0x08009968      0x2a4 ./Drivers/STM32H5xx_HAL_Driver/Src/stm32h5xx_hal_gpio.o
                0x08009968                HAL_GPIO_Init
 .text.HAL_GPIO_DeInit
                0x08009c0c      0x178 ./Drivers/STM32H5xx_HAL_Driver/Src/stm32h5xx_hal_gpio.o
                0x08009c0c                HAL_GPIO_DeInit
 .text.HAL_GPIO_ReadPin
                0x08009d84       0x30 ./Drivers/STM32H5xx_HAL_Driver/Src/stm32h5xx_hal_gpio.o
                0x08009d84                HAL_GPIO_ReadPin
 .text.HAL_GPIO_WritePin
                0x08009db4       0x30 ./Drivers/STM32H5xx_HAL_Driver/Src/stm32h5xx_hal_gpio.o
                0x08009db4                HAL_GPIO_WritePin
 .text.HAL_GPIO_TogglePin
                0x08009de4       0x34 ./Drivers/STM32H5xx_HAL_Driver/Src/stm32h5xx_hal_gpio.o
                0x08009de4                HAL_GPIO_TogglePin
 .text.HAL_RCC_OscConfig
                0x08009e18      0x870 ./Drivers/STM32H5xx_HAL_Driver/Src/stm32h5xx_hal_rcc.o
                0x08009e18                HAL_RCC_OscConfig
 .text.HAL_RCC_ClockConfig
                0x0800a688      0x370 ./Drivers/STM32H5xx_HAL_Driver/Src/stm32h5xx_hal_rcc.o
                0x0800a688                HAL_RCC_ClockConfig
 .text.HAL_RCC_GetSysClockFreq
                0x0800a9f8      0x258 ./Drivers/STM32H5xx_HAL_Driver/Src/stm32h5xx_hal_rcc.o
                0x0800a9f8                HAL_RCC_GetSysClockFreq
 .text.HAL_RCC_GetHCLKFreq
                0x0800ac50       0x38 ./Drivers/STM32H5xx_HAL_Driver/Src/stm32h5xx_hal_rcc.o
                0x0800ac50                HAL_RCC_GetHCLKFreq
 .text.HAL_RCC_GetPCLK1Freq
                0x0800ac88       0x2c ./Drivers/STM32H5xx_HAL_Driver/Src/stm32h5xx_hal_rcc.o
                0x0800ac88                HAL_RCC_GetPCLK1Freq
 .text.HAL_RCC_GetPCLK2Freq
                0x0800acb4       0x2c ./Drivers/STM32H5xx_HAL_Driver/Src/stm32h5xx_hal_rcc.o
                0x0800acb4                HAL_RCC_GetPCLK2Freq
 .text.HAL_RCC_GetPCLK3Freq
                0x0800ace0       0x2c ./Drivers/STM32H5xx_HAL_Driver/Src/stm32h5xx_hal_rcc.o
                0x0800ace0                HAL_RCC_GetPCLK3Freq
 .text.HAL_RCCEx_PeriphCLKConfig
                0x0800ad0c     0x1f14 ./Drivers/STM32H5xx_HAL_Driver/Src/stm32h5xx_hal_rcc_ex.o
                0x0800ad0c                HAL_RCCEx_PeriphCLKConfig
 .text.HAL_RCCEx_GetPLL1ClockFreq
                0x0800cc20      0x2d4 ./Drivers/STM32H5xx_HAL_Driver/Src/stm32h5xx_hal_rcc_ex.o
                0x0800cc20                HAL_RCCEx_GetPLL1ClockFreq
 .text.HAL_RCCEx_GetPLL2ClockFreq
                0x0800cef4      0x2d4 ./Drivers/STM32H5xx_HAL_Driver/Src/stm32h5xx_hal_rcc_ex.o
                0x0800cef4                HAL_RCCEx_GetPLL2ClockFreq
 .text.HAL_RCCEx_GetPLL3ClockFreq
                0x0800d1c8      0x2d4 ./Drivers/STM32H5xx_HAL_Driver/Src/stm32h5xx_hal_rcc_ex.o
                0x0800d1c8                HAL_RCCEx_GetPLL3ClockFreq
 .text.HAL_RCCEx_GetPeriphCLKFreq
                0x0800d49c     0x26b4 ./Drivers/STM32H5xx_HAL_Driver/Src/stm32h5xx_hal_rcc_ex.o
                0x0800d49c                HAL_RCCEx_GetPeriphCLKFreq
 .text.RCCEx_PLL2_Config
                0x0800fb50      0x130 ./Drivers/STM32H5xx_HAL_Driver/Src/stm32h5xx_hal_rcc_ex.o
 .text.RCCEx_PLL3_Config
                0x0800fc80      0x130 ./Drivers/STM32H5xx_HAL_Driver/Src/stm32h5xx_hal_rcc_ex.o
 .text.HAL_SPI_Init
                0x0800fdb0      0x2e0 ./Drivers/STM32H5xx_HAL_Driver/Src/stm32h5xx_hal_spi.o
                0x0800fdb0                HAL_SPI_Init
 .text.HAL_SPI_DeInit
                0x08010090       0x52 ./Drivers/STM32H5xx_HAL_Driver/Src/stm32h5xx_hal_spi.o
                0x08010090                HAL_SPI_DeInit
 *fill*         0x080100e2        0x2 
 .text.HAL_SPI_Transmit
                0x080100e4      0x42c ./Drivers/STM32H5xx_HAL_Driver/Src/stm32h5xx_hal_spi.o
                0x080100e4                HAL_SPI_Transmit
 .text.HAL_SPI_TransmitReceive
                0x08010510      0x4d4 ./Drivers/STM32H5xx_HAL_Driver/Src/stm32h5xx_hal_spi.o
                0x08010510                HAL_SPI_TransmitReceive
 .text.SPI_CloseTransfer
                0x080109e4      0x140 ./Drivers/STM32H5xx_HAL_Driver/Src/stm32h5xx_hal_spi.o
 .text.SPI_WaitOnFlagUntilTimeout
                0x08010b24       0x5c ./Drivers/STM32H5xx_HAL_Driver/Src/stm32h5xx_hal_spi.o
 .text.SPI_GetPacketSize
                0x08010b80       0x36 ./Drivers/STM32H5xx_HAL_Driver/Src/stm32h5xx_hal_spi.o
 .text.HAL_UART_Init
                0x08010bb6       0xa0 ./Drivers/STM32H5xx_HAL_Driver/Src/stm32h5xx_hal_uart.o
                0x08010bb6                HAL_UART_Init
 .text.HAL_UART_Transmit
                0x08010c56      0x13c ./Drivers/STM32H5xx_HAL_Driver/Src/stm32h5xx_hal_uart.o
                0x08010c56                HAL_UART_Transmit
 *fill*         0x08010d92        0x2 
 .text.UART_SetConfig
                0x08010d94      0x3dc ./Drivers/STM32H5xx_HAL_Driver/Src/stm32h5xx_hal_uart.o
                0x08010d94                UART_SetConfig
 .text.UART_AdvFeatureConfig
                0x08011170      0x144 ./Drivers/STM32H5xx_HAL_Driver/Src/stm32h5xx_hal_uart.o
                0x08011170                UART_AdvFeatureConfig
 .text.UART_CheckIdleState
                0x080112b4      0x154 ./Drivers/STM32H5xx_HAL_Driver/Src/stm32h5xx_hal_uart.o
                0x080112b4                UART_CheckIdleState
 .text.UART_WaitOnFlagUntilTimeout
                0x08011408       0xda ./Drivers/STM32H5xx_HAL_Driver/Src/stm32h5xx_hal_uart.o
                0x08011408                UART_WaitOnFlagUntilTimeout
 .text.UART_EndRxTransfer
                0x080114e2       0xcc ./Drivers/STM32H5xx_HAL_Driver/Src/stm32h5xx_hal_uart.o
 .text.HAL_UARTEx_DisableFifoMode
                0x080115ae       0x72 ./Drivers/STM32H5xx_HAL_Driver/Src/stm32h5xx_hal_uart_ex.o
                0x080115ae                HAL_UARTEx_DisableFifoMode
 .text.HAL_UARTEx_SetTxFifoThreshold
                0x08011620       0x7c ./Drivers/STM32H5xx_HAL_Driver/Src/stm32h5xx_hal_uart_ex.o
                0x08011620                HAL_UARTEx_SetTxFifoThreshold
 .text.HAL_UARTEx_SetRxFifoThreshold
                0x0801169c       0x7c ./Drivers/STM32H5xx_HAL_Driver/Src/stm32h5xx_hal_uart_ex.o
                0x0801169c                HAL_UARTEx_SetRxFifoThreshold
 .text.UARTEx_SetNbDataToProcess
                0x08011718       0x9c ./Drivers/STM32H5xx_HAL_Driver/Src/stm32h5xx_hal_uart_ex.o
 .text.std      0x080117b4       0x6c C:/Program Files/STM32CubeIDE_2.1.1/STM32CubeIDE/plugins/com.st.stm32cube.ide.mcu.externaltools.gnu-tools-for-stm32.14.3.rel1.win32_1.0.100.202602081740/tools/bin/../lib/gcc/arm-none-eabi/14.3.1/../../../../arm-none-eabi/lib/thumb/v8-m.main+fp/hard\libc_nano.a(libc_a-findfp.o)
 .text.stdio_exit_handler
                0x08011820       0x18 C:/Program Files/STM32CubeIDE_2.1.1/STM32CubeIDE/plugins/com.st.stm32cube.ide.mcu.externaltools.gnu-tools-for-stm32.14.3.rel1.win32_1.0.100.202602081740/tools/bin/../lib/gcc/arm-none-eabi/14.3.1/../../../../arm-none-eabi/lib/thumb/v8-m.main+fp/hard\libc_nano.a(libc_a-findfp.o)
 .text.cleanup_stdio
                0x08011838       0x40 C:/Program Files/STM32CubeIDE_2.1.1/STM32CubeIDE/plugins/com.st.stm32cube.ide.mcu.externaltools.gnu-tools-for-stm32.14.3.rel1.win32_1.0.100.202602081740/tools/bin/../lib/gcc/arm-none-eabi/14.3.1/../../../../arm-none-eabi/lib/thumb/v8-m.main+fp/hard\libc_nano.a(libc_a-findfp.o)
 .text.global_stdio_init.part.0
                0x08011878       0x40 C:/Program Files/STM32CubeIDE_2.1.1/STM32CubeIDE/plugins/com.st.stm32cube.ide.mcu.externaltools.gnu-tools-for-stm32.14.3.rel1.win32_1.0.100.202602081740/tools/bin/../lib/gcc/arm-none-eabi/14.3.1/../../../../arm-none-eabi/lib/thumb/v8-m.main+fp/hard\libc_nano.a(libc_a-findfp.o)
 .text.__sfp_lock_acquire
                0x080118b8        0xc C:/Program Files/STM32CubeIDE_2.1.1/STM32CubeIDE/plugins/com.st.stm32cube.ide.mcu.externaltools.gnu-tools-for-stm32.14.3.rel1.win32_1.0.100.202602081740/tools/bin/../lib/gcc/arm-none-eabi/14.3.1/../../../../arm-none-eabi/lib/thumb/v8-m.main+fp/hard\libc_nano.a(libc_a-findfp.o)
                0x080118b8                __sfp_lock_acquire
 .text.__sfp_lock_release
                0x080118c4        0xc C:/Program Files/STM32CubeIDE_2.1.1/STM32CubeIDE/plugins/com.st.stm32cube.ide.mcu.externaltools.gnu-tools-for-stm32.14.3.rel1.win32_1.0.100.202602081740/tools/bin/../lib/gcc/arm-none-eabi/14.3.1/../../../../arm-none-eabi/lib/thumb/v8-m.main+fp/hard\libc_nano.a(libc_a-findfp.o)
                0x080118c4                __sfp_lock_release
 .text.__sinit  0x080118d0       0x30 C:/Program Files/STM32CubeIDE_2.1.1/STM32CubeIDE/plugins/com.st.stm32cube.ide.mcu.externaltools.gnu-tools-for-stm32.14.3.rel1.win32_1.0.100.202602081740/tools/bin/../lib/gcc/arm-none-eabi/14.3.1/../../../../arm-none-eabi/lib/thumb/v8-m.main+fp/hard\libc_nano.a(libc_a-findfp.o)
                0x080118d0                __sinit
 .text._fwalk_sglue
                0x08011900       0x3c C:/Program Files/STM32CubeIDE_2.1.1/STM32CubeIDE/plugins/com.st.stm32cube.ide.mcu.externaltools.gnu-tools-for-stm32.14.3.rel1.win32_1.0.100.202602081740/tools/bin/../lib/gcc/arm-none-eabi/14.3.1/../../../../arm-none-eabi/lib/thumb/v8-m.main+fp/hard\libc_nano.a(libc_a-fwalk.o)
                0x08011900                _fwalk_sglue
 .text.printf   0x0801193c       0x24 C:/Program Files/STM32CubeIDE_2.1.1/STM32CubeIDE/plugins/com.st.stm32cube.ide.mcu.externaltools.gnu-tools-for-stm32.14.3.rel1.win32_1.0.100.202602081740/tools/bin/../lib/gcc/arm-none-eabi/14.3.1/../../../../arm-none-eabi/lib/thumb/v8-m.main+fp/hard\libc_nano.a(libc_a-printf.o)
                0x0801193c                iprintf
                0x0801193c                printf
 .text.putchar  0x08011960       0x10 C:/Program Files/STM32CubeIDE_2.1.1/STM32CubeIDE/plugins/com.st.stm32cube.ide.mcu.externaltools.gnu-tools-for-stm32.14.3.rel1.win32_1.0.100.202602081740/tools/bin/../lib/gcc/arm-none-eabi/14.3.1/../../../../arm-none-eabi/lib/thumb/v8-m.main+fp/hard\libc_nano.a(libc_a-putchar.o)
                0x08011960                putchar
 .text._puts_r  0x08011970       0xaa C:/Program Files/STM32CubeIDE_2.1.1/STM32CubeIDE/plugins/com.st.stm32cube.ide.mcu.externaltools.gnu-tools-for-stm32.14.3.rel1.win32_1.0.100.202602081740/tools/bin/../lib/gcc/arm-none-eabi/14.3.1/../../../../arm-none-eabi/lib/thumb/v8-m.main+fp/hard\libc_nano.a(libc_a-puts.o)
                0x08011970                _puts_r
 *fill*         0x08011a1a        0x2 
 .text.puts     0x08011a1c       0x10 C:/Program Files/STM32CubeIDE_2.1.1/STM32CubeIDE/plugins/com.st.stm32cube.ide.mcu.externaltools.gnu-tools-for-stm32.14.3.rel1.win32_1.0.100.202602081740/tools/bin/../lib/gcc/arm-none-eabi/14.3.1/../../../../arm-none-eabi/lib/thumb/v8-m.main+fp/hard\libc_nano.a(libc_a-puts.o)
                0x08011a1c                puts
 .text.snprintf
                0x08011a2c       0x6c C:/Program Files/STM32CubeIDE_2.1.1/STM32CubeIDE/plugins/com.st.stm32cube.ide.mcu.externaltools.gnu-tools-for-stm32.14.3.rel1.win32_1.0.100.202602081740/tools/bin/../lib/gcc/arm-none-eabi/14.3.1/../../../../arm-none-eabi/lib/thumb/v8-m.main+fp/hard\libc_nano.a(libc_a-snprintf.o)
                0x08011a2c                sniprintf
                0x08011a2c                snprintf
 .text.__sread  0x08011a98       0x22 C:/Program Files/STM32CubeIDE_2.1.1/STM32CubeIDE/plugins/com.st.stm32cube.ide.mcu.externaltools.gnu-tools-for-stm32.14.3.rel1.win32_1.0.100.202602081740/tools/bin/../lib/gcc/arm-none-eabi/14.3.1/../../../../arm-none-eabi/lib/thumb/v8-m.main+fp/hard\libc_nano.a(libc_a-stdio.o)
                0x08011a98                __sread
 .text.__swrite
                0x08011aba       0x38 C:/Program Files/STM32CubeIDE_2.1.1/STM32CubeIDE/plugins/com.st.stm32cube.ide.mcu.externaltools.gnu-tools-for-stm32.14.3.rel1.win32_1.0.100.202602081740/tools/bin/../lib/gcc/arm-none-eabi/14.3.1/../../../../arm-none-eabi/lib/thumb/v8-m.main+fp/hard\libc_nano.a(libc_a-stdio.o)
                0x08011aba                __swrite
 .text.__sseek  0x08011af2       0x26 C:/Program Files/STM32CubeIDE_2.1.1/STM32CubeIDE/plugins/com.st.stm32cube.ide.mcu.externaltools.gnu-tools-for-stm32.14.3.rel1.win32_1.0.100.202602081740/tools/bin/../lib/gcc/arm-none-eabi/14.3.1/../../../../arm-none-eabi/lib/thumb/v8-m.main+fp/hard\libc_nano.a(libc_a-stdio.o)
                0x08011af2                __sseek
 .text.__sclose
                0x08011b18        0x8 C:/Program Files/STM32CubeIDE_2.1.1/STM32CubeIDE/plugins/com.st.stm32cube.ide.mcu.externaltools.gnu-tools-for-stm32.14.3.rel1.win32_1.0.100.202602081740/tools/bin/../lib/gcc/arm-none-eabi/14.3.1/../../../../arm-none-eabi/lib/thumb/v8-m.main+fp/hard\libc_nano.a(libc_a-stdio.o)
                0x08011b18                __sclose
 .text.__swbuf_r
                0x08011b20       0x7c C:/Program Files/STM32CubeIDE_2.1.1/STM32CubeIDE/plugins/com.st.stm32cube.ide.mcu.externaltools.gnu-tools-for-stm32.14.3.rel1.win32_1.0.100.202602081740/tools/bin/../lib/gcc/arm-none-eabi/14.3.1/../../../../arm-none-eabi/lib/thumb/v8-m.main+fp/hard\libc_nano.a(libc_a-wbuf.o)
                0x08011b20                __swbuf_r
 .text.__swsetup_r
                0x08011b9c       0xa8 C:/Program Files/STM32CubeIDE_2.1.1/STM32CubeIDE/plugins/com.st.stm32cube.ide.mcu.externaltools.gnu-tools-for-stm32.14.3.rel1.win32_1.0.100.202602081740/tools/bin/../lib/gcc/arm-none-eabi/14.3.1/../../../../arm-none-eabi/lib/thumb/v8-m.main+fp/hard\libc_nano.a(libc_a-wsetup.o)
                0x08011b9c                __swsetup_r
 .text.memcmp   0x08011c44       0x20 C:/Program Files/STM32CubeIDE_2.1.1/STM32CubeIDE/plugins/com.st.stm32cube.ide.mcu.externaltools.gnu-tools-for-stm32.14.3.rel1.win32_1.0.100.202602081740/tools/bin/../lib/gcc/arm-none-eabi/14.3.1/../../../../arm-none-eabi/lib/thumb/v8-m.main+fp/hard\libc_nano.a(libc_a-memcmp.o)
                0x08011c44                memcmp
 .text.memset   0x08011c64       0x10 C:/Program Files/STM32CubeIDE_2.1.1/STM32CubeIDE/plugins/com.st.stm32cube.ide.mcu.externaltools.gnu-tools-for-stm32.14.3.rel1.win32_1.0.100.202602081740/tools/bin/../lib/gcc/arm-none-eabi/14.3.1/../../../../arm-none-eabi/lib/thumb/v8-m.main+fp/hard\libc_nano.a(libc_a-memset.o)
                0x08011c64                memset
 .text.strchr   0x08011c74       0x1a C:/Program Files/STM32CubeIDE_2.1.1/STM32CubeIDE/plugins/com.st.stm32cube.ide.mcu.externaltools.gnu-tools-for-stm32.14.3.rel1.win32_1.0.100.202602081740/tools/bin/../lib/gcc/arm-none-eabi/14.3.1/../../../../arm-none-eabi/lib/thumb/v8-m.main+fp/hard\libc_nano.a(libc_a-strchr.o)
                0x08011c74                strchr
 .text.strcspn  0x08011c8e       0x22 C:/Program Files/STM32CubeIDE_2.1.1/STM32CubeIDE/plugins/com.st.stm32cube.ide.mcu.externaltools.gnu-tools-for-stm32.14.3.rel1.win32_1.0.100.202602081740/tools/bin/../lib/gcc/arm-none-eabi/14.3.1/../../../../arm-none-eabi/lib/thumb/v8-m.main+fp/hard\libc_nano.a(libc_a-strcspn.o)
                0x08011c8e                strcspn
 .text._close_r
                0x08011cb0       0x20 C:/Program Files/STM32CubeIDE_2.1.1/STM32CubeIDE/plugins/com.st.stm32cube.ide.mcu.externaltools.gnu-tools-for-stm32.14.3.rel1.win32_1.0.100.202602081740/tools/bin/../lib/gcc/arm-none-eabi/14.3.1/../../../../arm-none-eabi/lib/thumb/v8-m.main+fp/hard\libc_nano.a(libc_a-closer.o)
                0x08011cb0                _close_r
 .text._lseek_r
                0x08011cd0       0x24 C:/Program Files/STM32CubeIDE_2.1.1/STM32CubeIDE/plugins/com.st.stm32cube.ide.mcu.externaltools.gnu-tools-for-stm32.14.3.rel1.win32_1.0.100.202602081740/tools/bin/../lib/gcc/arm-none-eabi/14.3.1/../../../../arm-none-eabi/lib/thumb/v8-m.main+fp/hard\libc_nano.a(libc_a-lseekr.o)
                0x08011cd0                _lseek_r
 .text._read_r  0x08011cf4       0x24 C:/Program Files/STM32CubeIDE_2.1.1/STM32CubeIDE/plugins/com.st.stm32cube.ide.mcu.externaltools.gnu-tools-for-stm32.14.3.rel1.win32_1.0.100.202602081740/tools/bin/../lib/gcc/arm-none-eabi/14.3.1/../../../../arm-none-eabi/lib/thumb/v8-m.main+fp/hard\libc_nano.a(libc_a-readr.o)
                0x08011cf4                _read_r
 .text._write_r
                0x08011d18       0x24 C:/Program Files/STM32CubeIDE_2.1.1/STM32CubeIDE/plugins/com.st.stm32cube.ide.mcu.externaltools.gnu-tools-for-stm32.14.3.rel1.win32_1.0.100.202602081740/tools/bin/../lib/gcc/arm-none-eabi/14.3.1/../../../../arm-none-eabi/lib/thumb/v8-m.main+fp/hard\libc_nano.a(libc_a-writer.o)
                0x08011d18                _write_r
 .text.__errno  0x08011d3c        0xc C:/Program Files/STM32CubeIDE_2.1.1/STM32CubeIDE/plugins/com.st.stm32cube.ide.mcu.externaltools.gnu-tools-for-stm32.14.3.rel1.win32_1.0.100.202602081740/tools/bin/../lib/gcc/arm-none-eabi/14.3.1/../../../../arm-none-eabi/lib/thumb/v8-m.main+fp/hard\libc_nano.a(libc_a-errno.o)
                0x08011d3c                __errno
 .text.__libc_init_array
                0x08011d48       0x48 C:/Program Files/STM32CubeIDE_2.1.1/STM32CubeIDE/plugins/com.st.stm32cube.ide.mcu.externaltools.gnu-tools-for-stm32.14.3.rel1.win32_1.0.100.202602081740/tools/bin/../lib/gcc/arm-none-eabi/14.3.1/../../../../arm-none-eabi/lib/thumb/v8-m.main+fp/hard\libc_nano.a(libc_a-init.o)
                0x08011d48                __libc_init_array
 .text.__retarget_lock_init_recursive
                0x08011d90        0x2 C:/Program Files/STM32CubeIDE_2.1.1/STM32CubeIDE/plugins/com.st.stm32cube.ide.mcu.externaltools.gnu-tools-for-stm32.14.3.rel1.win32_1.0.100.202602081740/tools/bin/../lib/gcc/arm-none-eabi/14.3.1/../../../../arm-none-eabi/lib/thumb/v8-m.main+fp/hard\libc_nano.a(libc_a-lock.o)
                0x08011d90                __retarget_lock_init_recursive
 .text.__retarget_lock_acquire_recursive
                0x08011d92        0x2 C:/Program Files/STM32CubeIDE_2.1.1/STM32CubeIDE/plugins/com.st.stm32cube.ide.mcu.externaltools.gnu-tools-for-stm32.14.3.rel1.win32_1.0.100.202602081740/tools/bin/../lib/gcc/arm-none-eabi/14.3.1/../../../../arm-none-eabi/lib/thumb/v8-m.main+fp/hard\libc_nano.a(libc_a-lock.o)
                0x08011d92                __retarget_lock_acquire_recursive
 .text.__retarget_lock_release_recursive
                0x08011d94        0x2 C:/Program Files/STM32CubeIDE_2.1.1/STM32CubeIDE/plugins/com.st.stm32cube.ide.mcu.externaltools.gnu-tools-for-stm32.14.3.rel1.win32_1.0.100.202602081740/tools/bin/../lib/gcc/arm-none-eabi/14.3.1/../../../../arm-none-eabi/lib/thumb/v8-m.main+fp/hard\libc_nano.a(libc_a-lock.o)
                0x08011d94                __retarget_lock_release_recursive
 .text.memcpy   0x08011d96       0x1a C:/Program Files/STM32CubeIDE_2.1.1/STM32CubeIDE/plugins/com.st.stm32cube.ide.mcu.externaltools.gnu-tools-for-stm32.14.3.rel1.win32_1.0.100.202602081740/tools/bin/../lib/gcc/arm-none-eabi/14.3.1/../../../../arm-none-eabi/lib/thumb/v8-m.main+fp/hard\libc_nano.a(libc_a-memcpy-stub.o)
                0x08011d96                memcpy
 .text._free_r  0x08011db0       0x94 C:/Program Files/STM32CubeIDE_2.1.1/STM32CubeIDE/plugins/com.st.stm32cube.ide.mcu.externaltools.gnu-tools-for-stm32.14.3.rel1.win32_1.0.100.202602081740/tools/bin/../lib/gcc/arm-none-eabi/14.3.1/../../../../arm-none-eabi/lib/thumb/v8-m.main+fp/hard\libc_nano.a(libc_a-freer.o)
                0x08011db0                _free_r
 .text.sbrk_aligned
                0x08011e44       0x44 C:/Program Files/STM32CubeIDE_2.1.1/STM32CubeIDE/plugins/com.st.stm32cube.ide.mcu.externaltools.gnu-tools-for-stm32.14.3.rel1.win32_1.0.100.202602081740/tools/bin/../lib/gcc/arm-none-eabi/14.3.1/../../../../arm-none-eabi/lib/thumb/v8-m.main+fp/hard\libc_nano.a(libc_a-mallocr.o)
 .text._malloc_r
                0x08011e88      0x100 C:/Program Files/STM32CubeIDE_2.1.1/STM32CubeIDE/plugins/com.st.stm32cube.ide.mcu.externaltools.gnu-tools-for-stm32.14.3.rel1.win32_1.0.100.202602081740/tools/bin/../lib/gcc/arm-none-eabi/14.3.1/../../../../arm-none-eabi/lib/thumb/v8-m.main+fp/hard\libc_nano.a(libc_a-mallocr.o)
                0x08011e88                _malloc_r
 .text.__malloc_lock
                0x08011f88        0xc C:/Program Files/STM32CubeIDE_2.1.1/STM32CubeIDE/plugins/com.st.stm32cube.ide.mcu.externaltools.gnu-tools-for-stm32.14.3.rel1.win32_1.0.100.202602081740/tools/bin/../lib/gcc/arm-none-eabi/14.3.1/../../../../arm-none-eabi/lib/thumb/v8-m.main+fp/hard\libc_nano.a(libc_a-mlock.o)
                0x08011f88                __malloc_lock
 .text.__malloc_unlock
                0x08011f94        0xc C:/Program Files/STM32CubeIDE_2.1.1/STM32CubeIDE/plugins/com.st.stm32cube.ide.mcu.externaltools.gnu-tools-for-stm32.14.3.rel1.win32_1.0.100.202602081740/tools/bin/../lib/gcc/arm-none-eabi/14.3.1/../../../../arm-none-eabi/lib/thumb/v8-m.main+fp/hard\libc_nano.a(libc_a-mlock.o)
                0x08011f94                __malloc_unlock
 .text.__ssputs_r
                0x08011fa0       0xc0 C:/Program Files/STM32CubeIDE_2.1.1/STM32CubeIDE/plugins/com.st.stm32cube.ide.mcu.externaltools.gnu-tools-for-stm32.14.3.rel1.win32_1.0.100.202602081740/tools/bin/../lib/gcc/arm-none-eabi/14.3.1/../../../../arm-none-eabi/lib/thumb/v8-m.main+fp/hard\libc_nano.a(libc_a-nano-svfprintf.o)
                0x08011fa0                __ssputs_r
 .text._svfprintf_r
                0x08012060      0x1f0 C:/Program Files/STM32CubeIDE_2.1.1/STM32CubeIDE/plugins/com.st.stm32cube.ide.mcu.externaltools.gnu-tools-for-stm32.14.3.rel1.win32_1.0.100.202602081740/tools/bin/../lib/gcc/arm-none-eabi/14.3.1/../../../../arm-none-eabi/lib/thumb/v8-m.main+fp/hard\libc_nano.a(libc_a-nano-svfprintf.o)
                0x08012060                _svfiprintf_r
                0x08012060                _svfprintf_r
 .text.__sfputc_r
                0x08012250       0x2e C:/Program Files/STM32CubeIDE_2.1.1/STM32CubeIDE/plugins/com.st.stm32cube.ide.mcu.externaltools.gnu-tools-for-stm32.14.3.rel1.win32_1.0.100.202602081740/tools/bin/../lib/gcc/arm-none-eabi/14.3.1/../../../../arm-none-eabi/lib/thumb/v8-m.main+fp/hard\libc_nano.a(libc_a-nano-vfprintf.o)
 .text.__sfputs_r
                0x0801227e       0x24 C:/Program Files/STM32CubeIDE_2.1.1/STM32CubeIDE/plugins/com.st.stm32cube.ide.mcu.externaltools.gnu-tools-for-stm32.14.3.rel1.win32_1.0.100.202602081740/tools/bin/../lib/gcc/arm-none-eabi/14.3.1/../../../../arm-none-eabi/lib/thumb/v8-m.main+fp/hard\libc_nano.a(libc_a-nano-vfprintf.o)
                0x0801227e                __sfputs_r
 *fill*         0x080122a2        0x2 
 .text._vfprintf_r
                0x080122a4      0x228 C:/Program Files/STM32CubeIDE_2.1.1/STM32CubeIDE/plugins/com.st.stm32cube.ide.mcu.externaltools.gnu-tools-for-stm32.14.3.rel1.win32_1.0.100.202602081740/tools/bin/../lib/gcc/arm-none-eabi/14.3.1/../../../../arm-none-eabi/lib/thumb/v8-m.main+fp/hard\libc_nano.a(libc_a-nano-vfprintf.o)
                0x080122a4                _vfprintf_r
                0x080122a4                _vfiprintf_r
 .text._printf_common
                0x080124cc       0xe4 C:/Program Files/STM32CubeIDE_2.1.1/STM32CubeIDE/plugins/com.st.stm32cube.ide.mcu.externaltools.gnu-tools-for-stm32.14.3.rel1.win32_1.0.100.202602081740/tools/bin/../lib/gcc/arm-none-eabi/14.3.1/../../../../arm-none-eabi/lib/thumb/v8-m.main+fp/hard\libc_nano.a(libc_a-nano-vfprintf_i.o)
                0x080124cc                _printf_common
 .text._printf_i
                0x080125b0      0x24c C:/Program Files/STM32CubeIDE_2.1.1/STM32CubeIDE/plugins/com.st.stm32cube.ide.mcu.externaltools.gnu-tools-for-stm32.14.3.rel1.win32_1.0.100.202602081740/tools/bin/../lib/gcc/arm-none-eabi/14.3.1/../../../../arm-none-eabi/lib/thumb/v8-m.main+fp/hard\libc_nano.a(libc_a-nano-vfprintf_i.o)
                0x080125b0                _printf_i
 .text.__sflush_r
                0x080127fc      0x100 C:/Program Files/STM32CubeIDE_2.1.1/STM32CubeIDE/plugins/com.st.stm32cube.ide.mcu.externaltools.gnu-tools-for-stm32.14.3.rel1.win32_1.0.100.202602081740/tools/bin/../lib/gcc/arm-none-eabi/14.3.1/../../../../arm-none-eabi/lib/thumb/v8-m.main+fp/hard\libc_nano.a(libc_a-fflush.o)
                0x080127fc                __sflush_r
 .text._fflush_r
                0x080128fc       0x50 C:/Program Files/STM32CubeIDE_2.1.1/STM32CubeIDE/plugins/com.st.stm32cube.ide.mcu.externaltools.gnu-tools-for-stm32.14.3.rel1.win32_1.0.100.202602081740/tools/bin/../lib/gcc/arm-none-eabi/14.3.1/../../../../arm-none-eabi/lib/thumb/v8-m.main+fp/hard\libc_nano.a(libc_a-fflush.o)
                0x080128fc                _fflush_r
 .text.__swhatbuf_r
                0x0801294c       0x48 C:/Program Files/STM32CubeIDE_2.1.1/STM32CubeIDE/plugins/com.st.stm32cube.ide.mcu.externaltools.gnu-tools-for-stm32.14.3.rel1.win32_1.0.100.202602081740/tools/bin/../lib/gcc/arm-none-eabi/14.3.1/../../../../arm-none-eabi/lib/thumb/v8-m.main+fp/hard\libc_nano.a(libc_a-makebuf.o)
                0x0801294c                __swhatbuf_r
 .text.__smakebuf_r
                0x08012994       0x72 C:/Program Files/STM32CubeIDE_2.1.1/STM32CubeIDE/plugins/com.st.stm32cube.ide.mcu.externaltools.gnu-tools-for-stm32.14.3.rel1.win32_1.0.100.202602081740/tools/bin/../lib/gcc/arm-none-eabi/14.3.1/../../../../arm-none-eabi/lib/thumb/v8-m.main+fp/hard\libc_nano.a(libc_a-makebuf.o)
                0x08012994                __smakebuf_r
 .text._putc_r  0x08012a06       0x68 C:/Program Files/STM32CubeIDE_2.1.1/STM32CubeIDE/plugins/com.st.stm32cube.ide.mcu.externaltools.gnu-tools-for-stm32.14.3.rel1.win32_1.0.100.202602081740/tools/bin/../lib/gcc/arm-none-eabi/14.3.1/../../../../arm-none-eabi/lib/thumb/v8-m.main+fp/hard\libc_nano.a(libc_a-putc.o)
                0x08012a06                _putc_r
 .text.memmove  0x08012a6e       0x32 C:/Program Files/STM32CubeIDE_2.1.1/STM32CubeIDE/plugins/com.st.stm32cube.ide.mcu.externaltools.gnu-tools-for-stm32.14.3.rel1.win32_1.0.100.202602081740/tools/bin/../lib/gcc/arm-none-eabi/14.3.1/../../../../arm-none-eabi/lib/thumb/v8-m.main+fp/hard\libc_nano.a(libc_a-memmove.o)
                0x08012a6e                memmove
 .text._fstat_r
                0x08012aa0       0x24 C:/Program Files/STM32CubeIDE_2.1.1/STM32CubeIDE/plugins/com.st.stm32cube.ide.mcu.externaltools.gnu-tools-for-stm32.14.3.rel1.win32_1.0.100.202602081740/tools/bin/../lib/gcc/arm-none-eabi/14.3.1/../../../../arm-none-eabi/lib/thumb/v8-m.main+fp/hard\libc_nano.a(libc_a-fstatr.o)
                0x08012aa0                _fstat_r
 .text._isatty_r
                0x08012ac4       0x20 C:/Program Files/STM32CubeIDE_2.1.1/STM32CubeIDE/plugins/com.st.stm32cube.ide.mcu.externaltools.gnu-tools-for-stm32.14.3.rel1.win32_1.0.100.202602081740/tools/bin/../lib/gcc/arm-none-eabi/14.3.1/../../../../arm-none-eabi/lib/thumb/v8-m.main+fp/hard\libc_nano.a(libc_a-isattyr.o)
                0x08012ac4                _isatty_r
 .text._sbrk_r  0x08012ae4       0x20 C:/Program Files/STM32CubeIDE_2.1.1/STM32CubeIDE/plugins/com.st.stm32cube.ide.mcu.externaltools.gnu-tools-for-stm32.14.3.rel1.win32_1.0.100.202602081740/tools/bin/../lib/gcc/arm-none-eabi/14.3.1/../../../../arm-none-eabi/lib/thumb/v8-m.main+fp/hard\libc_nano.a(libc_a-sbrkr.o)
                0x08012ae4                _sbrk_r
 .text.memchr   0x08012b04       0x1c C:/Program Files/STM32CubeIDE_2.1.1/STM32CubeIDE/plugins/com.st.stm32cube.ide.mcu.externaltools.gnu-tools-for-stm32.14.3.rel1.win32_1.0.100.202602081740/tools/bin/../lib/gcc/arm-none-eabi/14.3.1/../../../../arm-none-eabi/lib/thumb/v8-m.main+fp/hard\libc_nano.a(libc_a-memchr-stub.o)
                0x08012b04                memchr
 .text._realloc_r
                0x08012b20       0x5c C:/Program Files/STM32CubeIDE_2.1.1/STM32CubeIDE/plugins/com.st.stm32cube.ide.mcu.externaltools.gnu-tools-for-stm32.14.3.rel1.win32_1.0.100.202602081740/tools/bin/../lib/gcc/arm-none-eabi/14.3.1/../../../../arm-none-eabi/lib/thumb/v8-m.main+fp/hard\libc_nano.a(libc_a-reallocr.o)
                0x08012b20                _realloc_r
 .text._malloc_usable_size_r
                0x08012b7c       0x10 C:/Program Files/STM32CubeIDE_2.1.1/STM32CubeIDE/plugins/com.st.stm32cube.ide.mcu.externaltools.gnu-tools-for-stm32.14.3.rel1.win32_1.0.100.202602081740/tools/bin/../lib/gcc/arm-none-eabi/14.3.1/../../../../arm-none-eabi/lib/thumb/v8-m.main+fp/hard\libc_nano.a(libc_a-msizer.o)
                0x08012b7c                _malloc_usable_size_r
 *(.glue_7)
 .glue_7        0x08012b8c        0x0 linker stubs
 *(.glue_7t)
 .glue_7t       0x08012b8c        0x0 linker stubs
 *(.eh_frame)
 .eh_frame      0x08012b8c        0x0 C:/Program Files/STM32CubeIDE_2.1.1/STM32CubeIDE/plugins/com.st.stm32cube.ide.mcu.externaltools.gnu-tools-for-stm32.14.3.rel1.win32_1.0.100.202602081740/tools/bin/../lib/gcc/arm-none-eabi/14.3.1/thumb/v8-m.main+fp/hard/crtbegin.o
 *(.init)
 .init          0x08012b8c        0x4 C:/Program Files/STM32CubeIDE_2.1.1/STM32CubeIDE/plugins/com.st.stm32cube.ide.mcu.externaltools.gnu-tools-for-stm32.14.3.rel1.win32_1.0.100.202602081740/tools/bin/../lib/gcc/arm-none-eabi/14.3.1/thumb/v8-m.main+fp/hard/crti.o
                0x08012b8c                _init
 .init          0x08012b90        0x8 C:/Program Files/STM32CubeIDE_2.1.1/STM32CubeIDE/plugins/com.st.stm32cube.ide.mcu.externaltools.gnu-tools-for-stm32.14.3.rel1.win32_1.0.100.202602081740/tools/bin/../lib/gcc/arm-none-eabi/14.3.1/thumb/v8-m.main+fp/hard/crtn.o
 *(.fini)
 .fini          0x08012b98        0x4 C:/Program Files/STM32CubeIDE_2.1.1/STM32CubeIDE/plugins/com.st.stm32cube.ide.mcu.externaltools.gnu-tools-for-stm32.14.3.rel1.win32_1.0.100.202602081740/tools/bin/../lib/gcc/arm-none-eabi/14.3.1/thumb/v8-m.main+fp/hard/crti.o
                0x08012b98                _fini
 .fini          0x08012b9c        0x8 C:/Program Files/STM32CubeIDE_2.1.1/STM32CubeIDE/plugins/com.st.stm32cube.ide.mcu.externaltools.gnu-tools-for-stm32.14.3.rel1.win32_1.0.100.202602081740/tools/bin/../lib/gcc/arm-none-eabi/14.3.1/thumb/v8-m.main+fp/hard/crtn.o
                0x08012ba4                        . = ALIGN (0x4)
                0x08012ba4                        _etext = .

.vfp11_veneer   0x08012ba4        0x0
 .vfp11_veneer  0x08012ba4        0x0 linker stubs

.v4_bx          0x08012ba4        0x0
 .v4_bx         0x08012ba4        0x0 linker stubs

.iplt           0x08012ba4        0x0
 .iplt          0x08012ba4        0x0 C:/Program Files/STM32CubeIDE_2.1.1/STM32CubeIDE/plugins/com.st.stm32cube.ide.mcu.externaltools.gnu-tools-for-stm32.14.3.rel1.win32_1.0.100.202602081740/tools/bin/../lib/gcc/arm-none-eabi/14.3.1/thumb/v8-m.main+fp/hard/crtbegin.o

.rodata         0x08012ba4     0x14a0
                0x08012ba4                        . = ALIGN (0x4)
 *(.rodata)
 .rodata        0x08012ba4      0x222 ./Core/Src/app/app.o
 *fill*         0x08012dc6        0x2 
 .rodata        0x08012dc8      0x1dc ./Core/Src/comms/ble_bluenrg.o
 .rodata        0x08012fa4       0xe8 ./Core/Src/sensors/acc_adxl373.o
 .rodata        0x0801308c      0x17f ./Core/Src/sensors/brake_pressure.o
 *fill*         0x0801320b        0x1 
 .rodata        0x0801320c      0x5db ./Core/Src/sensors/gnss.o
 *fill*         0x080137e7        0x1 
 .rodata        0x080137e8      0x1a5 ./Core/Src/sensors/imu_lsm6dso.o
 *fill*         0x0801398d        0x3 
 .rodata        0x08013990       0x19 ./Core/Src/storage/ff.o
 *fill*         0x080139a9        0x3 
 .rodata        0x080139ac      0x551 ./Core/Src/storage/storage_logger.o
 *(.rodata*)
 *fill*         0x08013efd        0x3 
 .rodata.board_interfaces
                0x08013f00       0x44 ./Core/Src/board/board.o
 .rodata.AHBPrescTable
                0x08013f44       0x10 ./Core/Src/system_stm32h5xx.o
                0x08013f44                AHBPrescTable
 .rodata.APBPrescTable
                0x08013f54        0x8 ./Core/Src/system_stm32h5xx.o
                0x08013f54                APBPrescTable
 .rodata.ExCvt  0x08013f5c       0x80 ./Core/Src/storage/ff.o
 .rodata.LED_PIN
                0x08013fdc        0x6 ./Drivers/BSP/STM32H5xx_Nucleo/stm32h5xx_nucleo.o
 *fill*         0x08013fe2        0x2 
 .rodata.BUTTON_EXTI_LINE.2
                0x08013fe4        0x4 ./Drivers/BSP/STM32H5xx_Nucleo/stm32h5xx_nucleo.o
 .rodata.UARTPrescTable
                0x08013fe8       0x18 ./Drivers/STM32H5xx_HAL_Driver/Src/stm32h5xx_hal_uart.o
                0x08013fe8                UARTPrescTable
 .rodata.numerator.1
                0x08014000        0x8 ./Drivers/STM32H5xx_HAL_Driver/Src/stm32h5xx_hal_uart_ex.o
 .rodata.denominator.0
                0x08014008        0x8 ./Drivers/STM32H5xx_HAL_Driver/Src/stm32h5xx_hal_uart_ex.o
 .rodata._svfprintf_r.str1.1
                0x08014010       0x33 C:/Program Files/STM32CubeIDE_2.1.1/STM32CubeIDE/plugins/com.st.stm32cube.ide.mcu.externaltools.gnu-tools-for-stm32.14.3.rel1.win32_1.0.100.202602081740/tools/bin/../lib/gcc/arm-none-eabi/14.3.1/../../../../arm-none-eabi/lib/thumb/v8-m.main+fp/hard\libc_nano.a(libc_a-nano-svfprintf.o)
                                 0x11 (size before relaxing)
 .rodata._vfprintf_r.str1.1
                0x08014043       0x11 C:/Program Files/STM32CubeIDE_2.1.1/STM32CubeIDE/plugins/com.st.stm32cube.ide.mcu.externaltools.gnu-tools-for-stm32.14.3.rel1.win32_1.0.100.202602081740/tools/bin/../lib/gcc/arm-none-eabi/14.3.1/../../../../arm-none-eabi/lib/thumb/v8-m.main+fp/hard\libc_nano.a(libc_a-nano-vfprintf.o)
 .rodata._printf_i.str1.1
                0x08014043       0x22 C:/Program Files/STM32CubeIDE_2.1.1/STM32CubeIDE/plugins/com.st.stm32cube.ide.mcu.externaltools.gnu-tools-for-stm32.14.3.rel1.win32_1.0.100.202602081740/tools/bin/../lib/gcc/arm-none-eabi/14.3.1/../../../../arm-none-eabi/lib/thumb/v8-m.main+fp/hard\libc_nano.a(libc_a-nano-vfprintf_i.o)
                0x08014068                        . = ALIGN (0x4)
 *fill*         0x08014043        0x1 

.ARM.extab      0x08014044        0x0
                0x08014044                        . = ALIGN (0x4)
 *(.ARM.extab* .gnu.linkonce.armextab.*)
                0x08014044                        . = ALIGN (0x4)

.ARM            0x08014044        0x8
                0x08014044                        . = ALIGN (0x4)
                0x08014044                        __exidx_start = .
 *(.ARM.exidx*)
 .ARM.exidx     0x08014044        0x8 C:/Program Files/STM32CubeIDE_2.1.1/STM32CubeIDE/plugins/com.st.stm32cube.ide.mcu.externaltools.gnu-tools-for-stm32.14.3.rel1.win32_1.0.100.202602081740/tools/bin/../lib/gcc/arm-none-eabi/14.3.1/thumb/v8-m.main+fp/hard\libgcc.a(_udivmoddi4.o)
                0x0801404c                        __exidx_end = .
                0x0801404c                        . = ALIGN (0x4)

.preinit_array  0x0801404c        0x0
                0x0801404c                        . = ALIGN (0x4)
                0x0801404c                        PROVIDE (__preinit_array_start = .)
 *(.preinit_array*)
                0x0801404c                        PROVIDE (__preinit_array_end = .)
                0x0801404c                        . = ALIGN (0x4)

.init_array     0x0801404c        0x4
                0x0801404c                        . = ALIGN (0x4)
                0x0801404c                        PROVIDE (__init_array_start = .)
 *(SORT_BY_NAME(.init_array.*))
 *(.init_array*)
 .init_array    0x0801404c        0x4 C:/Program Files/STM32CubeIDE_2.1.1/STM32CubeIDE/plugins/com.st.stm32cube.ide.mcu.externaltools.gnu-tools-for-stm32.14.3.rel1.win32_1.0.100.202602081740/tools/bin/../lib/gcc/arm-none-eabi/14.3.1/thumb/v8-m.main+fp/hard/crtbegin.o
                0x08014050                        PROVIDE (__init_array_end = .)
                0x08014050                        . = ALIGN (0x4)

.fini_array     0x08014050        0x4
                0x08014050                        . = ALIGN (0x4)
                [!provide]                        PROVIDE (__fini_array_start = .)
 *(SORT_BY_NAME(.fini_array.*))
 *(.fini_array*)
 .fini_array    0x08014050        0x4 C:/Program Files/STM32CubeIDE_2.1.1/STM32CubeIDE/plugins/com.st.stm32cube.ide.mcu.externaltools.gnu-tools-for-stm32.14.3.rel1.win32_1.0.100.202602081740/tools/bin/../lib/gcc/arm-none-eabi/14.3.1/thumb/v8-m.main+fp/hard/crtbegin.o
                [!provide]                        PROVIDE (__fini_array_end = .)
                0x08014054                        . = ALIGN (0x4)
                0x08014054                        _sidata = LOADADDR (.data)

.rel.dyn        0x08014054        0x0
 .rel.iplt      0x08014054        0x0 C:/Program Files/STM32CubeIDE_2.1.1/STM32CubeIDE/plugins/com.st.stm32cube.ide.mcu.externaltools.gnu-tools-for-stm32.14.3.rel1.win32_1.0.100.202602081740/tools/bin/../lib/gcc/arm-none-eabi/14.3.1/thumb/v8-m.main+fp/hard/crtbegin.o

.data           0x20000000       0x84 load address 0x08014054
                0x20000000                        . = ALIGN (0x4)
                0x20000000                        _sdata = .
 *(.data)
 *(.data*)
 .data.SystemCoreClock
                0x20000000        0x4 ./Core/Src/system_stm32h5xx.o
                0x20000000                SystemCoreClock
 .data.COM_USART
                0x20000004        0x4 ./Drivers/BSP/STM32H5xx_Nucleo/stm32h5xx_nucleo.o
                0x20000004                COM_USART
 .data.LED_PORT
                0x20000008        0xc ./Drivers/BSP/STM32H5xx_Nucleo/stm32h5xx_nucleo.o
 .data.BUTTON_PORT
                0x20000014        0x4 ./Drivers/BSP/STM32H5xx_Nucleo/stm32h5xx_nucleo.o
 .data.ButtonCallback.1
                0x20000018        0x4 ./Drivers/BSP/STM32H5xx_Nucleo/stm32h5xx_nucleo.o
 .data.BSP_BUTTON_PRIO.0
                0x2000001c        0x4 ./Drivers/BSP/STM32H5xx_Nucleo/stm32h5xx_nucleo.o
 .data.uwTickPrio
                0x20000020        0x4 ./Drivers/STM32H5xx_HAL_Driver/Src/stm32h5xx_hal.o
                0x20000020                uwTickPrio
 .data.uwTickFreq
                0x20000024        0x1 ./Drivers/STM32H5xx_HAL_Driver/Src/stm32h5xx_hal.o
                0x20000024                uwTickFreq
 *fill*         0x20000025        0x3 
 .data.__sglue  0x20000028        0xc C:/Program Files/STM32CubeIDE_2.1.1/STM32CubeIDE/plugins/com.st.stm32cube.ide.mcu.externaltools.gnu-tools-for-stm32.14.3.rel1.win32_1.0.100.202602081740/tools/bin/../lib/gcc/arm-none-eabi/14.3.1/../../../../arm-none-eabi/lib/thumb/v8-m.main+fp/hard\libc_nano.a(libc_a-findfp.o)
                0x20000028                __sglue
 .data._impure_ptr
                0x20000034        0x4 C:/Program Files/STM32CubeIDE_2.1.1/STM32CubeIDE/plugins/com.st.stm32cube.ide.mcu.externaltools.gnu-tools-for-stm32.14.3.rel1.win32_1.0.100.202602081740/tools/bin/../lib/gcc/arm-none-eabi/14.3.1/../../../../arm-none-eabi/lib/thumb/v8-m.main+fp/hard\libc_nano.a(libc_a-impure.o)
                0x20000034                _impure_ptr
 .data._impure_data
                0x20000038       0x4c C:/Program Files/STM32CubeIDE_2.1.1/STM32CubeIDE/plugins/com.st.stm32cube.ide.mcu.externaltools.gnu-tools-for-stm32.14.3.rel1.win32_1.0.100.202602081740/tools/bin/../lib/gcc/arm-none-eabi/14.3.1/../../../../arm-none-eabi/lib/thumb/v8-m.main+fp/hard\libc_nano.a(libc_a-impure.o)
                0x20000038                _impure_data
 *(.RamFunc)
 *(.RamFunc*)
                0x20000084                        . = ALIGN (0x4)
                0x20000084                        _edata = .

.igot.plt       0x20000084        0x0 load address 0x080140d8
 .igot.plt      0x20000084        0x0 C:/Program Files/STM32CubeIDE_2.1.1/STM32CubeIDE/plugins/com.st.stm32cube.ide.mcu.externaltools.gnu-tools-for-stm32.14.3.rel1.win32_1.0.100.202602081740/tools/bin/../lib/gcc/arm-none-eabi/14.3.1/thumb/v8-m.main+fp/hard/crtbegin.o
                0x20000084                        . = ALIGN (0x4)

.bss            0x20000084      0xa28 load address 0x080140d8
                0x20000084                        _sbss = .
                0x20000084                        __bss_start__ = _sbss
 *(.bss)
 .bss           0x20000084       0x1c C:/Program Files/STM32CubeIDE_2.1.1/STM32CubeIDE/plugins/com.st.stm32cube.ide.mcu.externaltools.gnu-tools-for-stm32.14.3.rel1.win32_1.0.100.202602081740/tools/bin/../lib/gcc/arm-none-eabi/14.3.1/thumb/v8-m.main+fp/hard/crtbegin.o
 *(.bss*)
 .bss.app_sd_error
                0x200000a0        0x1 ./Core/Src/app/app.o
 .bss.last_raw.5
                0x200000a1        0x1 ./Core/Src/app/app.o
 *fill*         0x200000a2        0x2 
 .bss.last_change_ms.4
                0x200000a4        0x4 ./Core/Src/app/app.o
 .bss.stable_state.3
                0x200000a8        0x1 ./Core/Src/app/app.o
 *fill*         0x200000a9        0x3 
 .bss.next_recover_ms.2
                0x200000ac        0x4 ./Core/Src/app/app.o
 .bss.next_led_ms.1
                0x200000b0        0x4 ./Core/Src/app/app.o
 .bss.next_sample_ms.0
                0x200000b4        0x4 ./Core/Src/app/app.o
 .bss.ble_bluenrg_ready
                0x200000b8        0x1 ./Core/Src/comms/ble_bluenrg.o
 *fill*         0x200000b9        0x3 
 .bss.ble_last_hdr
                0x200000bc        0x5 ./Core/Src/comms/ble_bluenrg.o
 *fill*         0x200000c1        0x3 
 .bss.BspCOMInit
                0x200000c4       0x10 ./Core/Src/main.o
                0x200000c4                BspCOMInit
 .bss.hadc1     0x200000d4       0x68 ./Core/Src/main.o
                0x200000d4                hadc1
 .bss.hlpuart1  0x2000013c       0x94 ./Core/Src/main.o
                0x2000013c                hlpuart1
 .bss.hspi1     0x200001d0       0x90 ./Core/Src/main.o
                0x200001d0                hspi1
 .bss.hspi3     0x20000260       0x90 ./Core/Src/main.o
                0x20000260                hspi3
 .bss.hspi5     0x200002f0       0x90 ./Core/Src/main.o
                0x200002f0                hspi5
 .bss.__sbrk_heap_end
                0x20000380        0x4 ./Core/Src/sysmem.o
 .bss.acc_adxl373_ready
                0x20000384        0x1 ./Core/Src/sensors/acc_adxl373.o
 *fill*         0x20000385        0x1 
 .bss.acc_adxl373_peak_x
                0x20000386        0x2 ./Core/Src/sensors/acc_adxl373.o
 .bss.acc_adxl373_peak_y
                0x20000388        0x2 ./Core/Src/sensors/acc_adxl373.o
 .bss.acc_adxl373_peak_z
                0x2000038a        0x2 ./Core/Src/sensors/acc_adxl373.o
 .bss.brake_pressure_ready
                0x2000038c        0x1 ./Core/Src/sensors/brake_pressure.o
 *fill*         0x2000038d        0x3 
 .bss.next_warn_ms.0
                0x20000390        0x4 ./Core/Src/sensors/brake_pressure.o
 .bss.gnss_ready
                0x20000394        0x1 ./Core/Src/sensors/gnss.o
 *fill*         0x20000395        0x3 
 .bss.gnss_last
                0x20000398       0x14 ./Core/Src/sensors/gnss.o
 .bss.gnss_line
                0x200003ac       0x64 ./Core/Src/sensors/gnss.o
 .bss.gnss_line_len
                0x20000410        0x4 ./Core/Src/sensors/gnss.o
 .bss.gnss_last_poll_ms
                0x20000414        0x4 ./Core/Src/sensors/gnss.o
 .bss.gnss_date_day
                0x20000418        0x1 ./Core/Src/sensors/gnss.o
 .bss.gnss_date_month
                0x20000419        0x1 ./Core/Src/sensors/gnss.o
 .bss.gnss_date_year
                0x2000041a        0x2 ./Core/Src/sensors/gnss.o
 .bss.buf.0     0x2000041c      0x200 ./Core/Src/sensors/gnss.o
 .bss.imu_lsm6dso_ready
                0x2000061c        0x1 ./Core/Src/sensors/imu_lsm6dso.o
 .bss.imu_bias_valid
                0x2000061d        0x1 ./Core/Src/sensors/imu_lsm6dso.o
 *fill*         0x2000061e        0x2 
 .bss.imu_gyro_bias
                0x20000620        0x6 ./Core/Src/sensors/imu_lsm6dso.o
 *fill*         0x20000626        0x2 
 .bss.FatFs     0x20000628        0x4 ./Core/Src/storage/ff.o
 .bss.Fsid      0x2000062c        0x2 ./Core/Src/storage/ff.o
 .bss.sd_card_type
                0x2000062e        0x1 ./Core/Src/storage/storage_logger.o
 *fill*         0x2000062f        0x1 
 .bss.storage_fs
                0x20000630      0x230 ./Core/Src/storage/storage_logger.o
 .bss.storage_log_file
                0x20000860       0x28 ./Core/Src/storage/storage_logger.o
 .bss.storage_logger_ready
                0x20000888        0x1 ./Core/Src/storage/storage_logger.o
 .bss.storage_available
                0x20000889        0x1 ./Core/Src/storage/storage_logger.o
 *fill*         0x2000088a        0x2 
 .bss.storage_sample_count
                0x2000088c        0x4 ./Core/Src/storage/storage_logger.o
 .bss.fil.0     0x20000890       0x28 ./Core/Src/storage/storage_logger.o
 .bss.hpb_exti  0x200008b8        0xc ./Drivers/BSP/STM32H5xx_Nucleo/stm32h5xx_nucleo.o
                0x200008b8                hpb_exti
 .bss.hcom_uart
                0x200008c4       0x94 ./Drivers/BSP/STM32H5xx_Nucleo/stm32h5xx_nucleo.o
                0x200008c4                hcom_uart
 .bss.COM_ActiveLogPort
                0x20000958        0x1 ./Drivers/BSP/STM32H5xx_Nucleo/stm32h5xx_nucleo.o
 *fill*         0x20000959        0x3 
 .bss.uwTick    0x2000095c        0x4 ./Drivers/STM32H5xx_HAL_Driver/Src/stm32h5xx_hal.o
                0x2000095c                uwTick
 .bss.__sf      0x20000960      0x138 C:/Program Files/STM32CubeIDE_2.1.1/STM32CubeIDE/plugins/com.st.stm32cube.ide.mcu.externaltools.gnu-tools-for-stm32.14.3.rel1.win32_1.0.100.202602081740/tools/bin/../lib/gcc/arm-none-eabi/14.3.1/../../../../arm-none-eabi/lib/thumb/v8-m.main+fp/hard\libc_nano.a(libc_a-findfp.o)
                0x20000960                __sf
 .bss.__stdio_exit_handler
                0x20000a98        0x4 C:/Program Files/STM32CubeIDE_2.1.1/STM32CubeIDE/plugins/com.st.stm32cube.ide.mcu.externaltools.gnu-tools-for-stm32.14.3.rel1.win32_1.0.100.202602081740/tools/bin/../lib/gcc/arm-none-eabi/14.3.1/../../../../arm-none-eabi/lib/thumb/v8-m.main+fp/hard\libc_nano.a(libc_a-findfp.o)
                0x20000a98                __stdio_exit_handler
 .bss.errno     0x20000a9c        0x4 C:/Program Files/STM32CubeIDE_2.1.1/STM32CubeIDE/plugins/com.st.stm32cube.ide.mcu.externaltools.gnu-tools-for-stm32.14.3.rel1.win32_1.0.100.202602081740/tools/bin/../lib/gcc/arm-none-eabi/14.3.1/../../../../arm-none-eabi/lib/thumb/v8-m.main+fp/hard\libc_nano.a(libc_a-reent.o)
                0x20000a9c                errno
 .bss.__lock___malloc_recursive_mutex
                0x20000aa0        0x1 C:/Program Files/STM32CubeIDE_2.1.1/STM32CubeIDE/plugins/com.st.stm32cube.ide.mcu.externaltools.gnu-tools-for-stm32.14.3.rel1.win32_1.0.100.202602081740/tools/bin/../lib/gcc/arm-none-eabi/14.3.1/../../../../arm-none-eabi/lib/thumb/v8-m.main+fp/hard\libc_nano.a(libc_a-lock.o)
                0x20000aa0                __lock___malloc_recursive_mutex
 .bss.__lock___sfp_recursive_mutex
                0x20000aa1        0x1 C:/Program Files/STM32CubeIDE_2.1.1/STM32CubeIDE/plugins/com.st.stm32cube.ide.mcu.externaltools.gnu-tools-for-stm32.14.3.rel1.win32_1.0.100.202602081740/tools/bin/../lib/gcc/arm-none-eabi/14.3.1/../../../../arm-none-eabi/lib/thumb/v8-m.main+fp/hard\libc_nano.a(libc_a-lock.o)
                0x20000aa1                __lock___sfp_recursive_mutex
 *fill*         0x20000aa2        0x2 
 .bss.__malloc_sbrk_start
                0x20000aa4        0x4 C:/Program Files/STM32CubeIDE_2.1.1/STM32CubeIDE/plugins/com.st.stm32cube.ide.mcu.externaltools.gnu-tools-for-stm32.14.3.rel1.win32_1.0.100.202602081740/tools/bin/../lib/gcc/arm-none-eabi/14.3.1/../../../../arm-none-eabi/lib/thumb/v8-m.main+fp/hard\libc_nano.a(libc_a-mallocr.o)
                0x20000aa4                __malloc_sbrk_start
 .bss.__malloc_free_list
                0x20000aa8        0x4 C:/Program Files/STM32CubeIDE_2.1.1/STM32CubeIDE/plugins/com.st.stm32cube.ide.mcu.externaltools.gnu-tools-for-stm32.14.3.rel1.win32_1.0.100.202602081740/tools/bin/../lib/gcc/arm-none-eabi/14.3.1/../../../../arm-none-eabi/lib/thumb/v8-m.main+fp/hard\libc_nano.a(libc_a-mallocr.o)
                0x20000aa8                __malloc_free_list
 *(COMMON)
                0x20000aac                        . = ALIGN (0x4)
                0x20000aac                        _ebss = .
                0x20000aac                        __bss_end__ = _ebss

._user_heap_stack
                0x20000aac      0x604 load address 0x080140d8
                0x20000ab0                        . = ALIGN (0x8)
 *fill*         0x20000aac        0x4 
                [!provide]                        PROVIDE (end = .)
                0x20000ab0                        PROVIDE (_end = .)
                0x20000cb0                        . = (. + _Min_Heap_Size)
 *fill*         0x20000ab0      0x200 
                0x200010b0                        . = (. + _Min_Stack_Size)
 *fill*         0x20000cb0      0x400 
                0x200010b0                        . = ALIGN (0x8)

/DISCARD/
 libc.a(*)
 libm.a(*)
 libgcc.a(*)

.ARM.attributes
                0x00000000       0x36
 *(.ARM.attributes)
 .ARM.attributes
                0x00000000       0x26 C:/Program Files/STM32CubeIDE_2.1.1/STM32CubeIDE/plugins/com.st.stm32cube.ide.mcu.externaltools.gnu-tools-for-stm32.14.3.rel1.win32_1.0.100.202602081740/tools/bin/../lib/gcc/arm-none-eabi/14.3.1/thumb/v8-m.main+fp/hard/crti.o
 .ARM.attributes
                0x00000026       0x38 C:/Program Files/STM32CubeIDE_2.1.1/STM32CubeIDE/plugins/com.st.stm32cube.ide.mcu.externaltools.gnu-tools-for-stm32.14.3.rel1.win32_1.0.100.202602081740/tools/bin/../lib/gcc/arm-none-eabi/14.3.1/thumb/v8-m.main+fp/hard/crtbegin.o
 .ARM.attributes
                0x0000005e       0x3a ./Core/Src/app/app.o
 .ARM.attributes
                0x00000098       0x3a ./Core/Src/board/board.o
 .ARM.attributes