../Drivers/BSP/STM32H5xx_Nucleo/stm32h5xx_nucleo.c:140:9:BSP_GetVersion	4	static
../Drivers/BSP/STM32H5xx_Nucleo/stm32h5xx_nucleo.c:149:16:BSP_GetBoardName	4	static
../Drivers/BSP/STM32H5xx_Nucleo/stm32h5xx_nucleo.c:158:16:BSP_GetBoardID	4	static
../Drivers/BSP/STM32H5xx_Nucleo/stm32h5xx_nucleo.c:173:9:BSP_LED_Init	56	static
../Drivers/BSP/STM32H5xx_Nucleo/stm32h5xx_nucleo.c:227:9:BSP_LED_DeInit	40	static
../Drivers/BSP/STM32H5xx_Nucleo/stm32h5xx_nucleo.c:261:9:BSP_LED_On	24	static
../Drivers/BSP/STM32H5xx_Nucleo/stm32h5xx_nucleo.c:290:9:BSP_LED_Off	24	static
../Drivers/BSP/STM32H5xx_Nucleo/stm32h5xx_nucleo.c:319:9:BSP_LED_Toggle	24	static
../Drivers/BSP/STM32H5xx_Nucleo/stm32h5xx_nucleo.c:348:9:BSP_LED_GetState	24	static
../Drivers/BSP/STM32H5xx_Nucleo/stm32h5xx_nucleo.c:379:9:BSP_PB_Init	40	static
../Drivers/BSP/STM32H5xx_Nucleo/stm32h5xx_nucleo.c:424:9:BSP_PB_DeInit	40	static
../Drivers/BSP/STM32H5xx_Nucleo/stm32h5xx_nucleo.c:442:9:BSP_PB_GetState	16	static
../Drivers/BSP/STM32H5xx_Nucleo/stm32h5xx_nucleo.c:452:6:BSP_PB_IRQHandler	16	static
../Drivers/BSP/STM32H5xx_Nucleo/stm32h5xx_nucleo.c:462:13:BSP_PB_Callback	16	static
../Drivers/BSP/STM32H5xx_Nucleo/stm32h5xx_nucleo.c:480:9:BSP_COM_Init	24	static
../Drivers/BSP/STM32H5xx_Nucleo/stm32h5xx_nucleo.c:518:9:BSP_COM_DeInit	24	static
../Drivers/BSP/STM32H5xx_Nucleo/stm32h5xx_nucleo.c:551:26:MX_USART_Init	16	static
../Drivers/BSP/STM32H5xx_Nucleo/stm32h5xx_nucleo.c:649:9:BSP_COM_SelectLogPort	16	static
../Drivers/BSP/STM32H5xx_Nucleo/stm32h5xx_nucleo.c:676:1:__io_putchar	16	static
../Drivers/BSP/STM32H5xx_Nucleo/stm32h5xx_nucleo.c:695:13:BUTTON_USER_EXTI_Callback	8	static
../Drivers/BSP/STM32H5xx_Nucleo/stm32h5xx_nucleo.c:706:13:COM1_MspInit	48	static
../Drivers/BSP/STM32H5xx_Nucleo/stm32h5xx_nucleo.c:740:13:COM1_MspDeInit	40	static
